Archive member included to satisfy reference by file (symbol)

c:/progra~2/gnuarm~1/102021~1.10/bin/../lib/gcc/arm-none-eabi/10.3.1/thumb/v6-m/nofp\libgcc.a(_dvmd_tls.o)
                              CMakeFiles/UART.dir/C_/Users/taehy/Desktop/RaspberryPi/pico-sdk/src/rp2_common/pico_divider/divider.S.obj (__aeabi_idiv0)
c:/progra~2/gnuarm~1/102021~1.10/bin/../lib/gcc/arm-none-eabi/10.3.1/../../../../arm-none-eabi/lib/thumb/v6-m/nofp\libc.a(lib_a-calloc.o)
                              CMakeFiles/UART.dir/C_/Users/taehy/Desktop/RaspberryPi/pico-sdk/src/rp2_common/pico_malloc/pico_malloc.c.obj (calloc)
c:/progra~2/gnuarm~1/102021~1.10/bin/../lib/gcc/arm-none-eabi/10.3.1/../../../../arm-none-eabi/lib/thumb/v6-m/nofp\libc.a(lib_a-callocr.o)
                              c:/progra~2/gnuarm~1/102021~1.10/bin/../lib/gcc/arm-none-eabi/10.3.1/../../../../arm-none-eabi/lib/thumb/v6-m/nofp\libc.a(lib_a-calloc.o) (_calloc_r)
c:/progra~2/gnuarm~1/102021~1.10/bin/../lib/gcc/arm-none-eabi/10.3.1/../../../../arm-none-eabi/lib/thumb/v6-m/nofp\libc.a(lib_a-errno.o)
                              c:/progra~2/gnuarm~1/102021~1.10/bin/../lib/gcc/arm-none-eabi/10.3.1/../../../../arm-none-eabi/lib/thumb/v6-m/nofp\libc.a(lib_a-callocr.o) (__errno)
c:/progra~2/gnuarm~1/102021~1.10/bin/../lib/gcc/arm-none-eabi/10.3.1/../../../../arm-none-eabi/lib/thumb/v6-m/nofp\libc.a(lib_a-impure.o)
                              c:/progra~2/gnuarm~1/102021~1.10/bin/../lib/gcc/arm-none-eabi/10.3.1/../../../../arm-none-eabi/lib/thumb/v6-m/nofp\libc.a(lib_a-calloc.o) (_impure_ptr)
c:/progra~2/gnuarm~1/102021~1.10/bin/../lib/gcc/arm-none-eabi/10.3.1/../../../../arm-none-eabi/lib/thumb/v6-m/nofp\libc.a(lib_a-init.o)
                              c:/progra~2/gnuarm~1/102021~1.10/bin/../lib/gcc/arm-none-eabi/10.3.1/../../../../arm-none-eabi/lib/thumb/v6-m/nofp/crt0.o (__libc_init_array)
c:/progra~2/gnuarm~1/102021~1.10/bin/../lib/gcc/arm-none-eabi/10.3.1/../../../../arm-none-eabi/lib/thumb/v6-m/nofp\libc.a(lib_a-malloc.o)
                              CMakeFiles/UART.dir/C_/Users/taehy/Desktop/RaspberryPi/pico-sdk/src/rp2_common/pico_malloc/pico_malloc.c.obj (malloc)
c:/progra~2/gnuarm~1/102021~1.10/bin/../lib/gcc/arm-none-eabi/10.3.1/../../../../arm-none-eabi/lib/thumb/v6-m/nofp\libc.a(lib_a-mallocr.o)
                              c:/progra~2/gnuarm~1/102021~1.10/bin/../lib/gcc/arm-none-eabi/10.3.1/../../../../arm-none-eabi/lib/thumb/v6-m/nofp\libc.a(lib_a-callocr.o) (_malloc_r)
c:/progra~2/gnuarm~1/102021~1.10/bin/../lib/gcc/arm-none-eabi/10.3.1/../../../../arm-none-eabi/lib/thumb/v6-m/nofp\libc.a(lib_a-mlock.o)
                              c:/progra~2/gnuarm~1/102021~1.10/bin/../lib/gcc/arm-none-eabi/10.3.1/../../../../arm-none-eabi/lib/thumb/v6-m/nofp\libc.a(lib_a-mallocr.o) (__malloc_lock)
c:/progra~2/gnuarm~1/102021~1.10/bin/../lib/gcc/arm-none-eabi/10.3.1/../../../../arm-none-eabi/lib/thumb/v6-m/nofp\libc.a(lib_a-sbrkr.o)
                              c:/progra~2/gnuarm~1/102021~1.10/bin/../lib/gcc/arm-none-eabi/10.3.1/../../../../arm-none-eabi/lib/thumb/v6-m/nofp\libc.a(lib_a-mallocr.o) (_sbrk_r)
c:/progra~2/gnuarm~1/102021~1.10/bin/../lib/gcc/arm-none-eabi/10.3.1/../../../../arm-none-eabi/lib/thumb/v6-m/nofp\libc.a(lib_a-strlen-stub.o)
                              CMakeFiles/UART.dir/C_/Users/taehy/Desktop/RaspberryPi/pico-sdk/src/rp2_common/pico_stdio/stdio.c.obj (strlen)
c:/progra~2/gnuarm~1/102021~1.10/bin/../lib/gcc/arm-none-eabi/10.3.1/../../../../arm-none-eabi/lib/thumb/v6-m/nofp\libc.a(lib_a-freer.o)
                              c:/progra~2/gnuarm~1/102021~1.10/bin/../lib/gcc/arm-none-eabi/10.3.1/../../../../arm-none-eabi/lib/thumb/v6-m/nofp\libc.a(lib_a-malloc.o) (_free_r)
c:/progra~2/gnuarm~1/102021~1.10/bin/../lib/gcc/arm-none-eabi/10.3.1/../../../../arm-none-eabi/lib/thumb/v6-m/nofp\libc.a(lib_a-lock.o)
                              c:/progra~2/gnuarm~1/102021~1.10/bin/../lib/gcc/arm-none-eabi/10.3.1/../../../../arm-none-eabi/lib/thumb/v6-m/nofp\libc.a(lib_a-mlock.o) (__retarget_lock_acquire_recursive)
c:/progra~2/gnuarm~1/102021~1.10/bin/../lib/gcc/arm-none-eabi/10.3.1/../../../../arm-none-eabi/lib/thumb/v6-m/nofp\libc.a(lib_a-reent.o)
                              c:/progra~2/gnuarm~1/102021~1.10/bin/../lib/gcc/arm-none-eabi/10.3.1/../../../../arm-none-eabi/lib/thumb/v6-m/nofp\libc.a(lib_a-sbrkr.o) (errno)

Discarded input sections

 .text          0x00000000        0x0 c:/progra~2/gnuarm~1/102021~1.10/bin/../lib/gcc/arm-none-eabi/10.3.1/thumb/v6-m/nofp/crti.o
 .data          0x00000000        0x0 c:/progra~2/gnuarm~1/102021~1.10/bin/../lib/gcc/arm-none-eabi/10.3.1/thumb/v6-m/nofp/crti.o
 .bss           0x00000000        0x0 c:/progra~2/gnuarm~1/102021~1.10/bin/../lib/gcc/arm-none-eabi/10.3.1/thumb/v6-m/nofp/crti.o
 .data          0x00000000        0x4 c:/progra~2/gnuarm~1/102021~1.10/bin/../lib/gcc/arm-none-eabi/10.3.1/thumb/v6-m/nofp/crtbegin.o
[...]
Memory Configuration

Name             Origin             Length             Attributes
FLASH            0x10000000         0x00200000         xr
RAM              0x20000000         0x00040000         xrw
SCRATCH_X        0x20040000         0x00001000         xrw
SCRATCH_Y        0x20041000         0x00001000         xrw
*default*        0x00000000         0xffffffff

Linker script and memory map

LOAD c:/progra~2/gnuarm~1/102021~1.10/bin/../lib/gcc/arm-none-eabi/10.3.1/thumb/v6-m/nofp/crti.o
LOAD c:/progra~2/gnuarm~1/102021~1.10/bin/../lib/gcc/arm-none-eabi/10.3.1/thumb/v6-m/nofp/crtbegin.o
LOAD c:/progra~2/gnuarm~1/102021~1.10/bin/../lib/gcc/arm-none-eabi/10.3.1/../../../../arm-none-eabi/lib/thumb/v6-m/nofp/crt0.o

.flash_begin    0x10000000        0x0
                0x10000000                __flash_binary_start = .

.boot2          0x10000000      0x100
                0x10000000                __boot2_start__ = .
 *(.boot2)
 .boot2         0x10000000      0x100 C:\Users\taehy\AppData\Local\Temp\ccyKGJ9c.o
                0x10000100                __boot2_end__ = .
                0x00000001                ASSERT (((__boot2_end__ - __boot2_start__) == 0x100), ERROR: Pico second stage bootloader must be 256 bytes in size)

.text           0x10000100     0x8458
                0x10000100                __logical_binary_start = .
 *(.vectors)
 .vectors       0x10000100       0xd4 CMakeFiles/UART.dir/C_/Users/taehy/Desktop/RaspberryPi/pico-sdk/src/rp2_common/pico_standard_link/crt0.S.obj
                0x10000100                __VECTOR_TABLE
                0x10000100                __vectors
                0x100001c0                isr_invalid
                0x100001c0                __default_isrs_start
                0x100001c2                isr_nmi
                0x100001c4                isr_hardfault
                0x100001c6                isr_svcall
                0x100001c8                isr_pendsv
                0x100001ca                isr_systick
                0x100001cc                isr_irq23
                0x100001cc                isr_irq18
                0x100001cc                isr_irq11
                0x100001cc                isr_irq28
                0x100001cc                isr_irq19
                0x100001cc                isr_irq0
                0x100001cc                isr_irq6
                0x100001cc                isr_irq5
                0x100001cc                isr_irq12
                0x100001cc                isr_irq22
                0x100001cc                isr_irq31
                0x100001cc                isr_irq17
                0x100001cc                isr_irq27
                0x100001cc                isr_irq30
                0x100001cc                isr_irq2
                0x100001cc                isr_irq10
                0x100001cc                isr_irq8
                0x100001cc                isr_irq24
                0x100001cc                isr_irq1
                0x100001cc                isr_irq7
                0x100001cc                isr_irq21
                0x100001cc                isr_irq20
                0x100001cc                isr_irq15
                0x100001cc                isr_irq25
                0x100001cc                isr_irq13
                0x100001cc                __unhandled_user_irq
                0x100001cc                isr_irq4
                0x100001cc                isr_irq16
                0x100001cc                isr_irq29
                0x100001cc                isr_irq26
                0x100001cc                __default_isrs_end
                0x100001cc                isr_irq3
                0x100001cc                isr_irq14
                0x100001cc                isr_irq9
                0x100001d2                unhandled_user_irq_num_in_r0
 *(.binary_info_header)
 .binary_info_header
                0x100001d4       0x14 CMakeFiles/UART.dir/C_/Users/taehy/Desktop/RaspberryPi/pico-sdk/src/rp2_common/pico_standard_link/crt0.S.obj
                0x100001e8                __binary_info_header_end = .
 *(.reset)
 .reset         0x100001e8       0xa8 CMakeFiles/UART.dir/C_/Users/taehy/Desktop/RaspberryPi/pico-sdk/src/rp2_common/pico_standard_link/crt0.S.obj
                0x100001e8                _entry_point
                0x10000266                __get_current_exception
 .reset         0x10000290       0x30 CMakeFiles/UART.dir/C_/Users/taehy/Desktop/RaspberryPi/pico-sdk/src/rp2_common/pico_standard_link/binary_info.c.obj
 *(.init)
 .init          0x100002c0        0x4 c:/progra~2/gnuarm~1/102021~1.10/bin/../lib/gcc/arm-none-eabi/10.3.1/thumb/v6-m/nofp/crti.o
                0x100002c0                _init
 *(EXCLUDE_FILE(*libm.a: *libc.a:*lib_a-mem*.o *libgcc.a:) .text*)
 .text          0x100002c4       0x48 c:/progra~2/gnuarm~1/102021~1.10/bin/../lib/gcc/arm-none-eabi/10.3.1/thumb/v6-m/nofp/crtbegin.o
 .text.vBlinkTask1
                0x1000030c       0x1c CMakeFiles/UART.dir/main.c.obj
                0x1000030c                vBlinkTask1
 .text.vUART    0x10000328       0x1c CMakeFiles/UART.dir/main.c.obj
                0x10000328                vUART
 .text.startup.main
                0x10000344       0x54 CMakeFiles/UART.dir/main.c.obj
                0x10000344                main
 .text.gpio_init
                0x10000398       0x3c CMakeFiles/UART.dir/C_/Users/taehy/Desktop/RaspberryPi/pico-sdk/src/rp2_common/hardware_gpio/gpio.c.obj
                0x10000398                gpio_init
 .text.hw_claim_or_assert
                0x100003d4       0x44 CMakeFiles/UART.dir/C_/Users/taehy/Desktop/RaspberryPi/pico-sdk/src/rp2_common/hardware_claim/claim.c.obj
                0x100003d4                hw_claim_or_assert
 .text.hw_claim_unused_from_range
                0x10000418       0x9c CMakeFiles/UART.dir/C_/Users/taehy/Desktop/RaspberryPi/pico-sdk/src/rp2_common/hardware_claim/claim.c.obj
                0x10000418                hw_claim_unused_from_range
 .text.running_on_fpga
                0x100004b4       0x10 CMakeFiles/UART.dir/C_/Users/taehy/Desktop/RaspberryPi/pico-sdk/src/rp2_common/pico_platform/platform.c.obj
                0x100004b4                running_on_fpga
 .text.spin_locks_reset
                0x100004c4       0x1c CMakeFiles/UART.dir/C_/Users/taehy/Desktop/RaspberryPi/pico-sdk/src/rp2_common/hardware_sync/sync.c.obj
                0x100004c4                spin_locks_reset
 .text.next_striped_spin_lock_num
                0x100004e0       0x18 CMakeFiles/UART.dir/C_/Users/taehy/Desktop/RaspberryPi/pico-sdk/src/rp2_common/hardware_sync/sync.c.obj
                0x100004e0                next_striped_spin_lock_num
 .text.spin_lock_claim
                0x100004f8       0x18 CMakeFiles/UART.dir/C_/Users/taehy/Desktop/RaspberryPi/pico-sdk/src/rp2_common/hardware_sync/sync.c.obj
                0x100004f8                spin_lock_claim
 .text.spin_lock_claim_unused
                0x10000510       0x20 CMakeFiles/UART.dir/C_/Users/taehy/Desktop/RaspberryPi/pico-sdk/src/rp2_common/hardware_sync/sync.c.obj
                0x10000510                spin_lock_claim_unused
 .text.timer_pool_entry_comparator
                0x10000530       0x34 CMakeFiles/UART.dir/C_/Users/taehy/Desktop/RaspberryPi/pico-sdk/src/common/pico_time/time.c.obj
                0x10000530                timer_pool_entry_comparator
 .text.sleep_until_callback
                0x10000564       0x24 CMakeFiles/UART.dir/C_/Users/taehy/Desktop/RaspberryPi/pico-sdk/src/common/pico_time/time.c.obj
 .text.add_alarm_under_lock.isra.0
                0x10000588      0x100 CMakeFiles/UART.dir/C_/Users/taehy/Desktop/RaspberryPi/pico-sdk/src/common/pico_time/time.c.obj
 .text.alarm_pool_alarm_callback
                0x10000688      0x1c8 CMakeFiles/UART.dir/C_/Users/taehy/Desktop/RaspberryPi/pico-sdk/src/common/pico_time/time.c.obj
 .text.alarm_pool_add_alarm_at.constprop.0
                0x10000850      0x11c CMakeFiles/UART.dir/C_/Users/taehy/Desktop/RaspberryPi/pico-sdk/src/common/pico_time/time.c.obj
 .text.alarm_pool_init_default
                0x1000096c       0x64 CMakeFiles/UART.dir/C_/Users/taehy/Desktop/RaspberryPi/pico-sdk/src/common/pico_time/time.c.obj
                0x1000096c                alarm_pool_init_default
 .text.alarm_pool_get_default
                0x100009d0        0x8 CMakeFiles/UART.dir/C_/Users/taehy/Desktop/RaspberryPi/pico-sdk/src/common/pico_time/time.c.obj
                0x100009d0                alarm_pool_get_default
 .text.alarm_pool_add_alarm_at
                0x100009d8      0x194 CMakeFiles/UART.dir/C_/Users/taehy/Desktop/RaspberryPi/pico-sdk/src/common/pico_time/time.c.obj
                0x100009d8                alarm_pool_add_alarm_at
 .text.sleep_until
                0x10000b6c       0xa4 CMakeFiles/UART.dir/C_/Users/taehy/Desktop/RaspberryPi/pico-sdk/src/common/pico_time/time.c.obj
                0x10000b6c                sleep_until
 .text.sleep_ms
                0x10000c10       0x38 CMakeFiles/UART.dir/C_/Users/taehy/Desktop/RaspberryPi/pico-sdk/src/common/pico_time/time.c.obj
                0x10000c10                sleep_ms
 .text.best_effort_wfe_or_timeout
                0x10000c48       0xd4 CMakeFiles/UART.dir/C_/Users/taehy/Desktop/RaspberryPi/pico-sdk/src/common/pico_time/time.c.obj
                0x10000c48                best_effort_wfe_or_timeout
 .text.hardware_alarm_irq_handler
                0x10000d1c       0xb8 CMakeFiles/UART.dir/C_/Users/taehy/Desktop/RaspberryPi/pico-sdk/src/rp2_common/hardware_timer/timer.c.obj
 .text.hardware_alarm_claim
                0x10000dd4       0x18 CMakeFiles/UART.dir/C_/Users/taehy/Desktop/RaspberryPi/pico-sdk/src/rp2_common/hardware_timer/timer.c.obj
                0x10000dd4                hardware_alarm_claim
 .text.time_us_64
                0x10000dec       0x14 CMakeFiles/UART.dir/C_/Users/taehy/Desktop/RaspberryPi/pico-sdk/src/rp2_common/hardware_timer/timer.c.obj
                0x10000dec                time_us_64
 .text.busy_wait_until
                0x10000e00       0x20 CMakeFiles/UART.dir/C_/Users/taehy/Desktop/RaspberryPi/pico-sdk/src/rp2_common/hardware_timer/timer.c.obj
                0x10000e00                busy_wait_until
 .text.hardware_alarm_set_callback
                0x10000e20       0x8c CMakeFiles/UART.dir/C_/Users/taehy/Desktop/RaspberryPi/pico-sdk/src/rp2_common/hardware_timer/timer.c.obj
                0x10000e20                hardware_alarm_set_callback
 .text.hardware_alarm_set_target
                0x10000eac       0xe0 CMakeFiles/UART.dir/C_/Users/taehy/Desktop/RaspberryPi/pico-sdk/src/rp2_common/hardware_timer/timer.c.obj
                0x10000eac                hardware_alarm_set_target
 .text.hardware_alarm_cancel
                0x10000f8c       0x3c CMakeFiles/UART.dir/C_/Users/taehy/Desktop/RaspberryPi/pico-sdk/src/rp2_common/hardware_timer/timer.c.obj
                0x10000f8c                hardware_alarm_cancel
 .text.lock_init
                0x10000fc8       0x10 CMakeFiles/UART.dir/C_/Users/taehy/Desktop/RaspberryPi/pico-sdk/src/common/pico_sync/lock_core.c.obj
                0x10000fc8                lock_init
 .text.mutex_init
                0x10000fd8       0x1c CMakeFiles/UART.dir/C_/Users/taehy/Desktop/RaspberryPi/pico-sdk/src/common/pico_sync/mutex.c.obj
                0x10000fd8                mutex_init
 .text.recursive_mutex_init
                0x10000ff4       0x20 CMakeFiles/UART.dir/C_/Users/taehy/Desktop/RaspberryPi/pico-sdk/src/common/pico_sync/mutex.c.obj
                0x10000ff4                recursive_mutex_init
 .text.critical_section_init
                0x10001014       0x20 CMakeFiles/UART.dir/C_/Users/taehy/Desktop/RaspberryPi/pico-sdk/src/common/pico_sync/critical_section.c.obj
                0x10001014                critical_section_init
 .text.ph_merge_nodes
                0x10001034       0x68 CMakeFiles/UART.dir/C_/Users/taehy/Desktop/RaspberryPi/pico-sdk/src/common/pico_util/pheap.c.obj
 .text.ph_post_alloc_init
                0x1000109c       0x3c CMakeFiles/UART.dir/C_/Users/taehy/Desktop/RaspberryPi/pico-sdk/src/common/pico_util/pheap.c.obj
                0x1000109c                ph_post_alloc_init
 .text.ph_merge_two_pass
                0x100010d8       0x90 CMakeFiles/UART.dir/C_/Users/taehy/Desktop/RaspberryPi/pico-sdk/src/common/pico_util/pheap.c.obj
                0x100010d8                ph_merge_two_pass
 .text.ph_remove_any_head
                0x10001168       0xf8 CMakeFiles/UART.dir/C_/Users/taehy/Desktop/RaspberryPi/pico-sdk/src/common/pico_util/pheap.c.obj
 .text.ph_remove_head
                0x10001260       0xfc CMakeFiles/UART.dir/C_/Users/taehy/Desktop/RaspberryPi/pico-sdk/src/common/pico_util/pheap.c.obj
                0x10001260                ph_remove_head
 .text.ph_remove_and_free_node
                0x1000135c       0x7c CMakeFiles/UART.dir/C_/Users/taehy/Desktop/RaspberryPi/pico-sdk/src/common/pico_util/pheap.c.obj
                0x1000135c                ph_remove_and_free_node
 .text.runtime_init
                0x100013d8       0xf0 CMakeFiles/UART.dir/C_/Users/taehy/Desktop/RaspberryPi/pico-sdk/src/rp2_common/pico_runtime/runtime.c.obj
                0x100013d8                runtime_init
 .text.exit     0x100014c8        0x4 CMakeFiles/UART.dir/C_/Users/taehy/Desktop/RaspberryPi/pico-sdk/src/rp2_common/pico_runtime/runtime.c.obj
                0x100014c8                exit
 .text.panic    0x100014cc       0x30 CMakeFiles/UART.dir/C_/Users/taehy/Desktop/RaspberryPi/pico-sdk/src/rp2_common/pico_runtime/runtime.c.obj
                0x100014cc                panic
 .text.panic_unsupported
                0x100014fc        0xc CMakeFiles/UART.dir/C_/Users/taehy/Desktop/RaspberryPi/pico-sdk/src/rp2_common/pico_runtime/runtime.c.obj
                0x100014fc                panic_unsupported
 .text.hard_assertion_failure
                0x10001508        0xc CMakeFiles/UART.dir/C_/Users/taehy/Desktop/RaspberryPi/pico-sdk/src/rp2_common/pico_runtime/runtime.c.obj
                0x10001508                hard_assertion_failure
 .text.clocks_init
                0x10001514      0x2bc CMakeFiles/UART.dir/C_/Users/taehy/Desktop/RaspberryPi/pico-sdk/src/rp2_common/hardware_clocks/clocks.c.obj
                0x10001514                clocks_init
 .text.clock_get_hz
                0x100017d0        0xc CMakeFiles/UART.dir/C_/Users/taehy/Desktop/RaspberryPi/pico-sdk/src/rp2_common/hardware_clocks/clocks.c.obj
                0x100017d0                clock_get_hz
 .text.irq_set_enabled
                0x100017dc       0x24 CMakeFiles/UART.dir/C_/Users/taehy/Desktop/RaspberryPi/pico-sdk/src/rp2_common/hardware_irq/irq.c.obj
                0x100017dc                irq_set_enabled
 .text.irq_is_enabled
                0x10001800       0x18 CMakeFiles/UART.dir/C_/Users/taehy/Desktop/RaspberryPi/pico-sdk/src/rp2_common/hardware_irq/irq.c.obj
                0x10001800                irq_is_enabled
 .text.irq_set_pending
                0x10001818       0x10 CMakeFiles/UART.dir/C_/Users/taehy/Desktop/RaspberryPi/pico-sdk/src/rp2_common/hardware_irq/irq.c.obj
                0x10001818                irq_set_pending
 .text.irq_get_vtable_handler
                0x10001828       0x10 CMakeFiles/UART.dir/C_/Users/taehy/Desktop/RaspberryPi/pico-sdk/src/rp2_common/hardware_irq/irq.c.obj
                0x10001828                irq_get_vtable_handler
 .text.irq_set_exclusive_handler
                0x10001838       0x54 CMakeFiles/UART.dir/C_/Users/taehy/Desktop/RaspberryPi/pico-sdk/src/rp2_common/hardware_irq/irq.c.obj
                0x10001838                irq_set_exclusive_handler
 .text.irq_remove_handler
                0x1000188c      0x1b4 CMakeFiles/UART.dir/C_/Users/taehy/Desktop/RaspberryPi/pico-sdk/src/rp2_common/hardware_irq/irq.c.obj
                0x1000188c                irq_remove_handler
 .text.irq_set_priority
                0x10001a40       0x28 CMakeFiles/UART.dir/C_/Users/taehy/Desktop/RaspberryPi/pico-sdk/src/rp2_common/hardware_irq/irq.c.obj
                0x10001a40                irq_set_priority
 .text.irq_add_tail_to_free_list
                0x10001a68       0xb4 CMakeFiles/UART.dir/C_/Users/taehy/Desktop/RaspberryPi/pico-sdk/src/rp2_common/hardware_irq/irq.c.obj
                0x10001a68                irq_add_tail_to_free_list
 .text.irq_init_priorities
                0x10001b1c       0x24 CMakeFiles/UART.dir/C_/Users/taehy/Desktop/RaspberryPi/pico-sdk/src/rp2_common/hardware_irq/irq.c.obj
                0x10001b1c                irq_init_priorities
 .text.pll_init
                0x10001b40       0xb0 CMakeFiles/UART.dir/C_/Users/taehy/Desktop/RaspberryPi/pico-sdk/src/rp2_common/hardware_pll/pll.c.obj
                0x10001b40                pll_init
 .text.watchdog_start_tick
                0x10001bf0       0x10 CMakeFiles/UART.dir/C_/Users/taehy/Desktop/RaspberryPi/pico-sdk/src/rp2_common/hardware_watchdog/watchdog.c.obj
                0x10001bf0                watchdog_start_tick
 .text.watchdog_reboot
                0x10001c00       0x98 CMakeFiles/UART.dir/C_/Users/taehy/Desktop/RaspberryPi/pico-sdk/src/rp2_common/hardware_watchdog/watchdog.c.obj
                0x10001c00                watchdog_reboot
 .text.xosc_init
                0x10001c98       0x28 CMakeFiles/UART.dir/C_/Users/taehy/Desktop/RaspberryPi/pico-sdk/src/rp2_common/hardware_xosc/xosc.c.obj
                0x10001c98                xosc_init
 .text._out_char
                0x10001cc0       0x10 CMakeFiles/UART.dir/C_/Users/taehy/Desktop/RaspberryPi/pico-sdk/src/rp2_common/pico_printf/printf.c.obj
 .text.weak_raw_vprintf
                0x10001cd0       0x30 CMakeFiles/UART.dir/C_/Users/taehy/Desktop/RaspberryPi/pico-sdk/src/rp2_common/pico_printf/printf.c.obj
                0x10001cd0                weak_raw_vprintf
 .text          0x10001d00       0x10 CMakeFiles/UART.dir/C_/Users/taehy/Desktop/RaspberryPi/pico-sdk/src/rp2_common/pico_bit_ops/bit_ops_aeabi.S.obj
 .text.clzsi    0x10001d10        0xc CMakeFiles/UART.dir/C_/Users/taehy/Desktop/RaspberryPi/pico-sdk/src/rp2_common/pico_bit_ops/bit_ops_aeabi.S.obj
                0x10001d10                __wrap___clzsi2
                0x10001d10                __wrap___clzl
                0x10001d10                __wrap___clz
 .text.rom_func_lookup
                0x10001d1c       0x10 CMakeFiles/UART.dir/C_/Users/taehy/Desktop/RaspberryPi/pico-sdk/src/rp2_common/pico_bootrom/bootrom.c.obj
                0x10001d1c                rom_func_lookup
 .text.rom_data_lookup
                0x10001d2c       0x10 CMakeFiles/UART.dir/C_/Users/taehy/Desktop/RaspberryPi/pico-sdk/src/rp2_common/pico_bootrom/bootrom.c.obj
                0x10001d2c                rom_data_lookup
 .text.rom_funcs_lookup
                0x10001d3c       0x44 CMakeFiles/UART.dir/C_/Users/taehy/Desktop/RaspberryPi/pico-sdk/src/rp2_common/pico_bootrom/bootrom.c.obj
                0x10001d3c                rom_funcs_lookup
 .text.__wrap___aeabi_uidiv
                0x10001d80       0x4c CMakeFiles/UART.dir/C_/Users/taehy/Desktop/RaspberryPi/pico-sdk/src/rp2_common/pico_divider/divider.S.obj
                0x10001d80                __wrap___aeabi_uidiv
                0x10001d80                __wrap___aeabi_uidivmod
                0x10001d80                div_u32u32
                0x10001d80                divmod_u32u32
                0x10001d88                divmod_u32u32_unsafe
                0x10001db0                divmod_u32u32_savestate
 .text.__wrap___aeabi_ldiv
                0x10001dcc      0x434 CMakeFiles/UART.dir/C_/Users/taehy/Desktop/RaspberryPi/pico-sdk/src/rp2_common/pico_divider/divider.S.obj
                0x10001dcc                div_s64s64
                0x10001dcc                divmod_s64s64
                0x10001dcc                __wrap___aeabi_ldivmod
                0x10001e04                divmod_u64u64
                0x10001e04                div_u64u64
                0x10001e04                __wrap___aeabi_uldivmod
                0x10001e14                divmod_u64u64_savestate
                0x10001e3c                divmod_s64s64_unsafe
                0x10001ec4                divmod_u64u64_unsafe
 .text.__aeabi_double_init
                0x10002200       0x94 CMakeFiles/UART.dir/C_/Users/taehy/Desktop/RaspberryPi/pico-sdk/src/rp2_common/pico_double/double_init_rom.c.obj
                0x10002200                __aeabi_double_init
 .text.double_table_shim_on_use_helper
                0x10002294       0x2c CMakeFiles/UART.dir/C_/Users/taehy/Desktop/RaspberryPi/pico-sdk/src/rp2_common/pico_double/double_v1_rom_shim.S.obj
                0x10002294                double_table_shim_on_use_helper
 .text.__aeabi_lmul
                0x100022c0       0x32 CMakeFiles/UART.dir/C_/Users/taehy/Desktop/RaspberryPi/pico-sdk/src/rp2_common/pico_int64_ops/pico_int64_ops_aeabi.S.obj
                0x100022c0                __wrap___aeabi_lmul
 *fill*         0x100022f2        0x2 
 .text.__aeabi_float_init
                0x100022f4       0x64 CMakeFiles/UART.dir/C_/Users/taehy/Desktop/RaspberryPi/pico-sdk/src/rp2_common/pico_float/float_init_rom.c.obj
                0x100022f4                __aeabi_float_init
 .text.float_table_shim_on_use_helper
                0x10002358       0x2c CMakeFiles/UART.dir/C_/Users/taehy/Desktop/RaspberryPi/pico-sdk/src/rp2_common/pico_float/float_v1_rom_shim.S.obj
                0x10002358                float_table_shim_on_use_helper
 .text          0x10002384       0x10 CMakeFiles/UART.dir/C_/Users/taehy/Desktop/RaspberryPi/pico-sdk/src/rp2_common/pico_mem_ops/mem_ops_aeabi.S.obj
                0x10002384                __aeabi_mem_init
 .text.memset   0x10002394        0xc CMakeFiles/UART.dir/C_/Users/taehy/Desktop/RaspberryPi/pico-sdk/src/rp2_common/pico_mem_ops/mem_ops_aeabi.S.obj
                0x10002394                __wrap_memset
 .text.memcpy   0x100023a0        0xc CMakeFiles/UART.dir/C_/Users/taehy/Desktop/RaspberryPi/pico-sdk/src/rp2_common/pico_mem_ops/mem_ops_aeabi.S.obj
                0x100023a0                __wrap_memcpy
                0x100023a0                __wrap___aeabi_memcpy
 .text.stdio_out_chars_no_crlf
                0x100023ac       0x10 CMakeFiles/UART.dir/C_/Users/taehy/Desktop/RaspberryPi/pico-sdk/src/rp2_common/pico_stdio/stdio.c.obj
 .text.stdio_out_chars_crlf
                0x100023bc       0xb4 CMakeFiles/UART.dir/C_/Users/taehy/Desktop/RaspberryPi/pico-sdk/src/rp2_common/pico_stdio/stdio.c.obj
 .text.stdio_put_string.isra.0
                0x10002470       0xf8 CMakeFiles/UART.dir/C_/Users/taehy/Desktop/RaspberryPi/pico-sdk/src/rp2_common/pico_stdio/stdio.c.obj
 .text.__wrap_putchar
                0x10002568       0xa0 CMakeFiles/UART.dir/C_/Users/taehy/Desktop/RaspberryPi/pico-sdk/src/rp2_common/pico_stdio/stdio.c.obj
                0x10002568                __wrap_putchar
 .text.__wrap_puts
                0x10002608       0x3c CMakeFiles/UART.dir/C_/Users/taehy/Desktop/RaspberryPi/pico-sdk/src/rp2_common/pico_stdio/stdio.c.obj
                0x10002608                __wrap_puts
 .text.stdio_set_driver_enabled
                0x10002644       0x30 CMakeFiles/UART.dir/C_/Users/taehy/Desktop/RaspberryPi/pico-sdk/src/rp2_common/pico_stdio/stdio.c.obj
                0x10002644                stdio_set_driver_enabled
 .text.stdio_init_all
                0x10002674        0x8 CMakeFiles/UART.dir/C_/Users/taehy/Desktop/RaspberryPi/pico-sdk/src/rp2_common/pico_stdio/stdio.c.obj
                0x10002674                stdio_init_all
 .text.resetd_init
                0x1000267c        0x4 CMakeFiles/UART.dir/C_/Users/taehy/Desktop/RaspberryPi/pico-sdk/src/rp2_common/pico_stdio_usb/reset_interface.c.obj
 .text.resetd_reset
                0x10002680        0xc CMakeFiles/UART.dir/C_/Users/taehy/Desktop/RaspberryPi/pico-sdk/src/rp2_common/pico_stdio_usb/reset_interface.c.obj
 .text.resetd_open
                0x1000268c       0x28 CMakeFiles/UART.dir/C_/Users/taehy/Desktop/RaspberryPi/pico-sdk/src/rp2_common/pico_stdio_usb/reset_interface.c.obj
 .text.resetd_xfer_cb
                0x100026b4        0x4 CMakeFiles/UART.dir/C_/Users/taehy/Desktop/RaspberryPi/pico-sdk/src/rp2_common/pico_stdio_usb/reset_interface.c.obj
 .text.resetd_control_xfer_cb
                0x100026b8       0x64 CMakeFiles/UART.dir/C_/Users/taehy/Desktop/RaspberryPi/pico-sdk/src/rp2_common/pico_stdio_usb/reset_interface.c.obj
 .text.usbd_app_driver_get_cb
                0x1000271c        0xc CMakeFiles/UART.dir/C_/Users/taehy/Desktop/RaspberryPi/pico-sdk/src/rp2_common/pico_stdio_usb/reset_interface.c.obj
                0x1000271c                usbd_app_driver_get_cb
 .text.tud_cdc_line_coding_cb
                0x10002728       0x34 CMakeFiles/UART.dir/C_/Users/taehy/Desktop/RaspberryPi/pico-sdk/src/rp2_common/pico_stdio_usb/reset_interface.c.obj
                0x10002728                tud_cdc_line_coding_cb
 .text.stdio_usb_in_chars
                0x1000275c       0x68 CMakeFiles/UART.dir/C_/Users/taehy/Desktop/RaspberryPi/pico-sdk/src/rp2_common/pico_stdio_usb/stdio_usb.c.obj
                0x1000275c                stdio_usb_in_chars
 .text.stdio_usb_out_chars
                0x100027c4       0xe4 CMakeFiles/UART.dir/C_/Users/taehy/Desktop/RaspberryPi/pico-sdk/src/rp2_common/pico_stdio_usb/stdio_usb.c.obj
 .text.timer_task
                0x100028a8       0x10 CMakeFiles/UART.dir/C_/Users/taehy/Desktop/RaspberryPi/pico-sdk/src/rp2_common/pico_stdio_usb/stdio_usb.c.obj
 .text.low_priority_worker_irq
                0x100028b8       0x24 CMakeFiles/UART.dir/C_/Users/taehy/Desktop/RaspberryPi/pico-sdk/src/rp2_common/pico_stdio_usb/stdio_usb.c.obj
 .text.stdio_usb_init
                0x100028dc       0x90 CMakeFiles/UART.dir/C_/Users/taehy/Desktop/RaspberryPi/pico-sdk/src/rp2_common/pico_stdio_usb/stdio_usb.c.obj
                0x100028dc                stdio_usb_init
 .text.tud_descriptor_device_cb
                0x1000296c        0x8 CMakeFiles/UART.dir/C_/Users/taehy/Desktop/RaspberryPi/pico-sdk/src/rp2_common/pico_stdio_usb/stdio_usb_descriptors.c.obj
                0x1000296c                tud_descriptor_device_cb
 .text.tud_descriptor_configuration_cb
                0x10002974        0x8 CMakeFiles/UART.dir/C_/Users/taehy/Desktop/RaspberryPi/pico-sdk/src/rp2_common/pico_stdio_usb/stdio_usb_descriptors.c.obj
                0x10002974                tud_descriptor_configuration_cb
 .text.tud_descriptor_string_cb
                0x1000297c       0x74 CMakeFiles/UART.dir/C_/Users/taehy/Desktop/RaspberryPi/pico-sdk/src/rp2_common/pico_stdio_usb/stdio_usb_descriptors.c.obj
                0x1000297c                tud_descriptor_string_cb
 .text.dcd_rp2040_irq
                0x100029f0      0x21c CMakeFiles/UART.dir/C_/Users/taehy/Desktop/RaspberryPi/pico-sdk/lib/tinyusb/src/portable/raspberrypi/rp2040/dcd_rp2040.c.obj
 .text.dcd_int_enable
                0x10002c0c        0xc CMakeFiles/UART.dir/C_/Users/taehy/Desktop/RaspberryPi/pico-sdk/lib/tinyusb/src/portable/raspberrypi/rp2040/dcd_rp2040.c.obj
                0x10002c0c                dcd_int_enable
 .text.dcd_set_address
                0x10002c18       0x14 CMakeFiles/UART.dir/C_/Users/taehy/Desktop/RaspberryPi/pico-sdk/lib/tinyusb/src/portable/raspberrypi/rp2040/dcd_rp2040.c.obj
                0x10002c18                dcd_set_address
 .text.dcd_connect
                0x10002c2c       0x10 CMakeFiles/UART.dir/C_/Users/taehy/Desktop/RaspberryPi/pico-sdk/lib/tinyusb/src/portable/raspberrypi/rp2040/dcd_rp2040.c.obj
                0x10002c2c                dcd_connect
 .text.dcd_init
                0x10002c3c      0x144 CMakeFiles/UART.dir/C_/Users/taehy/Desktop/RaspberryPi/pico-sdk/lib/tinyusb/src/portable/raspberrypi/rp2040/dcd_rp2040.c.obj
                0x10002c3c                dcd_init
 .text.dcd_edpt0_status_complete
                0x10002d80       0x1c CMakeFiles/UART.dir/C_/Users/taehy/Desktop/RaspberryPi/pico-sdk/lib/tinyusb/src/portable/raspberrypi/rp2040/dcd_rp2040.c.obj
                0x10002d80                dcd_edpt0_status_complete
 .text.dcd_edpt_open
                0x10002d9c       0xf0 CMakeFiles/UART.dir/C_/Users/taehy/Desktop/RaspberryPi/pico-sdk/lib/tinyusb/src/portable/raspberrypi/rp2040/dcd_rp2040.c.obj
                0x10002d9c                dcd_edpt_open
 .text.dcd_edpt_close_all
                0x10002e8c       0xbc CMakeFiles/UART.dir/C_/Users/taehy/Desktop/RaspberryPi/pico-sdk/lib/tinyusb/src/portable/raspberrypi/rp2040/dcd_rp2040.c.obj
                0x10002e8c                dcd_edpt_close_all
 .text.dcd_edpt_xfer
                0x10002f48       0x24 CMakeFiles/UART.dir/C_/Users/taehy/Desktop/RaspberryPi/pico-sdk/lib/tinyusb/src/portable/raspberrypi/rp2040/dcd_rp2040.c.obj
                0x10002f48                dcd_edpt_xfer
 .text.dcd_edpt_stall
                0x10002f6c       0x38 CMakeFiles/UART.dir/C_/Users/taehy/Desktop/RaspberryPi/pico-sdk/lib/tinyusb/src/portable/raspberrypi/rp2040/dcd_rp2040.c.obj
                0x10002f6c                dcd_edpt_stall
 .text.dcd_edpt_clear_stall
                0x10002fa4       0x30 CMakeFiles/UART.dir/C_/Users/taehy/Desktop/RaspberryPi/pico-sdk/lib/tinyusb/src/portable/raspberrypi/rp2040/dcd_rp2040.c.obj
                0x10002fa4                dcd_edpt_clear_stall
 .text._hw_endpoint_buffer_control_update32.part.0.isra.0
                0x10002fd4       0x1c CMakeFiles/UART.dir/C_/Users/taehy/Desktop/RaspberryPi/pico-sdk/lib/tinyusb/src/portable/raspberrypi/rp2040/rp2040_usb.c.obj
 .text.rp2040_usb_init
                0x10002ff0       0x4c CMakeFiles/UART.dir/C_/Users/taehy/Desktop/RaspberryPi/pico-sdk/lib/tinyusb/src/portable/raspberrypi/rp2040/rp2040_usb.c.obj
                0x10002ff0                rp2040_usb_init
 .text.hw_endpoint_reset_transfer
                0x1000303c        0xc CMakeFiles/UART.dir/C_/Users/taehy/Desktop/RaspberryPi/pico-sdk/lib/tinyusb/src/portable/raspberrypi/rp2040/rp2040_usb.c.obj
                0x1000303c                hw_endpoint_reset_transfer
 .text._hw_endpoint_buffer_control_update32
                0x10003048       0x44 CMakeFiles/UART.dir/C_/Users/taehy/Desktop/RaspberryPi/pico-sdk/lib/tinyusb/src/portable/raspberrypi/rp2040/rp2040_usb.c.obj
                0x10003048                _hw_endpoint_buffer_control_update32
 .text.hw_endpoint_xfer_start
                0x1000308c      0x138 CMakeFiles/UART.dir/C_/Users/taehy/Desktop/RaspberryPi/pico-sdk/lib/tinyusb/src/portable/raspberrypi/rp2040/rp2040_usb.c.obj
                0x1000308c                hw_endpoint_xfer_start
 .text.hw_endpoint_xfer_continue
                0x100031c4      0x1e4 CMakeFiles/UART.dir/C_/Users/taehy/Desktop/RaspberryPi/pico-sdk/lib/tinyusb/src/portable/raspberrypi/rp2040/rp2040_usb.c.obj
                0x100031c4                hw_endpoint_xfer_continue
 .text.tud_mounted
                0x100033a8       0x10 CMakeFiles/UART.dir/C_/Users/taehy/Desktop/RaspberryPi/pico-sdk/lib/tinyusb/src/device/usbd.c.obj
                0x100033a8                tud_mounted
 .text.tud_suspended
                0x100033b8       0x10 CMakeFiles/UART.dir/C_/Users/taehy/Desktop/RaspberryPi/pico-sdk/lib/tinyusb/src/device/usbd.c.obj
                0x100033b8                tud_suspended
 .text.tud_inited
                0x100033c8        0xc CMakeFiles/UART.dir/C_/Users/taehy/Desktop/RaspberryPi/pico-sdk/lib/tinyusb/src/device/usbd.c.obj
                0x100033c8                tud_inited
 .text.tud_init
                0x100033d4       0xd8 CMakeFiles/UART.dir/C_/Users/taehy/Desktop/RaspberryPi/pico-sdk/lib/tinyusb/src/device/usbd.c.obj
                0x100033d4                tud_init
 .text.tud_task
                0x100034ac      0x8ec CMakeFiles/UART.dir/C_/Users/taehy/Desktop/RaspberryPi/pico-sdk/lib/tinyusb/src/device/usbd.c.obj
                0x100034ac                tud_task
 .text.dcd_event_bus_signal
                0x10003d98      0x120 CMakeFiles/UART.dir/C_/Users/taehy/Desktop/RaspberryPi/pico-sdk/lib/tinyusb/src/device/usbd.c.obj
                0x10003d98                dcd_event_bus_signal
 .text.dcd_event_bus_reset
                0x10003eb8       0x54 CMakeFiles/UART.dir/C_/Users/taehy/Desktop/RaspberryPi/pico-sdk/lib/tinyusb/src/device/usbd.c.obj
                0x10003eb8                dcd_event_bus_reset
 .text.dcd_event_setup_received
                0x10003f0c       0x50 CMakeFiles/UART.dir/C_/Users/taehy/Desktop/RaspberryPi/pico-sdk/lib/tinyusb/src/device/usbd.c.obj
                0x10003f0c                dcd_event_setup_received
 .text.dcd_event_xfer_complete
                0x10003f5c       0x68 CMakeFiles/UART.dir/C_/Users/taehy/Desktop/RaspberryPi/pico-sdk/lib/tinyusb/src/device/usbd.c.obj
                0x10003f5c                dcd_event_xfer_complete
 .text.usbd_open_edpt_pair
                0x10003fc4       0x80 CMakeFiles/UART.dir/C_/Users/taehy/Desktop/RaspberryPi/pico-sdk/lib/tinyusb/src/device/usbd.c.obj
                0x10003fc4                usbd_open_edpt_pair
 .text.usbd_edpt_open
                0x10004044       0x30 CMakeFiles/UART.dir/C_/Users/taehy/Desktop/RaspberryPi/pico-sdk/lib/tinyusb/src/device/usbd.c.obj
                0x10004044                usbd_edpt_open
 .text.usbd_edpt_claim
                0x10004074       0x64 CMakeFiles/UART.dir/C_/Users/taehy/Desktop/RaspberryPi/pico-sdk/lib/tinyusb/src/device/usbd.c.obj
                0x10004074                usbd_edpt_claim
 .text.usbd_edpt_release
                0x100040d8       0x4c CMakeFiles/UART.dir/C_/Users/taehy/Desktop/RaspberryPi/pico-sdk/lib/tinyusb/src/device/usbd.c.obj
                0x100040d8                usbd_edpt_release
 .text.usbd_edpt_xfer
                0x10004124       0x48 CMakeFiles/UART.dir/C_/Users/taehy/Desktop/RaspberryPi/pico-sdk/lib/tinyusb/src/device/usbd.c.obj
                0x10004124                usbd_edpt_xfer
 .text.tud_control_status
                0x1000416c       0x30 CMakeFiles/UART.dir/C_/Users/taehy/Desktop/RaspberryPi/pico-sdk/lib/tinyusb/src/device/usbd_control.c.obj
                0x1000416c                tud_control_status
 .text.tud_control_xfer
                0x1000419c       0xbc CMakeFiles/UART.dir/C_/Users/taehy/Desktop/RaspberryPi/pico-sdk/lib/tinyusb/src/device/usbd_control.c.obj
                0x1000419c                tud_control_xfer
 .text.usbd_control_reset
                0x10004258       0x14 CMakeFiles/UART.dir/C_/Users/taehy/Desktop/RaspberryPi/pico-sdk/lib/tinyusb/src/device/usbd_control.c.obj
                0x10004258                usbd_control_reset
 .text.usbd_control_set_complete_callback
                0x1000426c        0xc CMakeFiles/UART.dir/C_/Users/taehy/Desktop/RaspberryPi/pico-sdk/lib/tinyusb/src/device/usbd_control.c.obj
                0x1000426c                usbd_control_set_complete_callback
 .text.usbd_control_set_request
                0x10004278       0x1c CMakeFiles/UART.dir/C_/Users/taehy/Desktop/RaspberryPi/pico-sdk/lib/tinyusb/src/device/usbd_control.c.obj
                0x10004278                usbd_control_set_request
 .text.usbd_control_xfer_cb
                0x10004294       0xfc CMakeFiles/UART.dir/C_/Users/taehy/Desktop/RaspberryPi/pico-sdk/lib/tinyusb/src/device/usbd_control.c.obj
                0x10004294                usbd_control_xfer_cb
 .text.tud_cdc_n_connected
                0x10004390       0x30 CMakeFiles/UART.dir/C_/Users/taehy/Desktop/RaspberryPi/pico-sdk/lib/tinyusb/src/class/cdc/cdc_device.c.obj
                0x10004390                tud_cdc_n_connected
 .text.tud_cdc_n_available
                0x100043c0       0x18 CMakeFiles/UART.dir/C_/Users/taehy/Desktop/RaspberryPi/pico-sdk/lib/tinyusb/src/class/cdc/cdc_device.c.obj
                0x100043c0                tud_cdc_n_available
 .text.tud_cdc_n_read
                0x100043d8       0x70 CMakeFiles/UART.dir/C_/Users/taehy/Desktop/RaspberryPi/pico-sdk/lib/tinyusb/src/class/cdc/cdc_device.c.obj
                0x100043d8                tud_cdc_n_read
 .text.tud_cdc_n_write_flush
                0x10004448       0x78 CMakeFiles/UART.dir/C_/Users/taehy/Desktop/RaspberryPi/pico-sdk/lib/tinyusb/src/class/cdc/cdc_device.c.obj
                0x10004448                tud_cdc_n_write_flush
 .text.tud_cdc_n_write
                0x100044c0       0x34 CMakeFiles/UART.dir/C_/Users/taehy/Desktop/RaspberryPi/pico-sdk/lib/tinyusb/src/class/cdc/cdc_device.c.obj
                0x100044c0                tud_cdc_n_write
 .text.tud_cdc_n_write_available
                0x100044f4       0x18 CMakeFiles/UART.dir/C_/Users/taehy/Desktop/RaspberryPi/pico-sdk/lib/tinyusb/src/class/cdc/cdc_device.c.obj
                0x100044f4                tud_cdc_n_write_available
 .text.cdcd_init
                0x1000450c       0x7c CMakeFiles/UART.dir/C_/Users/taehy/Desktop/RaspberryPi/pico-sdk/lib/tinyusb/src/class/cdc/cdc_device.c.obj
                0x1000450c                cdcd_init
 .text.cdcd_reset
                0x10004588       0x2c CMakeFiles/UART.dir/C_/Users/taehy/Desktop/RaspberryPi/pico-sdk/lib/tinyusb/src/class/cdc/cdc_device.c.obj
                0x10004588                cdcd_reset
 .text.cdcd_open
                0x100045b4       0xe4 CMakeFiles/UART.dir/C_/Users/taehy/Desktop/RaspberryPi/pico-sdk/lib/tinyusb/src/class/cdc/cdc_device.c.obj
                0x100045b4                cdcd_open
 .text.cdcd_control_xfer_cb
                0x10004698       0xe4 CMakeFiles/UART.dir/C_/Users/taehy/Desktop/RaspberryPi/pico-sdk/lib/tinyusb/src/class/cdc/cdc_device.c.obj
                0x10004698                cdcd_control_xfer_cb
 .text.cdcd_xfer_cb
                0x1000477c      0x148 CMakeFiles/UART.dir/C_/Users/taehy/Desktop/RaspberryPi/pico-sdk/lib/tinyusb/src/class/cdc/cdc_device.c.obj
                0x1000477c                cdcd_xfer_cb
 .text.tusb_init
                0x100048c4        0xc CMakeFiles/UART.dir/C_/Users/taehy/Desktop/RaspberryPi/pico-sdk/lib/tinyusb/src/tusb.c.obj
                0x100048c4                tusb_init
 .text.tusb_inited
                0x100048d0        0x8 CMakeFiles/UART.dir/C_/Users/taehy/Desktop/RaspberryPi/pico-sdk/lib/tinyusb/src/tusb.c.obj
                0x100048d0                tusb_inited
 .text.tu_edpt_validate
                0x100048d8       0x78 CMakeFiles/UART.dir/C_/Users/taehy/Desktop/RaspberryPi/pico-sdk/lib/tinyusb/src/tusb.c.obj
                0x100048d8                tu_edpt_validate
 .text.tu_edpt_bind_driver
                0x10004950       0x2c CMakeFiles/UART.dir/C_/Users/taehy/Desktop/RaspberryPi/pico-sdk/lib/tinyusb/src/tusb.c.obj
                0x10004950                tu_edpt_bind_driver
 .text.tu_fifo_config
                0x1000497c       0x78 CMakeFiles/UART.dir/C_/Users/taehy/Desktop/RaspberryPi/pico-sdk/lib/tinyusb/src/common/tusb_fifo.c.obj
                0x1000497c                tu_fifo_config
 .text.tu_fifo_count
                0x100049f4       0x20 CMakeFiles/UART.dir/C_/Users/taehy/Desktop/RaspberryPi/pico-sdk/lib/tinyusb/src/common/tusb_fifo.c.obj
                0x100049f4                tu_fifo_count
 .text.tu_fifo_empty
                0x10004a14       0x10 CMakeFiles/UART.dir/C_/Users/taehy/Desktop/RaspberryPi/pico-sdk/lib/tinyusb/src/common/tusb_fifo.c.obj
                0x10004a14                tu_fifo_empty
 .text.tu_fifo_remaining
                0x10004a24       0x1c CMakeFiles/UART.dir/C_/Users/taehy/Desktop/RaspberryPi/pico-sdk/lib/tinyusb/src/common/tusb_fifo.c.obj
                0x10004a24                tu_fifo_remaining
 .text.tu_fifo_read
                0x10004a40       0x9c CMakeFiles/UART.dir/C_/Users/taehy/Desktop/RaspberryPi/pico-sdk/lib/tinyusb/src/common/tusb_fifo.c.obj
                0x10004a40                tu_fifo_read
 .text.tu_fifo_read_n
                0x10004adc      0x100 CMakeFiles/UART.dir/C_/Users/taehy/Desktop/RaspberryPi/pico-sdk/lib/tinyusb/src/common/tusb_fifo.c.obj
                0x10004adc                tu_fifo_read_n
 .text.tu_fifo_write
                0x10004bdc       0x7c CMakeFiles/UART.dir/C_/Users/taehy/Desktop/RaspberryPi/pico-sdk/lib/tinyusb/src/common/tusb_fifo.c.obj
                0x10004bdc                tu_fifo_write
 .text.tu_fifo_write_n
                0x10004c58      0x100 CMakeFiles/UART.dir/C_/Users/taehy/Desktop/RaspberryPi/pico-sdk/lib/tinyusb/src/common/tusb_fifo.c.obj
                0x10004c58                tu_fifo_write_n
 .text.tu_fifo_clear
                0x10004d58       0x4c CMakeFiles/UART.dir/C_/Users/taehy/Desktop/RaspberryPi/pico-sdk/lib/tinyusb/src/common/tusb_fifo.c.obj
                0x10004d58                tu_fifo_clear
 .text.tu_fifo_set_overwritable
                0x10004da4       0x3c CMakeFiles/UART.dir/C_/Users/taehy/Desktop/RaspberryPi/pico-sdk/lib/tinyusb/src/common/tusb_fifo.c.obj
                0x10004da4                tu_fifo_set_overwritable
 .text.startup._retrieve_unique_id_on_boot
                0x10004de0       0x10 CMakeFiles/UART.dir/C_/Users/taehy/Desktop/RaspberryPi/pico-sdk/src/rp2_common/pico_unique_id/unique_id.c.obj
 .text.pico_get_unique_board_id_string
                0x10004df0      0x1a8 CMakeFiles/UART.dir/C_/Users/taehy/Desktop/RaspberryPi/pico-sdk/src/rp2_common/pico_unique_id/unique_id.c.obj
                0x10004df0                pico_get_unique_board_id_string
 .text.flash_get_unique_id
                0x10004f98       0x40 CMakeFiles/UART.dir/C_/Users/taehy/Desktop/RaspberryPi/pico-sdk/src/rp2_common/hardware_flash/flash.c.obj
                0x10004f98                flash_get_unique_id
 .text.vPortSVCHandler
                0x10004fd8        0x4 CMakeFiles/UART.dir/C_/Users/taehy/Desktop/Code/LearnC/FreeRTOS/freertos-pico/FreeRTOS-Kernel/portable/ThirdParty/GCC/RP2040/port.c.obj
                0x10004fd8                vPortSVCHandler
 *fill*         0x10004fdc        0x4 
 .text.vPortStartFirstTask
                0x10004fe0       0x38 CMakeFiles/UART.dir/C_/Users/taehy/Desktop/Code/LearnC/FreeRTOS/freertos-pico/FreeRTOS-Kernel/portable/ThirdParty/GCC/RP2040/port.c.obj
 .text.prvFIFOInterruptHandler
                0x10005018       0x2c CMakeFiles/UART.dir/C_/Users/taehy/Desktop/Code/LearnC/FreeRTOS/freertos-pico/FreeRTOS-Kernel/portable/ThirdParty/GCC/RP2040/port.c.obj
 *fill*         0x10005044        0xc 
 .text.xPortPendSVHandler
                0x10005050       0x78 CMakeFiles/UART.dir/C_/Users/taehy/Desktop/Code/LearnC/FreeRTOS/freertos-pico/FreeRTOS-Kernel/portable/ThirdParty/GCC/RP2040/port.c.obj
                0x10005050                xPortPendSVHandler
 .text.xPortSysTickHandler
                0x100050c8       0x2c CMakeFiles/UART.dir/C_/Users/taehy/Desktop/Code/LearnC/FreeRTOS/freertos-pico/FreeRTOS-Kernel/portable/ThirdParty/GCC/RP2040/port.c.obj
                0x100050c8                xPortSysTickHandler
 .text.prvTaskExitError
                0x100050f4        0x8 CMakeFiles/UART.dir/C_/Users/taehy/Desktop/Code/LearnC/FreeRTOS/freertos-pico/FreeRTOS-Kernel/portable/ThirdParty/GCC/RP2040/port.c.obj
 .text.pxPortInitialiseStack
                0x100050fc       0x20 CMakeFiles/UART.dir/C_/Users/taehy/Desktop/Code/LearnC/FreeRTOS/freertos-pico/FreeRTOS-Kernel/portable/ThirdParty/GCC/RP2040/port.c.obj
                0x100050fc                pxPortInitialiseStack
 .text.vPortYield
                0x1000511c       0x18 CMakeFiles/UART.dir/C_/Users/taehy/Desktop/Code/LearnC/FreeRTOS/freertos-pico/FreeRTOS-Kernel/portable/ThirdParty/GCC/RP2040/port.c.obj
                0x1000511c                vPortYield
 .text.vPortEnableInterrupts
                0x10005134       0x30 CMakeFiles/UART.dir/C_/Users/taehy/Desktop/Code/LearnC/FreeRTOS/freertos-pico/FreeRTOS-Kernel/portable/ThirdParty/GCC/RP2040/port.c.obj
                0x10005134                vPortEnableInterrupts
 .text.vYieldCore
                0x10005164        0xc CMakeFiles/UART.dir/C_/Users/taehy/Desktop/Code/LearnC/FreeRTOS/freertos-pico/FreeRTOS-Kernel/portable/ThirdParty/GCC/RP2040/port.c.obj
                0x10005164                vYieldCore
 .text.vPortSetupTimerInterrupt
                0x10005170       0x34 CMakeFiles/UART.dir/C_/Users/taehy/Desktop/Code/LearnC/FreeRTOS/freertos-pico/FreeRTOS-Kernel/portable/ThirdParty/GCC/RP2040/port.c.obj
                0x10005170                vPortSetupTimerInterrupt
 .text.xPortStartSchedulerOnCore.isra.0
                0x100051a4       0xac CMakeFiles/UART.dir/C_/Users/taehy/Desktop/Code/LearnC/FreeRTOS/freertos-pico/FreeRTOS-Kernel/portable/ThirdParty/GCC/RP2040/port.c.obj
 .text.prvDisableInterruptsAndPortStartSchedulerOnCore
                0x10005250        0xc CMakeFiles/UART.dir/C_/Users/taehy/Desktop/Code/LearnC/FreeRTOS/freertos-pico/FreeRTOS-Kernel/portable/ThirdParty/GCC/RP2040/port.c.obj
 .text.xPortStartScheduler
                0x1000525c       0x28 CMakeFiles/UART.dir/C_/Users/taehy/Desktop/Code/LearnC/FreeRTOS/freertos-pico/FreeRTOS-Kernel/portable/ThirdParty/GCC/RP2040/port.c.obj
                0x1000525c                xPortStartScheduler
 .text.ulPortLockGetCurrentOwnerId
                0x10005284       0x30 CMakeFiles/UART.dir/C_/Users/taehy/Desktop/Code/LearnC/FreeRTOS/freertos-pico/FreeRTOS-Kernel/portable/ThirdParty/GCC/RP2040/port.c.obj
                0x10005284                ulPortLockGetCurrentOwnerId
 .text.vPortLockInternalSpinUnlockWithWait
                0x100052b4       0x6c CMakeFiles/UART.dir/C_/Users/taehy/Desktop/Code/LearnC/FreeRTOS/freertos-pico/FreeRTOS-Kernel/portable/ThirdParty/GCC/RP2040/port.c.obj
                0x100052b4                vPortLockInternalSpinUnlockWithWait
 .text.vPortLockInternalSpinUnlockWithNotify
                0x10005320       0x84 CMakeFiles/UART.dir/C_/Users/taehy/Desktop/Code/LearnC/FreeRTOS/freertos-pico/FreeRTOS-Kernel/portable/ThirdParty/GCC/RP2040/port.c.obj
                0x10005320                vPortLockInternalSpinUnlockWithNotify
 .text.xPortLockInternalSpinUnlockWithBestEffortWaitOrTimeout
                0x100053a4       0xec CMakeFiles/UART.dir/C_/Users/taehy/Desktop/Code/LearnC/FreeRTOS/freertos-pico/FreeRTOS-Kernel/portable/ThirdParty/GCC/RP2040/port.c.obj
                0x100053a4                xPortLockInternalSpinUnlockWithBestEffortWaitOrTimeout
 .text.startup.prvRuntimeInitializer
                0x10005490       0x10 CMakeFiles/UART.dir/C_/Users/taehy/Desktop/Code/LearnC/FreeRTOS/freertos-pico/FreeRTOS-Kernel/portable/ThirdParty/GCC/RP2040/port.c.obj
 .text.vEventGroupSetBitsCallback
                0x100054a0       0x8c CMakeFiles/UART.dir/C_/Users/taehy/Desktop/Code/LearnC/FreeRTOS/freertos-pico/FreeRTOS-Kernel/event_groups.c.obj
                0x100054a0                vEventGroupSetBitsCallback
 .text.xEventGroupCreate
                0x1000552c       0x18 CMakeFiles/UART.dir/C_/Users/taehy/Desktop/Code/LearnC/FreeRTOS/freertos-pico/FreeRTOS-Kernel/event_groups.c.obj
                0x1000552c                xEventGroupCreate
 .text.xEventGroupWaitBits
                0x10005544       0xb8 CMakeFiles/UART.dir/C_/Users/taehy/Desktop/Code/LearnC/FreeRTOS/freertos-pico/FreeRTOS-Kernel/event_groups.c.obj
                0x10005544                xEventGroupWaitBits
 .text.xEventGroupSetBits
                0x100055fc       0x90 CMakeFiles/UART.dir/C_/Users/taehy/Desktop/Code/LearnC/FreeRTOS/freertos-pico/FreeRTOS-Kernel/event_groups.c.obj
                0x100055fc                xEventGroupSetBits
 .text.xEventGroupSetBitsFromISR
                0x1000568c       0x14 CMakeFiles/UART.dir/C_/Users/taehy/Desktop/Code/LearnC/FreeRTOS/freertos-pico/FreeRTOS-Kernel/event_groups.c.obj
                0x1000568c                xEventGroupSetBitsFromISR
 .text.vListInitialise
                0x100056a0       0x18 CMakeFiles/UART.dir/C_/Users/taehy/Desktop/Code/LearnC/FreeRTOS/freertos-pico/FreeRTOS-Kernel/list.c.obj
                0x100056a0                vListInitialise
 .text.vListInitialiseItem
                0x100056b8        0x8 CMakeFiles/UART.dir/C_/Users/taehy/Desktop/Code/LearnC/FreeRTOS/freertos-pico/FreeRTOS-Kernel/list.c.obj
                0x100056b8                vListInitialiseItem
 .text.vListInsertEnd
                0x100056c0       0x18 CMakeFiles/UART.dir/C_/Users/taehy/Desktop/Code/LearnC/FreeRTOS/freertos-pico/FreeRTOS-Kernel/list.c.obj
                0x100056c0                vListInsertEnd
 .text.vListInsert
                0x100056d8       0x30 CMakeFiles/UART.dir/C_/Users/taehy/Desktop/Code/LearnC/FreeRTOS/freertos-pico/FreeRTOS-Kernel/list.c.obj
                0x100056d8                vListInsert
 .text.uxListRemove
                0x10005708       0x24 CMakeFiles/UART.dir/C_/Users/taehy/Desktop/Code/LearnC/FreeRTOS/freertos-pico/FreeRTOS-Kernel/list.c.obj
                0x10005708                uxListRemove
 .text.prvUnlockQueue
                0x1000572c      0x140 CMakeFiles/UART.dir/C_/Users/taehy/Desktop/Code/LearnC/FreeRTOS/freertos-pico/FreeRTOS-Kernel/queue.c.obj
 .text.prvNotifyQueueSetContainer
                0x1000586c       0x94 CMakeFiles/UART.dir/C_/Users/taehy/Desktop/Code/LearnC/FreeRTOS/freertos-pico/FreeRTOS-Kernel/queue.c.obj
 .text.xQueueGenericCreate
                0x10005900       0x6c CMakeFiles/UART.dir/C_/Users/taehy/Desktop/Code/LearnC/FreeRTOS/freertos-pico/FreeRTOS-Kernel/queue.c.obj
                0x10005900                xQueueGenericCreate
 .text.xQueueGenericSend
                0x1000596c      0x1cc CMakeFiles/UART.dir/C_/Users/taehy/Desktop/Code/LearnC/FreeRTOS/freertos-pico/FreeRTOS-Kernel/queue.c.obj
                0x1000596c                xQueueGenericSend
 .text.xQueueGenericSendFromISR
                0x10005b38      0x134 CMakeFiles/UART.dir/C_/Users/taehy/Desktop/Code/LearnC/FreeRTOS/freertos-pico/FreeRTOS-Kernel/queue.c.obj
                0x10005b38                xQueueGenericSendFromISR
 .text.xQueueReceive
                0x10005c6c      0x11c CMakeFiles/UART.dir/C_/Users/taehy/Desktop/Code/LearnC/FreeRTOS/freertos-pico/FreeRTOS-Kernel/queue.c.obj
                0x10005c6c                xQueueReceive
 .text.vQueueAddToRegistry
                0x10005d88       0x60 CMakeFiles/UART.dir/C_/Users/taehy/Desktop/Code/LearnC/FreeRTOS/freertos-pico/FreeRTOS-Kernel/queue.c.obj
                0x10005d88                vQueueAddToRegistry
 .text.vQueueWaitForMessageRestricted
                0x10005de8       0x48 CMakeFiles/UART.dir/C_/Users/taehy/Desktop/Code/LearnC/FreeRTOS/freertos-pico/FreeRTOS-Kernel/queue.c.obj
                0x10005de8                vQueueWaitForMessageRestricted
 .text.prvMinimalIdleTask
                0x10005e30       0x18 CMakeFiles/UART.dir/C_/Users/taehy/Desktop/Code/LearnC/FreeRTOS/freertos-pico/FreeRTOS-Kernel/tasks.c.obj
 .text.prvAddCurrentTaskToDelayedList
                0x10005e48       0xe0 CMakeFiles/UART.dir/C_/Users/taehy/Desktop/Code/LearnC/FreeRTOS/freertos-pico/FreeRTOS-Kernel/tasks.c.obj
 .text.vTaskExitCritical.part.0
                0x10005f28       0xc4 CMakeFiles/UART.dir/C_/Users/taehy/Desktop/Code/LearnC/FreeRTOS/freertos-pico/FreeRTOS-Kernel/tasks.c.obj
 .text.prvCheckForRunStateChange.part.0
                0x10005fec      0x18c CMakeFiles/UART.dir/C_/Users/taehy/Desktop/Code/LearnC/FreeRTOS/freertos-pico/FreeRTOS-Kernel/tasks.c.obj
 .text.vTaskSuspendAll.part.0
                0x10006178       0xfc CMakeFiles/UART.dir/C_/Users/taehy/Desktop/Code/LearnC/FreeRTOS/freertos-pico/FreeRTOS-Kernel/tasks.c.obj
 .text.prvIdleTask
                0x10006274      0x1f0 CMakeFiles/UART.dir/C_/Users/taehy/Desktop/Code/LearnC/FreeRTOS/freertos-pico/FreeRTOS-Kernel/tasks.c.obj
 .text.prvYieldForTask
                0x10006464       0xe0 CMakeFiles/UART.dir/C_/Users/taehy/Desktop/Code/LearnC/FreeRTOS/freertos-pico/FreeRTOS-Kernel/tasks.c.obj
 .text.vTaskSuspendAll
                0x10006544      0x108 CMakeFiles/UART.dir/C_/Users/taehy/Desktop/Code/LearnC/FreeRTOS/freertos-pico/FreeRTOS-Kernel/tasks.c.obj
                0x10006544                vTaskSuspendAll
 .text.xTaskGetTickCount
                0x1000664c        0xc CMakeFiles/UART.dir/C_/Users/taehy/Desktop/Code/LearnC/FreeRTOS/freertos-pico/FreeRTOS-Kernel/tasks.c.obj
                0x1000664c                xTaskGetTickCount
 .text.vTaskSwitchContext
                0x10006658      0x350 CMakeFiles/UART.dir/C_/Users/taehy/Desktop/Code/LearnC/FreeRTOS/freertos-pico/FreeRTOS-Kernel/tasks.c.obj
                0x10006658                vTaskSwitchContext
 .text.vTaskPlaceOnEventList
                0x100069a8       0xe0 CMakeFiles/UART.dir/C_/Users/taehy/Desktop/Code/LearnC/FreeRTOS/freertos-pico/FreeRTOS-Kernel/tasks.c.obj
                0x100069a8                vTaskPlaceOnEventList
 .text.vTaskPlaceOnUnorderedEventList
                0x10006a88       0x48 CMakeFiles/UART.dir/C_/Users/taehy/Desktop/Code/LearnC/FreeRTOS/freertos-pico/FreeRTOS-Kernel/tasks.c.obj
                0x10006a88                vTaskPlaceOnUnorderedEventList
 .text.vTaskPlaceOnEventListRestricted
                0x10006ad0      0x100 CMakeFiles/UART.dir/C_/Users/taehy/Desktop/Code/LearnC/FreeRTOS/freertos-pico/FreeRTOS-Kernel/tasks.c.obj
                0x10006ad0                vTaskPlaceOnEventListRestricted
 .text.xTaskRemoveFromEventList
                0x10006bd0      0x140 CMakeFiles/UART.dir/C_/Users/taehy/Desktop/Code/LearnC/FreeRTOS/freertos-pico/FreeRTOS-Kernel/tasks.c.obj
                0x10006bd0                xTaskRemoveFromEventList
 .text.vTaskInternalSetTimeOutState
                0x10006d10       0x18 CMakeFiles/UART.dir/C_/Users/taehy/Desktop/Code/LearnC/FreeRTOS/freertos-pico/FreeRTOS-Kernel/tasks.c.obj
                0x10006d10                vTaskInternalSetTimeOutState
 .text.xTaskCheckForTimeOut
                0x10006d28      0x1e0 CMakeFiles/UART.dir/C_/Users/taehy/Desktop/Code/LearnC/FreeRTOS/freertos-pico/FreeRTOS-Kernel/tasks.c.obj
                0x10006d28                xTaskCheckForTimeOut
 .text.vTaskMissedYield
                0x10006f08       0x14 CMakeFiles/UART.dir/C_/Users/taehy/Desktop/Code/LearnC/FreeRTOS/freertos-pico/FreeRTOS-Kernel/tasks.c.obj
                0x10006f08                vTaskMissedYield
 .text.xTaskGetCurrentTaskHandle
                0x10006f1c       0x1c CMakeFiles/UART.dir/C_/Users/taehy/Desktop/Code/LearnC/FreeRTOS/freertos-pico/FreeRTOS-Kernel/tasks.c.obj
                0x10006f1c                xTaskGetCurrentTaskHandle
 .text.xTaskGetSchedulerState
                0x10006f38      0x14c CMakeFiles/UART.dir/C_/Users/taehy/Desktop/Code/LearnC/FreeRTOS/freertos-pico/FreeRTOS-Kernel/tasks.c.obj
                0x10006f38                xTaskGetSchedulerState
 .text.xTaskPriorityDisinherit
                0x10007084       0x58 CMakeFiles/UART.dir/C_/Users/taehy/Desktop/Code/LearnC/FreeRTOS/freertos-pico/FreeRTOS-Kernel/tasks.c.obj
                0x10007084                xTaskPriorityDisinherit
 .text.vTaskYieldWithinAPI
                0x100070dc       0x34 CMakeFiles/UART.dir/C_/Users/taehy/Desktop/Code/LearnC/FreeRTOS/freertos-pico/FreeRTOS-Kernel/tasks.c.obj
                0x100070dc                vTaskYieldWithinAPI
 .text.vTaskEnterCritical
                0x10007110      0x110 CMakeFiles/UART.dir/C_/Users/taehy/Desktop/Code/LearnC/FreeRTOS/freertos-pico/FreeRTOS-Kernel/tasks.c.obj
                0x10007110                vTaskEnterCritical
 .text.xTaskCreateAffinitySet
                0x10007220      0x2e0 CMakeFiles/UART.dir/C_/Users/taehy/Desktop/Code/LearnC/FreeRTOS/freertos-pico/FreeRTOS-Kernel/tasks.c.obj
                0x10007220                xTaskCreateAffinitySet
 .text.vTaskStartScheduler
                0x10007500       0xc0 CMakeFiles/UART.dir/C_/Users/taehy/Desktop/Code/LearnC/FreeRTOS/freertos-pico/FreeRTOS-Kernel/tasks.c.obj
                0x10007500                vTaskStartScheduler
 .text.xTaskIncrementTick
                0x100075c0      0x240 CMakeFiles/UART.dir/C_/Users/taehy/Desktop/Code/LearnC/FreeRTOS/freertos-pico/FreeRTOS-Kernel/tasks.c.obj
                0x100075c0                xTaskIncrementTick
 .text.xTaskResumeAll.part.0
                0x10007800      0x144 CMakeFiles/UART.dir/C_/Users/taehy/Desktop/Code/LearnC/FreeRTOS/freertos-pico/FreeRTOS-Kernel/tasks.c.obj
 .text.xTaskResumeAll
                0x10007944       0x18 CMakeFiles/UART.dir/C_/Users/taehy/Desktop/Code/LearnC/FreeRTOS/freertos-pico/FreeRTOS-Kernel/tasks.c.obj
                0x10007944                xTaskResumeAll
 .text.vTaskDelay
                0x1000795c       0x70 CMakeFiles/UART.dir/C_/Users/taehy/Desktop/Code/LearnC/FreeRTOS/freertos-pico/FreeRTOS-Kernel/tasks.c.obj
                0x1000795c                vTaskDelay
 .text.vTaskRemoveFromUnorderedEventList
                0x100079cc       0x7c CMakeFiles/UART.dir/C_/Users/taehy/Desktop/Code/LearnC/FreeRTOS/freertos-pico/FreeRTOS-Kernel/tasks.c.obj
                0x100079cc                vTaskRemoveFromUnorderedEventList
 .text.xTaskCreate
                0x10007a48      0x2e4 CMakeFiles/UART.dir/C_/Users/taehy/Desktop/Code/LearnC/FreeRTOS/freertos-pico/FreeRTOS-Kernel/tasks.c.obj
                0x10007a48                xTaskCreate
 .text.vTaskExitCritical
                0x10007d2c       0x34 CMakeFiles/UART.dir/C_/Users/taehy/Desktop/Code/LearnC/FreeRTOS/freertos-pico/FreeRTOS-Kernel/tasks.c.obj
                0x10007d2c                vTaskExitCritical
 .text.uxTaskResetEventItemValue
                0x10007d60       0x48 CMakeFiles/UART.dir/C_/Users/taehy/Desktop/Code/LearnC/FreeRTOS/freertos-pico/FreeRTOS-Kernel/tasks.c.obj
                0x10007d60                uxTaskResetEventItemValue
 .text.prvSwitchTimerLists
                0x10007da8       0x9c CMakeFiles/UART.dir/C_/Users/taehy/Desktop/Code/LearnC/FreeRTOS/freertos-pico/FreeRTOS-Kernel/timers.c.obj
 .text.prvTimerTask
                0x10007e44      0x268 CMakeFiles/UART.dir/C_/Users/taehy/Desktop/Code/LearnC/FreeRTOS/freertos-pico/FreeRTOS-Kernel/timers.c.obj
 .text.xTimerCreateTimerTask
                0x100080ac       0x8c CMakeFiles/UART.dir/C_/Users/taehy/Desktop/Code/LearnC/FreeRTOS/freertos-pico/FreeRTOS-Kernel/timers.c.obj
                0x100080ac                xTimerCreateTimerTask
 .text.xTimerPendFunctionCallFromISR
                0x10008138       0x28 CMakeFiles/UART.dir/C_/Users/taehy/Desktop/Code/LearnC/FreeRTOS/freertos-pico/FreeRTOS-Kernel/timers.c.obj
                0x10008138                xTimerPendFunctionCallFromISR
 .text.exception_set_exclusive_handler
                0x10008160       0x48 CMakeFiles/UART.dir/C_/Users/taehy/Desktop/RaspberryPi/pico-sdk/src/rp2_common/hardware_exception/exception.c.obj
                0x10008160                exception_set_exclusive_handler
 .text.core1_trampoline
                0x100081a8        0x4 CMakeFiles/UART.dir/C_/Users/taehy/Desktop/RaspberryPi/pico-sdk/src/rp2_common/pico_multicore/multicore.c.obj
 .text.core1_wrapper
                0x100081ac        0xc CMakeFiles/UART.dir/C_/Users/taehy/Desktop/RaspberryPi/pico-sdk/src/rp2_common/pico_multicore/multicore.c.obj
                0x100081ac                core1_wrapper
 .text.multicore_launch_core1_raw
                0x100081b8       0x84 CMakeFiles/UART.dir/C_/Users/taehy/Desktop/RaspberryPi/pico-sdk/src/rp2_common/pico_multicore/multicore.c.obj
                0x100081b8                multicore_launch_core1_raw
 .text.multicore_launch_core1
                0x1000823c       0x4c CMakeFiles/UART.dir/C_/Users/taehy/Desktop/RaspberryPi/pico-sdk/src/rp2_common/pico_multicore/multicore.c.obj
                0x1000823c                multicore_launch_core1
 .text.pvPortMalloc
                0x10008288      0x16c CMakeFiles/UART.dir/C_/Users/taehy/Desktop/Code/LearnC/FreeRTOS/freertos-pico/FreeRTOS-Kernel/portable/MemMang/heap_4.c.obj
                0x10008288                pvPortMalloc
 .text.vPortFree
                0x100083f4       0x90 CMakeFiles/UART.dir/C_/Users/taehy/Desktop/Code/LearnC/FreeRTOS/freertos-pico/FreeRTOS-Kernel/portable/MemMang/heap_4.c.obj
                0x100083f4                vPortFree
 .text.strlen   0x10008484       0x5c c:/progra~2/gnuarm~1/102021~1.10/bin/../lib/gcc/arm-none-eabi/10.3.1/../../../../arm-none-eabi/lib/thumb/v6-m/nofp\libc.a(lib_a-strlen-stub.o)
                0x10008484                strlen
 *(.fini)
 .fini          0x100084e0        0x4 c:/progra~2/gnuarm~1/102021~1.10/bin/../lib/gcc/arm-none-eabi/10.3.1/thumb/v6-m/nofp/crti.o
                0x100084e0                _fini
 *fill*         0x100084e4        0x4 
 .fini.__stub   0x100084e8       0x70 linker stubs
 *crtbegin.o(.ctors)
 *crtbegin?.o(.ctors)
 *(EXCLUDE_FILE(*crtend.o *crtend?.o) .ctors)
 *(SORT_BY_NAME(.ctors.*))
 *(.ctors)
 *crtbegin.o(.dtors)
 *crtbegin?.o(.dtors)
 *(EXCLUDE_FILE(*crtend.o *crtend?.o) .dtors)
 *(SORT_BY_NAME(.dtors.*))
 *(.dtors)
 *(.eh_frame*)
 .eh_frame      0x10008558        0x0 c:/progra~2/gnuarm~1/102021~1.10/bin/../lib/gcc/arm-none-eabi/10.3.1/thumb/v6-m/nofp/crtbegin.o
                0x10008558                . = ALIGN (0x4)

.glue_7         0x10008558        0x0
 .glue_7        0x10008558        0x0 linker stubs

.glue_7t        0x10008558        0x0
 .glue_7t       0x10008558        0x0 linker stubs

.vfp11_veneer   0x10008558        0x0
 .vfp11_veneer  0x10008558        0x0 linker stubs

.v4_bx          0x10008558        0x0
 .v4_bx         0x10008558        0x0 linker stubs

.iplt           0x10008558        0x0
 .iplt          0x10008558        0x0 c:/progra~2/gnuarm~1/102021~1.10/bin/../lib/gcc/arm-none-eabi/10.3.1/thumb/v6-m/nofp/crtbegin.o

.rodata         0x10008558      0x35c
 *(EXCLUDE_FILE(*libm.a: *libc.a:*lib_a-mem*.o *libgcc.a:) .rodata*)
 .rodata.vUART.str1.4
                0x10008558       0x21 CMakeFiles/UART.dir/main.c.obj
 *fill*         0x10008579        0x3 
 .rodata.main.str1.4
                0x1000857c       0x1a CMakeFiles/UART.dir/main.c.obj
 *fill*         0x10008596        0x2 
 .rodata.spin_lock_claim.str1.4
                0x10008598       0x1f CMakeFiles/UART.dir/C_/Users/taehy/Desktop/RaspberryPi/pico-sdk/src/rp2_common/hardware_sync/sync.c.obj
 *fill*         0x100085b7        0x1 
 .rodata.spin_lock_claim_unused.str1.4
                0x100085b8       0x1b CMakeFiles/UART.dir/C_/Users/taehy/Desktop/RaspberryPi/pico-sdk/src/rp2_common/hardware_sync/sync.c.obj
 *fill*         0x100085d3        0x1 
 .rodata.hardware_alarm_claim.str1.4
                0x100085d4       0x22 CMakeFiles/UART.dir/C_/Users/taehy/Desktop/RaspberryPi/pico-sdk/src/rp2_common/hardware_timer/timer.c.obj
 *fill*         0x100085f6        0x2 
 .rodata.panic.str1.4
                0x100085f8       0x12 CMakeFiles/UART.dir/C_/Users/taehy/Desktop/RaspberryPi/pico-sdk/src/rp2_common/pico_runtime/runtime.c.obj
 *fill*         0x1000860a        0x2 
 .rodata.panic_unsupported.str1.4
                0x1000860c        0xe CMakeFiles/UART.dir/C_/Users/taehy/Desktop/RaspberryPi/pico-sdk/src/rp2_common/pico_runtime/runtime.c.obj
 *fill*         0x1000861a        0x2 
 .rodata.hard_assertion_failure.str1.4
                0x1000861c        0xc CMakeFiles/UART.dir/C_/Users/taehy/Desktop/RaspberryPi/pico-sdk/src/rp2_common/pico_runtime/runtime.c.obj
 .rodata.str1.4
                0x10008628       0x3c CMakeFiles/UART.dir/C_/Users/taehy/Desktop/RaspberryPi/pico-sdk/src/rp2_common/pico_standard_link/binary_info.c.obj
 .rodata.__bi_44
                0x10008664        0xc CMakeFiles/UART.dir/C_/Users/taehy/Desktop/RaspberryPi/pico-sdk/src/rp2_common/pico_standard_link/binary_info.c.obj
 .rodata.__bi_75
                0x10008670        0xc CMakeFiles/UART.dir/C_/Users/taehy/Desktop/RaspberryPi/pico-sdk/src/rp2_common/pico_standard_link/binary_info.c.obj
 .rodata.__bi_81
                0x1000867c        0xc CMakeFiles/UART.dir/C_/Users/taehy/Desktop/RaspberryPi/pico-sdk/src/rp2_common/pico_standard_link/binary_info.c.obj
 .rodata.crlf_str.0
                0x10008688        0x2 CMakeFiles/UART.dir/C_/Users/taehy/Desktop/RaspberryPi/pico-sdk/src/rp2_common/pico_stdio/stdio.c.obj
 *fill*         0x1000868a        0x2 
 .rodata._resetd_driver
                0x1000868c       0x18 CMakeFiles/UART.dir/C_/Users/taehy/Desktop/RaspberryPi/pico-sdk/src/rp2_common/pico_stdio_usb/reset_interface.c.obj
 .rodata.str1.4
                0x100086a4       0x13 CMakeFiles/UART.dir/C_/Users/taehy/Desktop/RaspberryPi/pico-sdk/src/rp2_common/pico_stdio_usb/stdio_usb.c.obj
 *fill*         0x100086b7        0x1 
 .rodata.__bi_93.0
                0x100086b8        0xc CMakeFiles/UART.dir/C_/Users/taehy/Desktop/RaspberryPi/pico-sdk/src/rp2_common/pico_stdio_usb/stdio_usb.c.obj
 .rodata.str1.4
                0x100086c4       0x2a CMakeFiles/UART.dir/C_/Users/taehy/Desktop/RaspberryPi/pico-sdk/src/rp2_common/pico_stdio_usb/stdio_usb_descriptors.c.obj
 *fill*         0x100086ee        0x2 
 .rodata.usbd_desc_cfg
                0x100086f0       0x54 CMakeFiles/UART.dir/C_/Users/taehy/Desktop/RaspberryPi/pico-sdk/src/rp2_common/pico_stdio_usb/stdio_usb_descriptors.c.obj
 .rodata.usbd_desc_device
                0x10008744       0x12 CMakeFiles/UART.dir/C_/Users/taehy/Desktop/RaspberryPi/pico-sdk/src/rp2_common/pico_stdio_usb/stdio_usb_descriptors.c.obj
 *fill*         0x10008756        0x2 
 .rodata.usbd_desc_str
                0x10008758       0x18 CMakeFiles/UART.dir/C_/Users/taehy/Desktop/RaspberryPi/pico-sdk/src/rp2_common/pico_stdio_usb/stdio_usb_descriptors.c.obj
 .rodata.dcd_rp2040_irq.str1.4
                0x10008770       0x14 CMakeFiles/UART.dir/C_/Users/taehy/Desktop/RaspberryPi/pico-sdk/lib/tinyusb/src/portable/raspberrypi/rp2040/dcd_rp2040.c.obj
 .rodata._hw_endpoint_buffer_control_update32.part.0.isra.0.str1.4
                0x10008784       0x1f CMakeFiles/UART.dir/C_/Users/taehy/Desktop/RaspberryPi/pico-sdk/lib/tinyusb/src/portable/raspberrypi/rp2040/rp2040_usb.c.obj
 *fill*         0x100087a3        0x1 
 .rodata.hw_endpoint_xfer_continue.str1.4
                0x100087a4       0x29 CMakeFiles/UART.dir/C_/Users/taehy/Desktop/RaspberryPi/pico-sdk/lib/tinyusb/src/portable/raspberrypi/rp2040/rp2040_usb.c.obj
 *fill*         0x100087cd        0x3 
 .rodata.str1.4
                0x100087d0        0x7 CMakeFiles/UART.dir/C_/Users/taehy/Desktop/RaspberryPi/pico-sdk/lib/tinyusb/src/portable/raspberrypi/rp2040/rp2040_usb.c.obj
 *fill*         0x100087d7        0x1 
 .rodata.tud_task
                0x100087d8       0x8c CMakeFiles/UART.dir/C_/Users/taehy/Desktop/RaspberryPi/pico-sdk/lib/tinyusb/src/device/usbd.c.obj
 .rodata._usbd_driver
                0x10008864       0x18 CMakeFiles/UART.dir/C_/Users/taehy/Desktop/RaspberryPi/pico-sdk/lib/tinyusb/src/device/usbd.c.obj
 .rodata.prvTimerTask
                0x1000887c       0x28 CMakeFiles/UART.dir/C_/Users/taehy/Desktop/Code/LearnC/FreeRTOS/freertos-pico/FreeRTOS-Kernel/timers.c.obj
 .rodata.xTimerCreateTimerTask.str1.4
                0x100088a4       0x10 CMakeFiles/UART.dir/C_/Users/taehy/Desktop/Code/LearnC/FreeRTOS/freertos-pico/FreeRTOS-Kernel/timers.c.obj
                0x100088b4                . = ALIGN (0x4)
 *(SORT_BY_ALIGNMENT(SORT_BY_NAME(.flashdata*)))
                0x100088b4                . = ALIGN (0x4)

.rel.dyn        0x100088b4        0x0
 .rel.iplt      0x100088b4        0x0 c:/progra~2/gnuarm~1/102021~1.10/bin/../lib/gcc/arm-none-eabi/10.3.1/thumb/v6-m/nofp/crtbegin.o

.ARM.extab
 *(.ARM.extab* .gnu.linkonce.armextab.*)
                0x100088b4                __exidx_start = .

.ARM.exidx
 *(.ARM.exidx* .gnu.linkonce.armexidx.*)
                0x100088b4                __exidx_end = .
                0x100088b4                . = ALIGN (0x4)
                0x100088b4                __binary_info_start = .

.binary_info    0x100088b4       0x20
 *(.binary_info.keep.*)
 .binary_info.keep.__bi_ptr22
                0x100088b4        0x4 CMakeFiles/UART.dir/C_/Users/taehy/Desktop/RaspberryPi/pico-sdk/src/rp2_common/pico_standard_link/binary_info.c.obj
 .binary_info.keep.__bi_ptr30
                0x100088b8        0x4 CMakeFiles/UART.dir/C_/Users/taehy/Desktop/RaspberryPi/pico-sdk/src/rp2_common/pico_standard_link/binary_info.c.obj
 .binary_info.keep.__bi_ptr38
                0x100088bc        0x4 CMakeFiles/UART.dir/C_/Users/taehy/Desktop/RaspberryPi/pico-sdk/src/rp2_common/pico_standard_link/binary_info.c.obj
 .binary_info.keep.__bi_ptr44
                0x100088c0        0x4 CMakeFiles/UART.dir/C_/Users/taehy/Desktop/RaspberryPi/pico-sdk/src/rp2_common/pico_standard_link/binary_info.c.obj
 .binary_info.keep.__bi_ptr50
                0x100088c4        0x4 CMakeFiles/UART.dir/C_/Users/taehy/Desktop/RaspberryPi/pico-sdk/src/rp2_common/pico_standard_link/binary_info.c.obj
 .binary_info.keep.__bi_ptr75
                0x100088c8        0x4 CMakeFiles/UART.dir/C_/Users/taehy/Desktop/RaspberryPi/pico-sdk/src/rp2_common/pico_standard_link/binary_info.c.obj
 .binary_info.keep.__bi_ptr81
                0x100088cc        0x4 CMakeFiles/UART.dir/C_/Users/taehy/Desktop/RaspberryPi/pico-sdk/src/rp2_common/pico_standard_link/binary_info.c.obj
 *(.binary_info.*)
 .binary_info.__bi_ptr93
                0x100088d0        0x4 CMakeFiles/UART.dir/C_/Users/taehy/Desktop/RaspberryPi/pico-sdk/src/rp2_common/pico_stdio_usb/stdio_usb.c.obj
                0x100088d4                __binary_info_end = .
                0x100088d4                . = ALIGN (0x4)
                0x100088d4                __etext = .

.ram_vector_table
                0x20000000       0xc0
 *(.ram_vector_table)
 .ram_vector_table
                0x20000000       0xc0 CMakeFiles/UART.dir/C_/Users/taehy/Desktop/RaspberryPi/pico-sdk/src/rp2_common/pico_runtime/runtime.c.obj
                0x20000000                ram_vector_table

.data           0x200000c0      0x3d4 load address 0x100088d4
                0x200000c0                __data_start__ = .
 *(vtable)
 *(.time_critical*)
 .time_critical.mutex_enter_blocking
                0x200000c0       0x3c CMakeFiles/UART.dir/C_/Users/taehy/Desktop/RaspberryPi/pico-sdk/src/common/pico_sync/mutex.c.obj
                0x200000c0                mutex_enter_blocking
 .time_critical.mutex_try_enter
                0x200000fc       0x44 CMakeFiles/UART.dir/C_/Users/taehy/Desktop/RaspberryPi/pico-sdk/src/common/pico_sync/mutex.c.obj
                0x200000fc                mutex_try_enter
 .time_critical.mutex_enter_timeout_ms
                0x20000140       0x88 CMakeFiles/UART.dir/C_/Users/taehy/Desktop/RaspberryPi/pico-sdk/src/common/pico_sync/mutex.c.obj
                0x20000140                mutex_enter_timeout_ms
 .time_critical.mutex_exit
                0x200001c8       0x20 CMakeFiles/UART.dir/C_/Users/taehy/Desktop/RaspberryPi/pico-sdk/src/common/pico_sync/mutex.c.obj
                0x200001c8                mutex_exit
 .time_critical.flash_init_boot2_copyout
                0x200001e8       0x30 CMakeFiles/UART.dir/C_/Users/taehy/Desktop/RaspberryPi/pico-sdk/src/rp2_common/hardware_flash/flash.c.obj
 .time_critical.flash_enable_xip_via_boot2
                0x20000218       0x10 CMakeFiles/UART.dir/C_/Users/taehy/Desktop/RaspberryPi/pico-sdk/src/rp2_common/hardware_flash/flash.c.obj
 .time_critical.flash_cs_force
                0x20000228       0x38 CMakeFiles/UART.dir/C_/Users/taehy/Desktop/RaspberryPi/pico-sdk/src/rp2_common/hardware_flash/flash.c.obj
 .time_critical.flash_do_cmd
                0x20000260       0xc4 CMakeFiles/UART.dir/C_/Users/taehy/Desktop/RaspberryPi/pico-sdk/src/rp2_common/hardware_flash/flash.c.obj
                0x20000260                flash_do_cmd
 *(.text*)
 .text          0x20000324        0x4 c:/progra~2/gnuarm~1/102021~1.10/bin/../lib/gcc/arm-none-eabi/10.3.1/thumb/v6-m/nofp\libgcc.a(_dvmd_tls.o)
                0x20000324                __aeabi_idiv0
                0x20000324                __aeabi_ldiv0
 .text.__stub   0x20000328       0x60 linker stubs
                0x20000388                . = ALIGN (0x4)
 *(.rodata*)
                0x20000388                . = ALIGN (0x4)
 *(.data*)
 .data.striped_spin_lock_num
                0x20000388        0x1 CMakeFiles/UART.dir/C_/Users/taehy/Desktop/RaspberryPi/pico-sdk/src/rp2_common/hardware_sync/sync.c.obj
 *fill*         0x20000389        0x3 
 .data.default_alarm_pool
                0x2000038c       0x18 CMakeFiles/UART.dir/C_/Users/taehy/Desktop/RaspberryPi/pico-sdk/src/common/pico_time/time.c.obj
 .data.default_alarm_pool_heap
                0x200003a4       0x10 CMakeFiles/UART.dir/C_/Users/taehy/Desktop/RaspberryPi/pico-sdk/src/common/pico_time/time.c.obj
 .data          0x200003b4       0x48 CMakeFiles/UART.dir/C_/Users/taehy/Desktop/RaspberryPi/pico-sdk/src/rp2_common/hardware_irq/irq_handler_chain.S.obj
                0x200003b4                irq_handler_chain_slots
                0x200003e4                irq_handler_chain_first_slot
                0x200003ee                irq_handler_chain_remove_tail
 *fill*         0x200003fc        0x4 
 .data.aeabi_bits_funcs
                0x20000400       0x10 CMakeFiles/UART.dir/C_/Users/taehy/Desktop/RaspberryPi/pico-sdk/src/rp2_common/pico_bit_ops/bit_ops_aeabi.S.obj
                0x20000400                aeabi_bits_funcs
                0x20000410                aeabi_bits_funcs_end
 .data.aeabi_mem_funcs
                0x20000410       0x10 CMakeFiles/UART.dir/C_/Users/taehy/Desktop/RaspberryPi/pico-sdk/src/rp2_common/pico_mem_ops/mem_ops_aeabi.S.obj
                0x20000410                aeabi_mem_funcs
                0x20000420                aeabi_mem_funcs_end
 .data.stdio_usb
                0x20000420       0x14 CMakeFiles/UART.dir/C_/Users/taehy/Desktop/RaspberryPi/pico-sdk/src/rp2_common/pico_stdio_usb/stdio_usb.c.obj
                0x20000420                stdio_usb
 .data.ep_dir_string
                0x20000434        0x8 CMakeFiles/UART.dir/C_/Users/taehy/Desktop/RaspberryPi/pico-sdk/lib/tinyusb/src/portable/raspberrypi/rp2040/rp2040_usb.c.obj
                0x20000434                ep_dir_string
 .data._usbd_qdef
                0x2000043c       0x24 CMakeFiles/UART.dir/C_/Users/taehy/Desktop/RaspberryPi/pico-sdk/lib/tinyusb/src/device/usbd.c.obj
                0x2000043c                _usbd_qdef
 .data.ucPrimaryCoreNum
                0x20000460        0x1 CMakeFiles/UART.dir/C_/Users/taehy/Desktop/Code/LearnC/FreeRTOS/freertos-pico/FreeRTOS-Kernel/portable/ThirdParty/GCC/RP2040/port.c.obj
 *fill*         0x20000461        0x3 
 .data.uxTopUsedPriority
                0x20000464        0x4 CMakeFiles/UART.dir/C_/Users/taehy/Desktop/Code/LearnC/FreeRTOS/freertos-pico/FreeRTOS-Kernel/tasks.c.obj
                0x20000464                uxTopUsedPriority
                0x20000468                . = ALIGN (0x4)
 *(.after_data.*)
                0x20000468                . = ALIGN (0x4)
                0x20000468                PROVIDE (__mutex_array_start = .)
 *(SORT_BY_NAME(.mutex_array.*))
 *(.mutex_array)
 .mutex_array   0x20000468        0x8 CMakeFiles/UART.dir/C_/Users/taehy/Desktop/RaspberryPi/pico-sdk/src/rp2_common/pico_malloc/pico_malloc.c.obj
 .mutex_array   0x20000470        0x8 CMakeFiles/UART.dir/C_/Users/taehy/Desktop/RaspberryPi/pico-sdk/src/rp2_common/pico_stdio/stdio.c.obj
                0x20000478                PROVIDE (__mutex_array_end = .)
                0x20000478                . = ALIGN (0x4)
                0x20000478                PROVIDE (__preinit_array_start = .)
 *(SORT_BY_NAME(.preinit_array.*))
 .preinit_array.00001
                0x20000478        0x4 CMakeFiles/UART.dir/C_/Users/taehy/Desktop/RaspberryPi/pico-sdk/src/rp2_common/pico_mem_ops/mem_ops_aeabi.S.obj
 .preinit_array.00010
                0x2000047c        0x4 CMakeFiles/UART.dir/C_/Users/taehy/Desktop/RaspberryPi/pico-sdk/src/rp2_common/pico_bit_ops/bit_ops_aeabi.S.obj
 .preinit_array.00020
                0x20000480        0x4 CMakeFiles/UART.dir/C_/Users/taehy/Desktop/RaspberryPi/pico-sdk/src/rp2_common/pico_double/double_aeabi.S.obj
 .preinit_array.00020
                0x20000484        0x4 CMakeFiles/UART.dir/C_/Users/taehy/Desktop/RaspberryPi/pico-sdk/src/rp2_common/pico_float/float_aeabi.S.obj
 *(.preinit_array)
                0x20000488                PROVIDE (__preinit_array_end = .)
                0x20000488                . = ALIGN (0x4)
                0x20000488                PROVIDE (__init_array_start = .)
 *(SORT_BY_NAME(.init_array.*))
 *(.init_array)
 .init_array    0x20000488        0x4 c:/progra~2/gnuarm~1/102021~1.10/bin/../lib/gcc/arm-none-eabi/10.3.1/thumb/v6-m/nofp/crtbegin.o
 .init_array    0x2000048c        0x4 CMakeFiles/UART.dir/C_/Users/taehy/Desktop/RaspberryPi/pico-sdk/src/rp2_common/pico_unique_id/unique_id.c.obj
 .init_array    0x20000490        0x4 CMakeFiles/UART.dir/C_/Users/taehy/Desktop/Code/LearnC/FreeRTOS/freertos-pico/FreeRTOS-Kernel/portable/ThirdParty/GCC/RP2040/port.c.obj
                0x20000494                PROVIDE (__init_array_end = .)
                0x20000494                . = ALIGN (0x4)
                [!provide]                PROVIDE (__fini_array_start = .)
 *(SORT_BY_NAME(.fini_array.*))
 *(.fini_array)
                [!provide]                PROVIDE (__fini_array_end = .)
 *(.jcr)
                0x20000494                . = ALIGN (0x4)
                0x20000494                __data_end__ = .

.igot.plt       0x20000494        0x0 load address 0x10008ca8
 .igot.plt      0x20000494        0x0 c:/progra~2/gnuarm~1/102021~1.10/bin/../lib/gcc/arm-none-eabi/10.3.1/thumb/v6-m/nofp/crtbegin.o

.uninitialized_data
                0x20000494        0x0 load address 0x10008ca8
                0x20000494                . = ALIGN (0x4)
 *(.uninitialized_data*)

.scratch_x      0x20040000        0x0 load address 0x10008ca8
                0x20040000                __scratch_x_start__ = .
 *(.scratch_x.*)
                0x20040000                . = ALIGN (0x4)
                0x20040000                __scratch_x_end__ = .
                0x10008ca8                __scratch_x_source__ = LOADADDR (.scratch_x)

.scratch_y      0x20041000        0x0 load address 0x10008ca8
                0x20041000                __scratch_y_start__ = .
 *(.scratch_y.*)
                0x20041000                . = ALIGN (0x4)
                0x20041000                __scratch_y_end__ = .
                0x10008ca8                __scratch_y_source__ = LOADADDR (.scratch_y)

.bss            0x20000498    0x21168
                0x20000498                . = ALIGN (0x4)
                0x20000498                __bss_start__ = .
 *(SORT_BY_ALIGNMENT(SORT_BY_NAME(.bss*)))
 .bss.default_alarm_pool_entries
                0x20000498      0x100 CMakeFiles/UART.dir/C_/Users/taehy/Desktop/RaspberryPi/pico-sdk/src/common/pico_time/time.c.obj
 .bss.last_avail_time.1
                0x20000598        0x8 CMakeFiles/UART.dir/C_/Users/taehy/Desktop/RaspberryPi/pico-sdk/src/rp2_common/pico_stdio_usb/stdio_usb.c.obj
 .bss.sd_table  0x200005a0      0x100 CMakeFiles/UART.dir/C_/Users/taehy/Desktop/RaspberryPi/pico-sdk/src/rp2_common/pico_double/double_init_rom.c.obj
                0x200005a0                sd_table
 .bss.sf_table  0x200006a0      0x100 CMakeFiles/UART.dir/C_/Users/taehy/Desktop/RaspberryPi/pico-sdk/src/rp2_common/pico_float/float_init_rom.c.obj
                0x200006a0                sf_table
 .bss.xQueueRegistry
                0x200007a0       0x40 CMakeFiles/UART.dir/C_/Users/taehy/Desktop/Code/LearnC/FreeRTOS/freertos-pico/FreeRTOS-Kernel/queue.c.obj
                0x200007a0                xQueueRegistry
 .bss           0x200007e0       0x1c c:/progra~2/gnuarm~1/102021~1.10/bin/../lib/gcc/arm-none-eabi/10.3.1/thumb/v6-m/nofp/crtbegin.o
 .bss._app_driver
                0x200007fc        0x4 CMakeFiles/UART.dir/C_/Users/taehy/Desktop/RaspberryPi/pico-sdk/lib/tinyusb/src/device/usbd.c.obj
 .bss._cdcd_itf
                0x20000800      0x2d8 CMakeFiles/UART.dir/C_/Users/taehy/Desktop/RaspberryPi/pico-sdk/lib/tinyusb/src/class/cdc/cdc_device.c.obj
 .bss._ctrl_xfer
                0x20000ad8       0x14 CMakeFiles/UART.dir/C_/Users/taehy/Desktop/RaspberryPi/pico-sdk/lib/tinyusb/src/device/usbd_control.c.obj
 .bss._ubsd_mutexdef
                0x20000aec        0x8 CMakeFiles/UART.dir/C_/Users/taehy/Desktop/RaspberryPi/pico-sdk/lib/tinyusb/src/device/usbd.c.obj
 .bss._usbd_ctrl_buf
                0x20000af4       0x40 CMakeFiles/UART.dir/C_/Users/taehy/Desktop/RaspberryPi/pico-sdk/lib/tinyusb/src/device/usbd_control.c.obj
 .bss._usbd_dev
                0x20000b34       0x53 CMakeFiles/UART.dir/C_/Users/taehy/Desktop/RaspberryPi/pico-sdk/lib/tinyusb/src/device/usbd.c.obj
 *fill*         0x20000b87        0x1 
 .bss._usbd_mutex
                0x20000b88        0x4 CMakeFiles/UART.dir/C_/Users/taehy/Desktop/RaspberryPi/pico-sdk/lib/tinyusb/src/device/usbd.c.obj
 .bss._usbd_q   0x20000b8c        0x4 CMakeFiles/UART.dir/C_/Users/taehy/Desktop/RaspberryPi/pico-sdk/lib/tinyusb/src/device/usbd.c.obj
 .bss._usbd_qdef_buf
                0x20000b90       0xc0 CMakeFiles/UART.dir/C_/Users/taehy/Desktop/RaspberryPi/pico-sdk/lib/tinyusb/src/device/usbd.c.obj
                0x20000b90                _usbd_qdef_buf
 .bss.alarm_callbacks
                0x20000c50       0x10 CMakeFiles/UART.dir/C_/Users/taehy/Desktop/RaspberryPi/pico-sdk/src/rp2_common/hardware_timer/timer.c.obj
 .bss.boot2_copyout
                0x20000c60      0x100 CMakeFiles/UART.dir/C_/Users/taehy/Desktop/RaspberryPi/pico-sdk/src/rp2_common/hardware_flash/flash.c.obj
 .bss.claimed   0x20000d60        0x4 CMakeFiles/UART.dir/C_/Users/taehy/Desktop/RaspberryPi/pico-sdk/src/rp2_common/hardware_sync/sync.c.obj
 .bss.configured_freq
                0x20000d64       0x28 CMakeFiles/UART.dir/C_/Users/taehy/Desktop/RaspberryPi/pico-sdk/src/rp2_common/hardware_clocks/clocks.c.obj
 .bss.default_alarm_pool_entry_ids_high
                0x20000d8c       0x10 CMakeFiles/UART.dir/C_/Users/taehy/Desktop/RaspberryPi/pico-sdk/src/common/pico_time/time.c.obj
 .bss.default_alarm_pool_heap_nodes
                0x20000d9c       0x30 CMakeFiles/UART.dir/C_/Users/taehy/Desktop/RaspberryPi/pico-sdk/src/common/pico_time/time.c.obj
 .bss.desc_str.0
                0x20000dcc       0x28 CMakeFiles/UART.dir/C_/Users/taehy/Desktop/RaspberryPi/pico-sdk/src/rp2_common/pico_stdio_usb/stdio_usb_descriptors.c.obj
 .bss.drivers   0x20000df4        0x4 CMakeFiles/UART.dir/C_/Users/taehy/Desktop/RaspberryPi/pico-sdk/src/rp2_common/pico_stdio/stdio.c.obj
 .bss.filter    0x20000df8        0x4 CMakeFiles/UART.dir/C_/Users/taehy/Desktop/RaspberryPi/pico-sdk/src/rp2_common/pico_stdio/stdio.c.obj
 .bss.hw_endpoints
                0x20000dfc      0x400 CMakeFiles/UART.dir/C_/Users/taehy/Desktop/RaspberryPi/pico-sdk/lib/tinyusb/src/portable/raspberrypi/rp2040/dcd_rp2040.c.obj
 .bss.lazy_vsnprintf
                0x200011fc        0x4 CMakeFiles/UART.dir/C_/Users/taehy/Desktop/RaspberryPi/pico-sdk/src/rp2_common/pico_printf/printf.c.obj
 .bss.load_value
                0x20001200        0x4 CMakeFiles/UART.dir/C_/Users/taehy/Desktop/RaspberryPi/pico-sdk/src/rp2_common/hardware_watchdog/watchdog.c.obj
 .bss.next_buffer_ptr
                0x20001204        0x4 CMakeFiles/UART.dir/C_/Users/taehy/Desktop/RaspberryPi/pico-sdk/lib/tinyusb/src/portable/raspberrypi/rp2040/dcd_rp2040.c.obj
 .bss.pools     0x20001208       0x10 CMakeFiles/UART.dir/C_/Users/taehy/Desktop/RaspberryPi/pico-sdk/src/common/pico_time/time.c.obj
 .bss.pxCurrentTCBs
                0x20001218        0x8 CMakeFiles/UART.dir/C_/Users/taehy/Desktop/Code/LearnC/FreeRTOS/freertos-pico/FreeRTOS-Kernel/tasks.c.obj
                0x20001218                pxCurrentTCBs
 .bss.pxCurrentTimerList
                0x20001220        0x4 CMakeFiles/UART.dir/C_/Users/taehy/Desktop/Code/LearnC/FreeRTOS/freertos-pico/FreeRTOS-Kernel/timers.c.obj
 .bss.pxDelayedTaskList
                0x20001224        0x4 CMakeFiles/UART.dir/C_/Users/taehy/Desktop/Code/LearnC/FreeRTOS/freertos-pico/FreeRTOS-Kernel/tasks.c.obj
 .bss.pxEnd     0x20001228        0x4 CMakeFiles/UART.dir/C_/Users/taehy/Desktop/Code/LearnC/FreeRTOS/freertos-pico/FreeRTOS-Kernel/portable/MemMang/heap_4.c.obj
 .bss.pxOverflowDelayedTaskList
                0x2000122c        0x4 CMakeFiles/UART.dir/C_/Users/taehy/Desktop/Code/LearnC/FreeRTOS/freertos-pico/FreeRTOS-Kernel/tasks.c.obj
 .bss.pxOverflowTimerList
                0x20001230        0x4 CMakeFiles/UART.dir/C_/Users/taehy/Desktop/Code/LearnC/FreeRTOS/freertos-pico/FreeRTOS-Kernel/timers.c.obj
 .bss.pxReadyTasksLists
                0x20001234      0x280 CMakeFiles/UART.dir/C_/Users/taehy/Desktop/Code/LearnC/FreeRTOS/freertos-pico/FreeRTOS-Kernel/tasks.c.obj
 .bss.pxYieldSpinLock
                0x200014b4        0x8 CMakeFiles/UART.dir/C_/Users/taehy/Desktop/Code/LearnC/FreeRTOS/freertos-pico/FreeRTOS-Kernel/portable/ThirdParty/GCC/RP2040/port.c.obj
 .bss.retrieved_id
                0x200014bc        0x8 CMakeFiles/UART.dir/C_/Users/taehy/Desktop/RaspberryPi/pico-sdk/src/rp2_common/pico_unique_id/unique_id.c.obj
 .bss.sf_clz_func
                0x200014c4        0x4 CMakeFiles/UART.dir/C_/Users/taehy/Desktop/RaspberryPi/pico-sdk/src/rp2_common/pico_double/double_init_rom.c.obj
                0x200014c4                sf_clz_func
 .bss.sleep_notifier
                0x200014c8        0x4 CMakeFiles/UART.dir/C_/Users/taehy/Desktop/RaspberryPi/pico-sdk/src/common/pico_time/time.c.obj
 .bss.stdio_usb_mutex
                0x200014cc        0x8 CMakeFiles/UART.dir/C_/Users/taehy/Desktop/RaspberryPi/pico-sdk/src/rp2_common/pico_stdio_usb/stdio_usb.c.obj
 .bss.target_hi
                0x200014d4       0x10 CMakeFiles/UART.dir/C_/Users/taehy/Desktop/RaspberryPi/pico-sdk/src/rp2_common/hardware_timer/timer.c.obj
 .bss.ucHeap    0x200014e4    0x20000 CMakeFiles/UART.dir/C_/Users/taehy/Desktop/Code/LearnC/FreeRTOS/freertos-pico/FreeRTOS-Kernel/portable/MemMang/heap_4.c.obj
 .bss.ucOwnedByCore.1
                0x200214e4        0x2 CMakeFiles/UART.dir/C_/Users/taehy/Desktop/Code/LearnC/FreeRTOS/freertos-pico/FreeRTOS-Kernel/tasks.c.obj
 *fill*         0x200214e6        0x2 
 .bss.ucRecursionCountByLock.0
                0x200214e8        0x2 CMakeFiles/UART.dir/C_/Users/taehy/Desktop/Code/LearnC/FreeRTOS/freertos-pico/FreeRTOS-Kernel/tasks.c.obj
 *fill*         0x200214ea        0x2 
 .bss.ulYieldSpinLockSaveValue
                0x200214ec        0x8 CMakeFiles/UART.dir/C_/Users/taehy/Desktop/Code/LearnC/FreeRTOS/freertos-pico/FreeRTOS-Kernel/portable/ThirdParty/GCC/RP2040/port.c.obj
 .bss.usbd_serial_str
                0x200214f4       0x11 CMakeFiles/UART.dir/C_/Users/taehy/Desktop/RaspberryPi/pico-sdk/src/rp2_common/pico_stdio_usb/stdio_usb_descriptors.c.obj
 *fill*         0x20021505        0x3 
 .bss.uxCurrentNumberOfTasks
                0x20021508        0x4 CMakeFiles/UART.dir/C_/Users/taehy/Desktop/Code/LearnC/FreeRTOS/freertos-pico/FreeRTOS-Kernel/tasks.c.obj
 .bss.uxDeletedTasksWaitingCleanUp
                0x2002150c        0x4 CMakeFiles/UART.dir/C_/Users/taehy/Desktop/Code/LearnC/FreeRTOS/freertos-pico/FreeRTOS-Kernel/tasks.c.obj
 .bss.uxSchedulerSuspended
                0x20021510        0x4 CMakeFiles/UART.dir/C_/Users/taehy/Desktop/Code/LearnC/FreeRTOS/freertos-pico/FreeRTOS-Kernel/tasks.c.obj
 .bss.uxTaskNumber
                0x20021514        0x4 CMakeFiles/UART.dir/C_/Users/taehy/Desktop/Code/LearnC/FreeRTOS/freertos-pico/FreeRTOS-Kernel/tasks.c.obj
 .bss.uxTopReadyPriority
                0x20021518        0x4 CMakeFiles/UART.dir/C_/Users/taehy/Desktop/Code/LearnC/FreeRTOS/freertos-pico/FreeRTOS-Kernel/tasks.c.obj
 .bss.xActiveTimerList1
                0x2002151c       0x14 CMakeFiles/UART.dir/C_/Users/taehy/Desktop/Code/LearnC/FreeRTOS/freertos-pico/FreeRTOS-Kernel/timers.c.obj
 .bss.xActiveTimerList2
                0x20021530       0x14 CMakeFiles/UART.dir/C_/Users/taehy/Desktop/Code/LearnC/FreeRTOS/freertos-pico/FreeRTOS-Kernel/timers.c.obj
 .bss.xBlockAllocatedBit
                0x20021544        0x4 CMakeFiles/UART.dir/C_/Users/taehy/Desktop/Code/LearnC/FreeRTOS/freertos-pico/FreeRTOS-Kernel/portable/MemMang/heap_4.c.obj
 .bss.xDelayedTaskList1
                0x20021548       0x14 CMakeFiles/UART.dir/C_/Users/taehy/Desktop/Code/LearnC/FreeRTOS/freertos-pico/FreeRTOS-Kernel/tasks.c.obj
 .bss.xDelayedTaskList2
                0x2002155c       0x14 CMakeFiles/UART.dir/C_/Users/taehy/Desktop/Code/LearnC/FreeRTOS/freertos-pico/FreeRTOS-Kernel/tasks.c.obj
 .bss.xEventGroup
                0x20021570        0x4 CMakeFiles/UART.dir/C_/Users/taehy/Desktop/Code/LearnC/FreeRTOS/freertos-pico/FreeRTOS-Kernel/portable/ThirdParty/GCC/RP2040/port.c.obj
 .bss.xFreeBytesRemaining
                0x20021574        0x4 CMakeFiles/UART.dir/C_/Users/taehy/Desktop/Code/LearnC/FreeRTOS/freertos-pico/FreeRTOS-Kernel/portable/MemMang/heap_4.c.obj
 .bss.xIdleTaskHandle
                0x20021578        0x8 CMakeFiles/UART.dir/C_/Users/taehy/Desktop/Code/LearnC/FreeRTOS/freertos-pico/FreeRTOS-Kernel/tasks.c.obj
 .bss.xLastTime.0
                0x20021580        0x4 CMakeFiles/UART.dir/C_/Users/taehy/Desktop/Code/LearnC/FreeRTOS/freertos-pico/FreeRTOS-Kernel/timers.c.obj
 .bss.xMinimumEverFreeBytesRemaining
                0x20021584        0x4 CMakeFiles/UART.dir/C_/Users/taehy/Desktop/Code/LearnC/FreeRTOS/freertos-pico/FreeRTOS-Kernel/portable/MemMang/heap_4.c.obj
 .bss.xNextTaskUnblockTime
                0x20021588        0x4 CMakeFiles/UART.dir/C_/Users/taehy/Desktop/Code/LearnC/FreeRTOS/freertos-pico/FreeRTOS-Kernel/tasks.c.obj
 .bss.xNumOfOverflows
                0x2002158c        0x4 CMakeFiles/UART.dir/C_/Users/taehy/Desktop/Code/LearnC/FreeRTOS/freertos-pico/FreeRTOS-Kernel/tasks.c.obj
 .bss.xNumberOfSuccessfulAllocations
                0x20021590        0x4 CMakeFiles/UART.dir/C_/Users/taehy/Desktop/Code/LearnC/FreeRTOS/freertos-pico/FreeRTOS-Kernel/portable/MemMang/heap_4.c.obj
 .bss.xNumberOfSuccessfulFrees
                0x20021594        0x4 CMakeFiles/UART.dir/C_/Users/taehy/Desktop/Code/LearnC/FreeRTOS/freertos-pico/FreeRTOS-Kernel/portable/MemMang/heap_4.c.obj
 .bss.xPendedTicks
                0x20021598        0x4 CMakeFiles/UART.dir/C_/Users/taehy/Desktop/Code/LearnC/FreeRTOS/freertos-pico/FreeRTOS-Kernel/tasks.c.obj
 .bss.xPendingReadyList
                0x2002159c       0x14 CMakeFiles/UART.dir/C_/Users/taehy/Desktop/Code/LearnC/FreeRTOS/freertos-pico/FreeRTOS-Kernel/tasks.c.obj
 .bss.xSchedulerRunning
                0x200215b0        0x4 CMakeFiles/UART.dir/C_/Users/taehy/Desktop/Code/LearnC/FreeRTOS/freertos-pico/FreeRTOS-Kernel/tasks.c.obj
 .bss.xStart    0x200215b4        0x8 CMakeFiles/UART.dir/C_/Users/taehy/Desktop/Code/LearnC/FreeRTOS/freertos-pico/FreeRTOS-Kernel/portable/MemMang/heap_4.c.obj
 .bss.xSuspendedTaskList
                0x200215bc       0x14 CMakeFiles/UART.dir/C_/Users/taehy/Desktop/Code/LearnC/FreeRTOS/freertos-pico/FreeRTOS-Kernel/tasks.c.obj
 .bss.xTasksWaitingTermination
                0x200215d0       0x14 CMakeFiles/UART.dir/C_/Users/taehy/Desktop/Code/LearnC/FreeRTOS/freertos-pico/FreeRTOS-Kernel/tasks.c.obj
 .bss.xTickCount
                0x200215e4        0x4 CMakeFiles/UART.dir/C_/Users/taehy/Desktop/Code/LearnC/FreeRTOS/freertos-pico/FreeRTOS-Kernel/tasks.c.obj
 .bss.xTimerQueue
                0x200215e8        0x4 CMakeFiles/UART.dir/C_/Users/taehy/Desktop/Code/LearnC/FreeRTOS/freertos-pico/FreeRTOS-Kernel/timers.c.obj
 .bss.xTimerTaskHandle
                0x200215ec        0x4 CMakeFiles/UART.dir/C_/Users/taehy/Desktop/Code/LearnC/FreeRTOS/freertos-pico/FreeRTOS-Kernel/timers.c.obj
 .bss.xYieldPendings
                0x200215f0        0x8 CMakeFiles/UART.dir/C_/Users/taehy/Desktop/Code/LearnC/FreeRTOS/freertos-pico/FreeRTOS-Kernel/tasks.c.obj
 .bss._app_driver_count
                0x200215f8        0x1 CMakeFiles/UART.dir/C_/Users/taehy/Desktop/RaspberryPi/pico-sdk/lib/tinyusb/src/device/usbd.c.obj
 .bss._usbd_initialized
                0x200215f9        0x1 CMakeFiles/UART.dir/C_/Users/taehy/Desktop/RaspberryPi/pico-sdk/lib/tinyusb/src/device/usbd.c.obj
 .bss.boot2_copyout_valid
                0x200215fa        0x1 CMakeFiles/UART.dir/C_/Users/taehy/Desktop/RaspberryPi/pico-sdk/src/rp2_common/hardware_flash/flash.c.obj
 .bss.claimed   0x200215fb        0x1 CMakeFiles/UART.dir/C_/Users/taehy/Desktop/RaspberryPi/pico-sdk/src/rp2_common/hardware_timer/timer.c.obj
 .bss.irq_hander_chain_free_slot_head
                0x200215fc        0x1 CMakeFiles/UART.dir/C_/Users/taehy/Desktop/RaspberryPi/pico-sdk/src/rp2_common/hardware_irq/irq.c.obj
 .bss.itf_num   0x200215fd        0x1 CMakeFiles/UART.dir/C_/Users/taehy/Desktop/RaspberryPi/pico-sdk/src/rp2_common/pico_stdio_usb/reset_interface.c.obj
 .bss.timer_callbacks_pending
                0x200215fe        0x1 CMakeFiles/UART.dir/C_/Users/taehy/Desktop/RaspberryPi/pico-sdk/src/rp2_common/hardware_timer/timer.c.obj
 *(COMMON)
                0x20021600                . = ALIGN (0x4)
 *fill*         0x200215ff        0x1 
                0x20021600                __bss_end__ = .

.heap           0x20021600      0x800
                0x20021600                __end__ = .
                0x20021600                end = __end__
 *(.heap*)
 .heap          0x20021600      0x800 CMakeFiles/UART.dir/C_/Users/taehy/Desktop/RaspberryPi/pico-sdk/src/rp2_common/pico_standard_link/crt0.S.obj
                0x20021e00                __HeapLimit = .

.stack1_dummy   0x20040000      0x800
 *(.stack1*)
 .stack1        0x20040000      0x800 CMakeFiles/UART.dir/C_/Users/taehy/Desktop/RaspberryPi/pico-sdk/src/rp2_common/pico_multicore/multicore.c.obj

.stack_dummy    0x20041000      0x800
 *(.stack*)
 .stack         0x20041000      0x800 CMakeFiles/UART.dir/C_/Users/taehy/Desktop/RaspberryPi/pico-sdk/src/rp2_common/pico_standard_link/crt0.S.obj

.flash_end      0x10008ca8        0x0
                0x10008ca8                __flash_binary_end = .
                0x20040000                __StackLimit = (ORIGIN (RAM) + LENGTH (RAM))
                0x20041000                __StackOneTop = (ORIGIN (SCRATCH_X) + LENGTH (SCRATCH_X))
                0x20042000                __StackTop = (ORIGIN (SCRATCH_Y) + LENGTH (SCRATCH_Y))
                0x20040800                __StackOneBottom = (__StackOneTop - SIZEOF (.stack1_dummy))
                0x20041800                __StackBottom = (__StackTop - SIZEOF (.stack_dummy))
                0x20042000                PROVIDE (__stack = __StackTop)
                0x00000001                ASSERT ((__StackLimit >= __HeapLimit), region RAM overflowed)
                0x00000001                ASSERT (((__binary_info_header_end - __logical_binary_start) <= 0x100), Binary info must be in first 256 bytes of the binary)
LOAD CMakeFiles/UART.dir/main.c.obj