Archive member included to satisfy reference by file (symbol)

c:/progra~2/gnuarm~1/102021~1.10/bin/../lib/gcc/arm-none-eabi/10.3.1/thumb/v6-m/nofp\libgcc.a(_dvmd_tls.o)
                              CMakeFiles/blink.dir/C_/Users/taehy/Desktop/RaspberryPi/pico-sdk/src/rp2_common/pico_divider/divider.S.obj (__aeabi_idiv0)
c:/progra~2/gnuarm~1/102021~1.10/bin/../lib/gcc/arm-none-eabi/10.3.1/../../../../arm-none-eabi/lib/thumb/v6-m/nofp\libc.a(lib_a-calloc.o)
                              CMakeFiles/blink.dir/C_/Users/taehy/Desktop/RaspberryPi/pico-sdk/src/rp2_common/pico_malloc/pico_malloc.c.obj (calloc)
c:/progra~2/gnuarm~1/102021~1.10/bin/../lib/gcc/arm-none-eabi/10.3.1/../../../../arm-none-eabi/lib/thumb/v6-m/nofp\libc.a(lib_a-callocr.o)
                              c:/progra~2/gnuarm~1/102021~1.10/bin/../lib/gcc/arm-none-eabi/10.3.1/../../../../arm-none-eabi/lib/thumb/v6-m/nofp\libc.a(lib_a-calloc.o) (_calloc_r)
c:/progra~2/gnuarm~1/102021~1.10/bin/../lib/gcc/arm-none-eabi/10.3.1/../../../../arm-none-eabi/lib/thumb/v6-m/nofp\libc.a(lib_a-errno.o)
                              c:/progra~2/gnuarm~1/102021~1.10/bin/../lib/gcc/arm-none-eabi/10.3.1/../../../../arm-none-eabi/lib/thumb/v6-m/nofp\libc.a(lib_a-callocr.o) (__errno)
c:/progra~2/gnuarm~1/102021~1.10/bin/../lib/gcc/arm-none-eabi/10.3.1/../../../../arm-none-eabi/lib/thumb/v6-m/nofp\libc.a(lib_a-impure.o)
                              c:/progra~2/gnuarm~1/102021~1.10/bin/../lib/gcc/arm-none-eabi/10.3.1/../../../../arm-none-eabi/lib/thumb/v6-m/nofp\libc.a(lib_a-calloc.o) (_impure_ptr)
c:/progra~2/gnuarm~1/102021~1.10/bin/../lib/gcc/arm-none-eabi/10.3.1/../../../../arm-none-eabi/lib/thumb/v6-m/nofp\libc.a(lib_a-init.o)
                              c:/progra~2/gnuarm~1/102021~1.10/bin/../lib/gcc/arm-none-eabi/10.3.1/../../../../arm-none-eabi/lib/thumb/v6-m/nofp/crt0.o (__libc_init_array)
c:/progra~2/gnuarm~1/102021~1.10/bin/../lib/gcc/arm-none-eabi/10.3.1/../../../../arm-none-eabi/lib/thumb/v6-m/nofp\libc.a(lib_a-malloc.o)
                              CMakeFiles/blink.dir/C_/Users/taehy/Desktop/RaspberryPi/pico-sdk/src/rp2_common/pico_malloc/pico_malloc.c.obj (malloc)
c:/progra~2/gnuarm~1/102021~1.10/bin/../lib/gcc/arm-none-eabi/10.3.1/../../../../arm-none-eabi/lib/thumb/v6-m/nofp\libc.a(lib_a-mallocr.o)
                              c:/progra~2/gnuarm~1/102021~1.10/bin/../lib/gcc/arm-none-eabi/10.3.1/../../../../arm-none-eabi/lib/thumb/v6-m/nofp\libc.a(lib_a-callocr.o) (_malloc_r)
c:/progra~2/gnuarm~1/102021~1.10/bin/../lib/gcc/arm-none-eabi/10.3.1/../../../../arm-none-eabi/lib/thumb/v6-m/nofp\libc.a(lib_a-mlock.o)
                              c:/progra~2/gnuarm~1/102021~1.10/bin/../lib/gcc/arm-none-eabi/10.3.1/../../../../arm-none-eabi/lib/thumb/v6-m/nofp\libc.a(lib_a-mallocr.o) (__malloc_lock)
c:/progra~2/gnuarm~1/102021~1.10/bin/../lib/gcc/arm-none-eabi/10.3.1/../../../../arm-none-eabi/lib/thumb/v6-m/nofp\libc.a(lib_a-sbrkr.o)
                              c:/progra~2/gnuarm~1/102021~1.10/bin/../lib/gcc/arm-none-eabi/10.3.1/../../../../arm-none-eabi/lib/thumb/v6-m/nofp\libc.a(lib_a-mallocr.o) (_sbrk_r)
c:/progra~2/gnuarm~1/102021~1.10/bin/../lib/gcc/arm-none-eabi/10.3.1/../../../../arm-none-eabi/lib/thumb/v6-m/nofp\libc.a(lib_a-strlen-stub.o)
                              CMakeFiles/blink.dir/C_/Users/taehy/Desktop/RaspberryPi/pico-sdk/src/rp2_common/pico_stdio/stdio.c.obj (strlen)
c:/progra~2/gnuarm~1/102021~1.10/bin/../lib/gcc/arm-none-eabi/10.3.1/../../../../arm-none-eabi/lib/thumb/v6-m/nofp\libc.a(lib_a-freer.o)
                              c:/progra~2/gnuarm~1/102021~1.10/bin/../lib/gcc/arm-none-eabi/10.3.1/../../../../arm-none-eabi/lib/thumb/v6-m/nofp\libc.a(lib_a-malloc.o) (_free_r)
c:/progra~2/gnuarm~1/102021~1.10/bin/../lib/gcc/arm-none-eabi/10.3.1/../../../../arm-none-eabi/lib/thumb/v6-m/nofp\libc.a(lib_a-lock.o)
                              c:/progra~2/gnuarm~1/102021~1.10/bin/../lib/gcc/arm-none-eabi/10.3.1/../../../../arm-none-eabi/lib/thumb/v6-m/nofp\libc.a(lib_a-mlock.o) (__retarget_lock_acquire_recursive)
c:/progra~2/gnuarm~1/102021~1.10/bin/../lib/gcc/arm-none-eabi/10.3.1/../../../../arm-none-eabi/lib/thumb/v6-m/nofp\libc.a(lib_a-reent.o)
                              c:/progra~2/gnuarm~1/102021~1.10/bin/../lib/gcc/arm-none-eabi/10.3.1/../../../../arm-none-eabi/lib/thumb/v6-m/nofp\libc.a(lib_a-sbrkr.o) (errno)

Discarded input sections

 .text          0x00000000        0x0 c:/progra~2/gnuarm~1/102021~1.10/bin/../lib/gcc/arm-none-eabi/10.3.1/thumb/v6-m/nofp/crti.o
 .data          0x00000000        0x0 c:/progra~2/gnuarm~1/102021~1.10/bin/../lib/gcc/arm-none-eabi/10.3.1/thumb/v6-m/nofp/crti.o
 .bss           0x00000000        0x0 c:/progra~2/gnuarm~1/102021~1.10/bin/../lib/gcc/arm-none-eabi/10.3.1/thumb/v6-m/nofp/crti.o
 .data          0x00000000        0x4 c:/progra~2/gnuarm~1/102021~1.10/bin/../lib/gcc/arm-none-eabi/10.3.1/thumb/v6-m/nofp/crtbegin.o
[...]
Memory Configuration

Name             Origin             Length             Attributes
FLASH            0x10000000         0x00200000         xr
RAM              0x20000000         0x00040000         xrw
SCRATCH_X        0x20040000         0x00001000         xrw
SCRATCH_Y        0x20041000         0x00001000         xrw
*default*        0x00000000         0xffffffff

Linker script and memory map

LOAD c:/progra~2/gnuarm~1/102021~1.10/bin/../lib/gcc/arm-none-eabi/10.3.1/thumb/v6-m/nofp/crti.o
LOAD c:/progra~2/gnuarm~1/102021~1.10/bin/../lib/gcc/arm-none-eabi/10.3.1/thumb/v6-m/nofp/crtbegin.o
LOAD c:/progra~2/gnuarm~1/102021~1.10/bin/../lib/gcc/arm-none-eabi/10.3.1/../../../../arm-none-eabi/lib/thumb/v6-m/nofp/crt0.o

.flash_begin    0x10000000        0x0
                0x10000000                __flash_binary_start = .

.boot2          0x10000000      0x100
                0x10000000                __boot2_start__ = .
 *(.boot2)
 .boot2         0x10000000      0x100 C:\Users\taehy\AppData\Local\Temp\ccu4qp8J.o
                0x10000100                __boot2_end__ = .
                0x00000001                ASSERT (((__boot2_end__ - __boot2_start__) == 0x100), ERROR: Pico second stage bootloader must be 256 bytes in size)

.text           0x10000100     0x4f08
                0x10000100                __logical_binary_start = .
 *(.vectors)
 .vectors       0x10000100       0xd4 CMakeFiles/blink.dir/C_/Users/taehy/Desktop/RaspberryPi/pico-sdk/src/rp2_common/pico_standard_link/crt0.S.obj
                0x10000100                __VECTOR_TABLE
                0x10000100                __vectors
                0x100001c0                isr_invalid
                0x100001c0                __default_isrs_start
                0x100001c2                isr_nmi
                0x100001c4                isr_hardfault
                0x100001c6                isr_svcall
                0x100001c8                isr_pendsv
                0x100001ca                isr_systick
                0x100001cc                isr_irq23
                0x100001cc                isr_irq18
                0x100001cc                isr_irq11
                0x100001cc                isr_irq28
                0x100001cc                isr_irq19
                0x100001cc                isr_irq0
                0x100001cc                isr_irq6
                0x100001cc                isr_irq5
                0x100001cc                isr_irq12
                0x100001cc                isr_irq22
                0x100001cc                isr_irq31
                0x100001cc                isr_irq17
                0x100001cc                isr_irq27
                0x100001cc                isr_irq30
                0x100001cc                isr_irq2
                0x100001cc                isr_irq10
                0x100001cc                isr_irq8
                0x100001cc                isr_irq24
                0x100001cc                isr_irq1
                0x100001cc                isr_irq7
                0x100001cc                isr_irq21
                0x100001cc                isr_irq20
                0x100001cc                isr_irq15
                0x100001cc                isr_irq25
                0x100001cc                isr_irq13
                0x100001cc                __unhandled_user_irq
                0x100001cc                isr_irq4
                0x100001cc                isr_irq16
                0x100001cc                isr_irq29
                0x100001cc                isr_irq26
                0x100001cc                __default_isrs_end
                0x100001cc                isr_irq3
                0x100001cc                isr_irq14
                0x100001cc                isr_irq9
                0x100001d2                unhandled_user_irq_num_in_r0
 *(.binary_info_header)
 .binary_info_header
                0x100001d4       0x14 CMakeFiles/blink.dir/C_/Users/taehy/Desktop/RaspberryPi/pico-sdk/src/rp2_common/pico_standard_link/crt0.S.obj
                0x100001e8                __binary_info_header_end = .
 *(.reset)
 .reset         0x100001e8       0xa8 CMakeFiles/blink.dir/C_/Users/taehy/Desktop/RaspberryPi/pico-sdk/src/rp2_common/pico_standard_link/crt0.S.obj
                0x100001e8                _entry_point
                0x10000266                __get_current_exception
 .reset         0x10000290       0x30 CMakeFiles/blink.dir/C_/Users/taehy/Desktop/RaspberryPi/pico-sdk/src/rp2_common/pico_standard_link/binary_info.c.obj
 *(.init)
 .init          0x100002c0        0x4 c:/progra~2/gnuarm~1/102021~1.10/bin/../lib/gcc/arm-none-eabi/10.3.1/thumb/v6-m/nofp/crti.o
                0x100002c0                _init
 *(EXCLUDE_FILE(*libm.a: *libc.a:*lib_a-mem*.o *libgcc.a:) .text*)
 .text          0x100002c4       0x48 c:/progra~2/gnuarm~1/102021~1.10/bin/../lib/gcc/arm-none-eabi/10.3.1/thumb/v6-m/nofp/crtbegin.o
 .text.vBlinkTask1
                0x1000030c       0x1c CMakeFiles/blink.dir/main.c.obj
                0x1000030c                vBlinkTask1
 .text.vBlinkTask2
                0x10000328       0x1c CMakeFiles/blink.dir/main.c.obj
                0x10000328                vBlinkTask2
 .text.startup.main
                0x10000344       0x54 CMakeFiles/blink.dir/main.c.obj
                0x10000344                main
 .text.gpio_init
                0x10000398       0x3c CMakeFiles/blink.dir/C_/Users/taehy/Desktop/RaspberryPi/pico-sdk/src/rp2_common/hardware_gpio/gpio.c.obj
                0x10000398                gpio_init
 .text.hw_claim_or_assert
                0x100003d4       0x44 CMakeFiles/blink.dir/C_/Users/taehy/Desktop/RaspberryPi/pico-sdk/src/rp2_common/hardware_claim/claim.c.obj
                0x100003d4                hw_claim_or_assert
 .text.running_on_fpga
                0x10000418       0x10 CMakeFiles/blink.dir/C_/Users/taehy/Desktop/RaspberryPi/pico-sdk/src/rp2_common/pico_platform/platform.c.obj
                0x10000418                running_on_fpga
 .text.spin_locks_reset
                0x10000428       0x1c CMakeFiles/blink.dir/C_/Users/taehy/Desktop/RaspberryPi/pico-sdk/src/rp2_common/hardware_sync/sync.c.obj
                0x10000428                spin_locks_reset
 .text.next_striped_spin_lock_num
                0x10000444       0x18 CMakeFiles/blink.dir/C_/Users/taehy/Desktop/RaspberryPi/pico-sdk/src/rp2_common/hardware_sync/sync.c.obj
                0x10000444                next_striped_spin_lock_num
 .text.spin_lock_claim
                0x1000045c       0x18 CMakeFiles/blink.dir/C_/Users/taehy/Desktop/RaspberryPi/pico-sdk/src/rp2_common/hardware_sync/sync.c.obj
                0x1000045c                spin_lock_claim
 .text.timer_pool_entry_comparator
                0x10000474       0x34 CMakeFiles/blink.dir/C_/Users/taehy/Desktop/RaspberryPi/pico-sdk/src/common/pico_time/time.c.obj
                0x10000474                timer_pool_entry_comparator
 .text.add_alarm_under_lock.isra.0
                0x100004a8      0x100 CMakeFiles/blink.dir/C_/Users/taehy/Desktop/RaspberryPi/pico-sdk/src/common/pico_time/time.c.obj
 .text.alarm_pool_alarm_callback
                0x100005a8      0x1c8 CMakeFiles/blink.dir/C_/Users/taehy/Desktop/RaspberryPi/pico-sdk/src/common/pico_time/time.c.obj
 .text.alarm_pool_init_default
                0x10000770       0x64 CMakeFiles/blink.dir/C_/Users/taehy/Desktop/RaspberryPi/pico-sdk/src/common/pico_time/time.c.obj
                0x10000770                alarm_pool_init_default
 .text.hardware_alarm_irq_handler
                0x100007d4       0xb8 CMakeFiles/blink.dir/C_/Users/taehy/Desktop/RaspberryPi/pico-sdk/src/rp2_common/hardware_timer/timer.c.obj
 .text.hardware_alarm_claim
                0x1000088c       0x18 CMakeFiles/blink.dir/C_/Users/taehy/Desktop/RaspberryPi/pico-sdk/src/rp2_common/hardware_timer/timer.c.obj
                0x1000088c                hardware_alarm_claim
 .text.time_us_64
                0x100008a4       0x14 CMakeFiles/blink.dir/C_/Users/taehy/Desktop/RaspberryPi/pico-sdk/src/rp2_common/hardware_timer/timer.c.obj
                0x100008a4                time_us_64
 .text.hardware_alarm_set_callback
                0x100008b8       0x8c CMakeFiles/blink.dir/C_/Users/taehy/Desktop/RaspberryPi/pico-sdk/src/rp2_common/hardware_timer/timer.c.obj
                0x100008b8                hardware_alarm_set_callback
 .text.hardware_alarm_set_target
                0x10000944       0xe0 CMakeFiles/blink.dir/C_/Users/taehy/Desktop/RaspberryPi/pico-sdk/src/rp2_common/hardware_timer/timer.c.obj
                0x10000944                hardware_alarm_set_target
 .text.hardware_alarm_cancel
                0x10000a24       0x3c CMakeFiles/blink.dir/C_/Users/taehy/Desktop/RaspberryPi/pico-sdk/src/rp2_common/hardware_timer/timer.c.obj
                0x10000a24                hardware_alarm_cancel
 .text.lock_init
                0x10000a60       0x10 CMakeFiles/blink.dir/C_/Users/taehy/Desktop/RaspberryPi/pico-sdk/src/common/pico_sync/lock_core.c.obj
                0x10000a60                lock_init
 .text.mutex_init
                0x10000a70       0x1c CMakeFiles/blink.dir/C_/Users/taehy/Desktop/RaspberryPi/pico-sdk/src/common/pico_sync/mutex.c.obj
                0x10000a70                mutex_init
 .text.recursive_mutex_init
                0x10000a8c       0x20 CMakeFiles/blink.dir/C_/Users/taehy/Desktop/RaspberryPi/pico-sdk/src/common/pico_sync/mutex.c.obj
                0x10000a8c                recursive_mutex_init
 .text.ph_merge_nodes
                0x10000aac       0x68 CMakeFiles/blink.dir/C_/Users/taehy/Desktop/RaspberryPi/pico-sdk/src/common/pico_util/pheap.c.obj
 .text.ph_post_alloc_init
                0x10000b14       0x3c CMakeFiles/blink.dir/C_/Users/taehy/Desktop/RaspberryPi/pico-sdk/src/common/pico_util/pheap.c.obj
                0x10000b14                ph_post_alloc_init
 .text.ph_merge_two_pass
                0x10000b50       0x90 CMakeFiles/blink.dir/C_/Users/taehy/Desktop/RaspberryPi/pico-sdk/src/common/pico_util/pheap.c.obj
                0x10000b50                ph_merge_two_pass
 .text.ph_remove_any_head
                0x10000be0       0xf8 CMakeFiles/blink.dir/C_/Users/taehy/Desktop/RaspberryPi/pico-sdk/src/common/pico_util/pheap.c.obj
 .text.ph_remove_head
                0x10000cd8       0xfc CMakeFiles/blink.dir/C_/Users/taehy/Desktop/RaspberryPi/pico-sdk/src/common/pico_util/pheap.c.obj
                0x10000cd8                ph_remove_head
 .text.ph_remove_and_free_node
                0x10000dd4       0x7c CMakeFiles/blink.dir/C_/Users/taehy/Desktop/RaspberryPi/pico-sdk/src/common/pico_util/pheap.c.obj
                0x10000dd4                ph_remove_and_free_node
 .text.runtime_init
                0x10000e50       0xf0 CMakeFiles/blink.dir/C_/Users/taehy/Desktop/RaspberryPi/pico-sdk/src/rp2_common/pico_runtime/runtime.c.obj
                0x10000e50                runtime_init
 .text.exit     0x10000f40        0x4 CMakeFiles/blink.dir/C_/Users/taehy/Desktop/RaspberryPi/pico-sdk/src/rp2_common/pico_runtime/runtime.c.obj
                0x10000f40                exit
 .text.panic    0x10000f44       0x30 CMakeFiles/blink.dir/C_/Users/taehy/Desktop/RaspberryPi/pico-sdk/src/rp2_common/pico_runtime/runtime.c.obj
                0x10000f44                panic
 .text.panic_unsupported
                0x10000f74        0xc CMakeFiles/blink.dir/C_/Users/taehy/Desktop/RaspberryPi/pico-sdk/src/rp2_common/pico_runtime/runtime.c.obj
                0x10000f74                panic_unsupported
 .text.hard_assertion_failure
                0x10000f80        0xc CMakeFiles/blink.dir/C_/Users/taehy/Desktop/RaspberryPi/pico-sdk/src/rp2_common/pico_runtime/runtime.c.obj
                0x10000f80                hard_assertion_failure
 .text.clocks_init
                0x10000f8c      0x2bc CMakeFiles/blink.dir/C_/Users/taehy/Desktop/RaspberryPi/pico-sdk/src/rp2_common/hardware_clocks/clocks.c.obj
                0x10000f8c                clocks_init
 .text.clock_get_hz
                0x10001248        0xc CMakeFiles/blink.dir/C_/Users/taehy/Desktop/RaspberryPi/pico-sdk/src/rp2_common/hardware_clocks/clocks.c.obj
                0x10001248                clock_get_hz
 .text.irq_set_enabled
                0x10001254       0x24 CMakeFiles/blink.dir/C_/Users/taehy/Desktop/RaspberryPi/pico-sdk/src/rp2_common/hardware_irq/irq.c.obj
                0x10001254                irq_set_enabled
 .text.irq_is_enabled
                0x10001278       0x18 CMakeFiles/blink.dir/C_/Users/taehy/Desktop/RaspberryPi/pico-sdk/src/rp2_common/hardware_irq/irq.c.obj
                0x10001278                irq_is_enabled
 .text.irq_get_vtable_handler
                0x10001290       0x10 CMakeFiles/blink.dir/C_/Users/taehy/Desktop/RaspberryPi/pico-sdk/src/rp2_common/hardware_irq/irq.c.obj
                0x10001290                irq_get_vtable_handler
 .text.irq_set_exclusive_handler
                0x100012a0       0x54 CMakeFiles/blink.dir/C_/Users/taehy/Desktop/RaspberryPi/pico-sdk/src/rp2_common/hardware_irq/irq.c.obj
                0x100012a0                irq_set_exclusive_handler
 .text.irq_remove_handler
                0x100012f4      0x1b4 CMakeFiles/blink.dir/C_/Users/taehy/Desktop/RaspberryPi/pico-sdk/src/rp2_common/hardware_irq/irq.c.obj
                0x100012f4                irq_remove_handler
 .text.irq_set_priority
                0x100014a8       0x28 CMakeFiles/blink.dir/C_/Users/taehy/Desktop/RaspberryPi/pico-sdk/src/rp2_common/hardware_irq/irq.c.obj
                0x100014a8                irq_set_priority
 .text.irq_add_tail_to_free_list
                0x100014d0       0xb4 CMakeFiles/blink.dir/C_/Users/taehy/Desktop/RaspberryPi/pico-sdk/src/rp2_common/hardware_irq/irq.c.obj
                0x100014d0                irq_add_tail_to_free_list
 .text.irq_init_priorities
                0x10001584       0x24 CMakeFiles/blink.dir/C_/Users/taehy/Desktop/RaspberryPi/pico-sdk/src/rp2_common/hardware_irq/irq.c.obj
                0x10001584                irq_init_priorities
 .text.pll_init
                0x100015a8       0xb0 CMakeFiles/blink.dir/C_/Users/taehy/Desktop/RaspberryPi/pico-sdk/src/rp2_common/hardware_pll/pll.c.obj
                0x100015a8                pll_init
 .text.watchdog_start_tick
                0x10001658       0x10 CMakeFiles/blink.dir/C_/Users/taehy/Desktop/RaspberryPi/pico-sdk/src/rp2_common/hardware_watchdog/watchdog.c.obj
                0x10001658                watchdog_start_tick
 .text.xosc_init
                0x10001668       0x28 CMakeFiles/blink.dir/C_/Users/taehy/Desktop/RaspberryPi/pico-sdk/src/rp2_common/hardware_xosc/xosc.c.obj
                0x10001668                xosc_init
 .text._out_char
                0x10001690       0x10 CMakeFiles/blink.dir/C_/Users/taehy/Desktop/RaspberryPi/pico-sdk/src/rp2_common/pico_printf/printf.c.obj
 .text.weak_raw_vprintf
                0x100016a0       0x30 CMakeFiles/blink.dir/C_/Users/taehy/Desktop/RaspberryPi/pico-sdk/src/rp2_common/pico_printf/printf.c.obj
                0x100016a0                weak_raw_vprintf
 .text          0x100016d0       0x10 CMakeFiles/blink.dir/C_/Users/taehy/Desktop/RaspberryPi/pico-sdk/src/rp2_common/pico_bit_ops/bit_ops_aeabi.S.obj
 .text.clzsi    0x100016e0        0xc CMakeFiles/blink.dir/C_/Users/taehy/Desktop/RaspberryPi/pico-sdk/src/rp2_common/pico_bit_ops/bit_ops_aeabi.S.obj
                0x100016e0                __wrap___clzsi2
                0x100016e0                __wrap___clzl
                0x100016e0                __wrap___clz
 .text.rom_func_lookup
                0x100016ec       0x10 CMakeFiles/blink.dir/C_/Users/taehy/Desktop/RaspberryPi/pico-sdk/src/rp2_common/pico_bootrom/bootrom.c.obj
                0x100016ec                rom_func_lookup
 .text.rom_data_lookup
                0x100016fc       0x10 CMakeFiles/blink.dir/C_/Users/taehy/Desktop/RaspberryPi/pico-sdk/src/rp2_common/pico_bootrom/bootrom.c.obj
                0x100016fc                rom_data_lookup
 .text.rom_funcs_lookup
                0x1000170c       0x44 CMakeFiles/blink.dir/C_/Users/taehy/Desktop/RaspberryPi/pico-sdk/src/rp2_common/pico_bootrom/bootrom.c.obj
                0x1000170c                rom_funcs_lookup
 .text.__wrap___aeabi_uidiv
                0x10001750       0x4c CMakeFiles/blink.dir/C_/Users/taehy/Desktop/RaspberryPi/pico-sdk/src/rp2_common/pico_divider/divider.S.obj
                0x10001750                __wrap___aeabi_uidiv
                0x10001750                __wrap___aeabi_uidivmod
                0x10001750                div_u32u32
                0x10001750                divmod_u32u32
                0x10001758                divmod_u32u32_unsafe
                0x10001780                divmod_u32u32_savestate
 .text.__aeabi_double_init
                0x1000179c       0x94 CMakeFiles/blink.dir/C_/Users/taehy/Desktop/RaspberryPi/pico-sdk/src/rp2_common/pico_double/double_init_rom.c.obj
                0x1000179c                __aeabi_double_init
 .text.double_table_shim_on_use_helper
                0x10001830       0x2c CMakeFiles/blink.dir/C_/Users/taehy/Desktop/RaspberryPi/pico-sdk/src/rp2_common/pico_double/double_v1_rom_shim.S.obj
                0x10001830                double_table_shim_on_use_helper
 .text.__aeabi_float_init
                0x1000185c       0x64 CMakeFiles/blink.dir/C_/Users/taehy/Desktop/RaspberryPi/pico-sdk/src/rp2_common/pico_float/float_init_rom.c.obj
                0x1000185c                __aeabi_float_init
 .text.float_table_shim_on_use_helper
                0x100018c0       0x2c CMakeFiles/blink.dir/C_/Users/taehy/Desktop/RaspberryPi/pico-sdk/src/rp2_common/pico_float/float_v1_rom_shim.S.obj
                0x100018c0                float_table_shim_on_use_helper
 .text          0x100018ec       0x10 CMakeFiles/blink.dir/C_/Users/taehy/Desktop/RaspberryPi/pico-sdk/src/rp2_common/pico_mem_ops/mem_ops_aeabi.S.obj
                0x100018ec                __aeabi_mem_init
 .text.memset   0x100018fc        0xc CMakeFiles/blink.dir/C_/Users/taehy/Desktop/RaspberryPi/pico-sdk/src/rp2_common/pico_mem_ops/mem_ops_aeabi.S.obj
                0x100018fc                __wrap_memset
 .text.memcpy   0x10001908        0xc CMakeFiles/blink.dir/C_/Users/taehy/Desktop/RaspberryPi/pico-sdk/src/rp2_common/pico_mem_ops/mem_ops_aeabi.S.obj
                0x10001908                __wrap_memcpy
                0x10001908                __wrap___aeabi_memcpy
 .text.stdio_out_chars_no_crlf
                0x10001914       0x10 CMakeFiles/blink.dir/C_/Users/taehy/Desktop/RaspberryPi/pico-sdk/src/rp2_common/pico_stdio/stdio.c.obj
 .text.stdio_out_chars_crlf
                0x10001924       0xb4 CMakeFiles/blink.dir/C_/Users/taehy/Desktop/RaspberryPi/pico-sdk/src/rp2_common/pico_stdio/stdio.c.obj
 .text.stdio_put_string.isra.0
                0x100019d8       0xf8 CMakeFiles/blink.dir/C_/Users/taehy/Desktop/RaspberryPi/pico-sdk/src/rp2_common/pico_stdio/stdio.c.obj
 .text.__wrap_putchar
                0x10001ad0       0xa0 CMakeFiles/blink.dir/C_/Users/taehy/Desktop/RaspberryPi/pico-sdk/src/rp2_common/pico_stdio/stdio.c.obj
                0x10001ad0                __wrap_putchar
 .text.__wrap_puts
                0x10001b70       0x3c CMakeFiles/blink.dir/C_/Users/taehy/Desktop/RaspberryPi/pico-sdk/src/rp2_common/pico_stdio/stdio.c.obj
                0x10001b70                __wrap_puts
 .text.vPortSVCHandler
                0x10001bac        0x4 CMakeFiles/blink.dir/C_/Users/taehy/Desktop/Code/LearnC/FreeRTOS/freertos-pico/FreeRTOS-Kernel/portable/ThirdParty/GCC/RP2040/port.c.obj
                0x10001bac                vPortSVCHandler
 .text.vPortStartFirstTask
                0x10001bb0       0x38 CMakeFiles/blink.dir/C_/Users/taehy/Desktop/Code/LearnC/FreeRTOS/freertos-pico/FreeRTOS-Kernel/portable/ThirdParty/GCC/RP2040/port.c.obj
 .text.prvFIFOInterruptHandler
                0x10001be8       0x2c CMakeFiles/blink.dir/C_/Users/taehy/Desktop/Code/LearnC/FreeRTOS/freertos-pico/FreeRTOS-Kernel/portable/ThirdParty/GCC/RP2040/port.c.obj
 *fill*         0x10001c14        0xc 
 .text.xPortPendSVHandler
                0x10001c20       0x78 CMakeFiles/blink.dir/C_/Users/taehy/Desktop/Code/LearnC/FreeRTOS/freertos-pico/FreeRTOS-Kernel/portable/ThirdParty/GCC/RP2040/port.c.obj
                0x10001c20                xPortPendSVHandler
 .text.xPortSysTickHandler
                0x10001c98       0x2c CMakeFiles/blink.dir/C_/Users/taehy/Desktop/Code/LearnC/FreeRTOS/freertos-pico/FreeRTOS-Kernel/portable/ThirdParty/GCC/RP2040/port.c.obj
                0x10001c98                xPortSysTickHandler
 .text.prvTaskExitError
                0x10001cc4        0x8 CMakeFiles/blink.dir/C_/Users/taehy/Desktop/Code/LearnC/FreeRTOS/freertos-pico/FreeRTOS-Kernel/portable/ThirdParty/GCC/RP2040/port.c.obj
 .text.pxPortInitialiseStack
                0x10001ccc       0x20 CMakeFiles/blink.dir/C_/Users/taehy/Desktop/Code/LearnC/FreeRTOS/freertos-pico/FreeRTOS-Kernel/portable/ThirdParty/GCC/RP2040/port.c.obj
                0x10001ccc                pxPortInitialiseStack
 .text.vPortYield
                0x10001cec       0x18 CMakeFiles/blink.dir/C_/Users/taehy/Desktop/Code/LearnC/FreeRTOS/freertos-pico/FreeRTOS-Kernel/portable/ThirdParty/GCC/RP2040/port.c.obj
                0x10001cec                vPortYield
 .text.vPortEnableInterrupts
                0x10001d04       0x30 CMakeFiles/blink.dir/C_/Users/taehy/Desktop/Code/LearnC/FreeRTOS/freertos-pico/FreeRTOS-Kernel/portable/ThirdParty/GCC/RP2040/port.c.obj
                0x10001d04                vPortEnableInterrupts
 .text.vYieldCore
                0x10001d34        0xc CMakeFiles/blink.dir/C_/Users/taehy/Desktop/Code/LearnC/FreeRTOS/freertos-pico/FreeRTOS-Kernel/portable/ThirdParty/GCC/RP2040/port.c.obj
                0x10001d34                vYieldCore
 .text.vPortSetupTimerInterrupt
                0x10001d40       0x34 CMakeFiles/blink.dir/C_/Users/taehy/Desktop/Code/LearnC/FreeRTOS/freertos-pico/FreeRTOS-Kernel/portable/ThirdParty/GCC/RP2040/port.c.obj
                0x10001d40                vPortSetupTimerInterrupt
 .text.xPortStartSchedulerOnCore.isra.0
                0x10001d74       0xac CMakeFiles/blink.dir/C_/Users/taehy/Desktop/Code/LearnC/FreeRTOS/freertos-pico/FreeRTOS-Kernel/portable/ThirdParty/GCC/RP2040/port.c.obj
 .text.prvDisableInterruptsAndPortStartSchedulerOnCore
                0x10001e20        0xc CMakeFiles/blink.dir/C_/Users/taehy/Desktop/Code/LearnC/FreeRTOS/freertos-pico/FreeRTOS-Kernel/portable/ThirdParty/GCC/RP2040/port.c.obj
 .text.xPortStartScheduler
                0x10001e2c       0x28 CMakeFiles/blink.dir/C_/Users/taehy/Desktop/Code/LearnC/FreeRTOS/freertos-pico/FreeRTOS-Kernel/portable/ThirdParty/GCC/RP2040/port.c.obj
                0x10001e2c                xPortStartScheduler
 .text.ulPortLockGetCurrentOwnerId
                0x10001e54       0x30 CMakeFiles/blink.dir/C_/Users/taehy/Desktop/Code/LearnC/FreeRTOS/freertos-pico/FreeRTOS-Kernel/portable/ThirdParty/GCC/RP2040/port.c.obj
                0x10001e54                ulPortLockGetCurrentOwnerId
 .text.vPortLockInternalSpinUnlockWithWait
                0x10001e84       0x6c CMakeFiles/blink.dir/C_/Users/taehy/Desktop/Code/LearnC/FreeRTOS/freertos-pico/FreeRTOS-Kernel/portable/ThirdParty/GCC/RP2040/port.c.obj
                0x10001e84                vPortLockInternalSpinUnlockWithWait
 .text.vPortLockInternalSpinUnlockWithNotify
                0x10001ef0       0x84 CMakeFiles/blink.dir/C_/Users/taehy/Desktop/Code/LearnC/FreeRTOS/freertos-pico/FreeRTOS-Kernel/portable/ThirdParty/GCC/RP2040/port.c.obj
                0x10001ef0                vPortLockInternalSpinUnlockWithNotify
 .text.startup.prvRuntimeInitializer
                0x10001f74       0x10 CMakeFiles/blink.dir/C_/Users/taehy/Desktop/Code/LearnC/FreeRTOS/freertos-pico/FreeRTOS-Kernel/portable/ThirdParty/GCC/RP2040/port.c.obj
 .text.vEventGroupSetBitsCallback
                0x10001f84       0x8c CMakeFiles/blink.dir/C_/Users/taehy/Desktop/Code/LearnC/FreeRTOS/freertos-pico/FreeRTOS-Kernel/event_groups.c.obj
                0x10001f84                vEventGroupSetBitsCallback
 .text.xEventGroupCreate
                0x10002010       0x18 CMakeFiles/blink.dir/C_/Users/taehy/Desktop/Code/LearnC/FreeRTOS/freertos-pico/FreeRTOS-Kernel/event_groups.c.obj
                0x10002010                xEventGroupCreate
 .text.xEventGroupWaitBits
                0x10002028       0xb8 CMakeFiles/blink.dir/C_/Users/taehy/Desktop/Code/LearnC/FreeRTOS/freertos-pico/FreeRTOS-Kernel/event_groups.c.obj
                0x10002028                xEventGroupWaitBits
 .text.xEventGroupSetBits
                0x100020e0       0x90 CMakeFiles/blink.dir/C_/Users/taehy/Desktop/Code/LearnC/FreeRTOS/freertos-pico/FreeRTOS-Kernel/event_groups.c.obj
                0x100020e0                xEventGroupSetBits
 .text.xEventGroupSetBitsFromISR
                0x10002170       0x14 CMakeFiles/blink.dir/C_/Users/taehy/Desktop/Code/LearnC/FreeRTOS/freertos-pico/FreeRTOS-Kernel/event_groups.c.obj
                0x10002170                xEventGroupSetBitsFromISR
 .text.vListInitialise
                0x10002184       0x18 CMakeFiles/blink.dir/C_/Users/taehy/Desktop/Code/LearnC/FreeRTOS/freertos-pico/FreeRTOS-Kernel/list.c.obj
                0x10002184                vListInitialise
 .text.vListInitialiseItem
                0x1000219c        0x8 CMakeFiles/blink.dir/C_/Users/taehy/Desktop/Code/LearnC/FreeRTOS/freertos-pico/FreeRTOS-Kernel/list.c.obj
                0x1000219c                vListInitialiseItem
 .text.vListInsertEnd
                0x100021a4       0x18 CMakeFiles/blink.dir/C_/Users/taehy/Desktop/Code/LearnC/FreeRTOS/freertos-pico/FreeRTOS-Kernel/list.c.obj
                0x100021a4                vListInsertEnd
 .text.vListInsert
                0x100021bc       0x30 CMakeFiles/blink.dir/C_/Users/taehy/Desktop/Code/LearnC/FreeRTOS/freertos-pico/FreeRTOS-Kernel/list.c.obj
                0x100021bc                vListInsert
 .text.uxListRemove
                0x100021ec       0x24 CMakeFiles/blink.dir/C_/Users/taehy/Desktop/Code/LearnC/FreeRTOS/freertos-pico/FreeRTOS-Kernel/list.c.obj
                0x100021ec                uxListRemove
 .text.prvUnlockQueue
                0x10002210      0x140 CMakeFiles/blink.dir/C_/Users/taehy/Desktop/Code/LearnC/FreeRTOS/freertos-pico/FreeRTOS-Kernel/queue.c.obj
 .text.prvNotifyQueueSetContainer
                0x10002350       0x94 CMakeFiles/blink.dir/C_/Users/taehy/Desktop/Code/LearnC/FreeRTOS/freertos-pico/FreeRTOS-Kernel/queue.c.obj
 .text.xQueueGenericCreate
                0x100023e4       0x6c CMakeFiles/blink.dir/C_/Users/taehy/Desktop/Code/LearnC/FreeRTOS/freertos-pico/FreeRTOS-Kernel/queue.c.obj
                0x100023e4                xQueueGenericCreate
 .text.xQueueGenericSend
                0x10002450      0x1cc CMakeFiles/blink.dir/C_/Users/taehy/Desktop/Code/LearnC/FreeRTOS/freertos-pico/FreeRTOS-Kernel/queue.c.obj
                0x10002450                xQueueGenericSend
 .text.xQueueGenericSendFromISR
                0x1000261c      0x134 CMakeFiles/blink.dir/C_/Users/taehy/Desktop/Code/LearnC/FreeRTOS/freertos-pico/FreeRTOS-Kernel/queue.c.obj
                0x1000261c                xQueueGenericSendFromISR
 .text.xQueueReceive
                0x10002750      0x11c CMakeFiles/blink.dir/C_/Users/taehy/Desktop/Code/LearnC/FreeRTOS/freertos-pico/FreeRTOS-Kernel/queue.c.obj
                0x10002750                xQueueReceive
 .text.vQueueAddToRegistry
                0x1000286c       0x60 CMakeFiles/blink.dir/C_/Users/taehy/Desktop/Code/LearnC/FreeRTOS/freertos-pico/FreeRTOS-Kernel/queue.c.obj
                0x1000286c                vQueueAddToRegistry
 .text.vQueueWaitForMessageRestricted
                0x100028cc       0x48 CMakeFiles/blink.dir/C_/Users/taehy/Desktop/Code/LearnC/FreeRTOS/freertos-pico/FreeRTOS-Kernel/queue.c.obj
                0x100028cc                vQueueWaitForMessageRestricted
 .text.prvMinimalIdleTask
                0x10002914       0x18 CMakeFiles/blink.dir/C_/Users/taehy/Desktop/Code/LearnC/FreeRTOS/freertos-pico/FreeRTOS-Kernel/tasks.c.obj
 .text.prvAddCurrentTaskToDelayedList
                0x1000292c       0xe0 CMakeFiles/blink.dir/C_/Users/taehy/Desktop/Code/LearnC/FreeRTOS/freertos-pico/FreeRTOS-Kernel/tasks.c.obj
 .text.vTaskExitCritical.part.0
                0x10002a0c       0xc4 CMakeFiles/blink.dir/C_/Users/taehy/Desktop/Code/LearnC/FreeRTOS/freertos-pico/FreeRTOS-Kernel/tasks.c.obj
 .text.prvCheckForRunStateChange.part.0
                0x10002ad0      0x18c CMakeFiles/blink.dir/C_/Users/taehy/Desktop/Code/LearnC/FreeRTOS/freertos-pico/FreeRTOS-Kernel/tasks.c.obj
 .text.vTaskSuspendAll.part.0
                0x10002c5c       0xfc CMakeFiles/blink.dir/C_/Users/taehy/Desktop/Code/LearnC/FreeRTOS/freertos-pico/FreeRTOS-Kernel/tasks.c.obj
 .text.prvIdleTask
                0x10002d58      0x1f0 CMakeFiles/blink.dir/C_/Users/taehy/Desktop/Code/LearnC/FreeRTOS/freertos-pico/FreeRTOS-Kernel/tasks.c.obj
 .text.prvYieldForTask
                0x10002f48       0xe0 CMakeFiles/blink.dir/C_/Users/taehy/Desktop/Code/LearnC/FreeRTOS/freertos-pico/FreeRTOS-Kernel/tasks.c.obj
 .text.vTaskSuspendAll
                0x10003028      0x108 CMakeFiles/blink.dir/C_/Users/taehy/Desktop/Code/LearnC/FreeRTOS/freertos-pico/FreeRTOS-Kernel/tasks.c.obj
                0x10003028                vTaskSuspendAll
 .text.xTaskGetTickCount
                0x10003130        0xc CMakeFiles/blink.dir/C_/Users/taehy/Desktop/Code/LearnC/FreeRTOS/freertos-pico/FreeRTOS-Kernel/tasks.c.obj
                0x10003130                xTaskGetTickCount
 .text.vTaskSwitchContext
                0x1000313c      0x350 CMakeFiles/blink.dir/C_/Users/taehy/Desktop/Code/LearnC/FreeRTOS/freertos-pico/FreeRTOS-Kernel/tasks.c.obj
                0x1000313c                vTaskSwitchContext
 .text.vTaskPlaceOnEventList
                0x1000348c       0xe0 CMakeFiles/blink.dir/C_/Users/taehy/Desktop/Code/LearnC/FreeRTOS/freertos-pico/FreeRTOS-Kernel/tasks.c.obj
                0x1000348c                vTaskPlaceOnEventList
 .text.vTaskPlaceOnUnorderedEventList
                0x1000356c       0x48 CMakeFiles/blink.dir/C_/Users/taehy/Desktop/Code/LearnC/FreeRTOS/freertos-pico/FreeRTOS-Kernel/tasks.c.obj
                0x1000356c                vTaskPlaceOnUnorderedEventList
 .text.vTaskPlaceOnEventListRestricted
                0x100035b4      0x100 CMakeFiles/blink.dir/C_/Users/taehy/Desktop/Code/LearnC/FreeRTOS/freertos-pico/FreeRTOS-Kernel/tasks.c.obj
                0x100035b4                vTaskPlaceOnEventListRestricted
 .text.xTaskRemoveFromEventList
                0x100036b4      0x140 CMakeFiles/blink.dir/C_/Users/taehy/Desktop/Code/LearnC/FreeRTOS/freertos-pico/FreeRTOS-Kernel/tasks.c.obj
                0x100036b4                xTaskRemoveFromEventList
 .text.vTaskInternalSetTimeOutState
                0x100037f4       0x18 CMakeFiles/blink.dir/C_/Users/taehy/Desktop/Code/LearnC/FreeRTOS/freertos-pico/FreeRTOS-Kernel/tasks.c.obj
                0x100037f4                vTaskInternalSetTimeOutState
 .text.xTaskCheckForTimeOut
                0x1000380c      0x1e0 CMakeFiles/blink.dir/C_/Users/taehy/Desktop/Code/LearnC/FreeRTOS/freertos-pico/FreeRTOS-Kernel/tasks.c.obj
                0x1000380c                xTaskCheckForTimeOut
 .text.vTaskMissedYield
                0x100039ec       0x14 CMakeFiles/blink.dir/C_/Users/taehy/Desktop/Code/LearnC/FreeRTOS/freertos-pico/FreeRTOS-Kernel/tasks.c.obj
                0x100039ec                vTaskMissedYield
 .text.xTaskGetCurrentTaskHandle
                0x10003a00       0x1c CMakeFiles/blink.dir/C_/Users/taehy/Desktop/Code/LearnC/FreeRTOS/freertos-pico/FreeRTOS-Kernel/tasks.c.obj
                0x10003a00                xTaskGetCurrentTaskHandle
 .text.xTaskGetSchedulerState
                0x10003a1c      0x14c CMakeFiles/blink.dir/C_/Users/taehy/Desktop/Code/LearnC/FreeRTOS/freertos-pico/FreeRTOS-Kernel/tasks.c.obj
                0x10003a1c                xTaskGetSchedulerState
 .text.xTaskPriorityDisinherit
                0x10003b68       0x58 CMakeFiles/blink.dir/C_/Users/taehy/Desktop/Code/LearnC/FreeRTOS/freertos-pico/FreeRTOS-Kernel/tasks.c.obj
                0x10003b68                xTaskPriorityDisinherit
 .text.vTaskYieldWithinAPI
                0x10003bc0       0x34 CMakeFiles/blink.dir/C_/Users/taehy/Desktop/Code/LearnC/FreeRTOS/freertos-pico/FreeRTOS-Kernel/tasks.c.obj
                0x10003bc0                vTaskYieldWithinAPI
 .text.vTaskEnterCritical
                0x10003bf4      0x110 CMakeFiles/blink.dir/C_/Users/taehy/Desktop/Code/LearnC/FreeRTOS/freertos-pico/FreeRTOS-Kernel/tasks.c.obj
                0x10003bf4                vTaskEnterCritical
 .text.xTaskCreateAffinitySet
                0x10003d04      0x2e0 CMakeFiles/blink.dir/C_/Users/taehy/Desktop/Code/LearnC/FreeRTOS/freertos-pico/FreeRTOS-Kernel/tasks.c.obj
                0x10003d04                xTaskCreateAffinitySet
 .text.vTaskStartScheduler
                0x10003fe4       0xc0 CMakeFiles/blink.dir/C_/Users/taehy/Desktop/Code/LearnC/FreeRTOS/freertos-pico/FreeRTOS-Kernel/tasks.c.obj
                0x10003fe4                vTaskStartScheduler
 .text.xTaskIncrementTick
                0x100040a4      0x240 CMakeFiles/blink.dir/C_/Users/taehy/Desktop/Code/LearnC/FreeRTOS/freertos-pico/FreeRTOS-Kernel/tasks.c.obj
                0x100040a4                xTaskIncrementTick
 .text.xTaskResumeAll.part.0
                0x100042e4      0x144 CMakeFiles/blink.dir/C_/Users/taehy/Desktop/Code/LearnC/FreeRTOS/freertos-pico/FreeRTOS-Kernel/tasks.c.obj
 .text.xTaskResumeAll
                0x10004428       0x18 CMakeFiles/blink.dir/C_/Users/taehy/Desktop/Code/LearnC/FreeRTOS/freertos-pico/FreeRTOS-Kernel/tasks.c.obj
                0x10004428                xTaskResumeAll
 .text.vTaskDelay
                0x10004440       0x70 CMakeFiles/blink.dir/C_/Users/taehy/Desktop/Code/LearnC/FreeRTOS/freertos-pico/FreeRTOS-Kernel/tasks.c.obj
                0x10004440                vTaskDelay
 .text.vTaskRemoveFromUnorderedEventList
                0x100044b0       0x7c CMakeFiles/blink.dir/C_/Users/taehy/Desktop/Code/LearnC/FreeRTOS/freertos-pico/FreeRTOS-Kernel/tasks.c.obj
                0x100044b0                vTaskRemoveFromUnorderedEventList
 .text.xTaskCreate
                0x1000452c      0x2e4 CMakeFiles/blink.dir/C_/Users/taehy/Desktop/Code/LearnC/FreeRTOS/freertos-pico/FreeRTOS-Kernel/tasks.c.obj
                0x1000452c                xTaskCreate
 .text.vTaskExitCritical
                0x10004810       0x34 CMakeFiles/blink.dir/C_/Users/taehy/Desktop/Code/LearnC/FreeRTOS/freertos-pico/FreeRTOS-Kernel/tasks.c.obj
                0x10004810                vTaskExitCritical
 .text.uxTaskResetEventItemValue
                0x10004844       0x48 CMakeFiles/blink.dir/C_/Users/taehy/Desktop/Code/LearnC/FreeRTOS/freertos-pico/FreeRTOS-Kernel/tasks.c.obj
                0x10004844                uxTaskResetEventItemValue
 .text.prvSwitchTimerLists
                0x1000488c       0x9c CMakeFiles/blink.dir/C_/Users/taehy/Desktop/Code/LearnC/FreeRTOS/freertos-pico/FreeRTOS-Kernel/timers.c.obj
 .text.prvTimerTask
                0x10004928      0x268 CMakeFiles/blink.dir/C_/Users/taehy/Desktop/Code/LearnC/FreeRTOS/freertos-pico/FreeRTOS-Kernel/timers.c.obj
 .text.xTimerCreateTimerTask
                0x10004b90       0x8c CMakeFiles/blink.dir/C_/Users/taehy/Desktop/Code/LearnC/FreeRTOS/freertos-pico/FreeRTOS-Kernel/timers.c.obj
                0x10004b90                xTimerCreateTimerTask
 .text.xTimerPendFunctionCallFromISR
                0x10004c1c       0x28 CMakeFiles/blink.dir/C_/Users/taehy/Desktop/Code/LearnC/FreeRTOS/freertos-pico/FreeRTOS-Kernel/timers.c.obj
                0x10004c1c                xTimerPendFunctionCallFromISR
 .text.exception_set_exclusive_handler
                0x10004c44       0x48 CMakeFiles/blink.dir/C_/Users/taehy/Desktop/RaspberryPi/pico-sdk/src/rp2_common/hardware_exception/exception.c.obj
                0x10004c44                exception_set_exclusive_handler
 .text.core1_trampoline
                0x10004c8c        0x4 CMakeFiles/blink.dir/C_/Users/taehy/Desktop/RaspberryPi/pico-sdk/src/rp2_common/pico_multicore/multicore.c.obj
 .text.core1_wrapper
                0x10004c90        0xc CMakeFiles/blink.dir/C_/Users/taehy/Desktop/RaspberryPi/pico-sdk/src/rp2_common/pico_multicore/multicore.c.obj
                0x10004c90                core1_wrapper
 .text.multicore_launch_core1_raw
                0x10004c9c       0x84 CMakeFiles/blink.dir/C_/Users/taehy/Desktop/RaspberryPi/pico-sdk/src/rp2_common/pico_multicore/multicore.c.obj
                0x10004c9c                multicore_launch_core1_raw
 .text.multicore_launch_core1
                0x10004d20       0x4c CMakeFiles/blink.dir/C_/Users/taehy/Desktop/RaspberryPi/pico-sdk/src/rp2_common/pico_multicore/multicore.c.obj
                0x10004d20                multicore_launch_core1
 .text.pvPortMalloc
                0x10004d6c      0x16c CMakeFiles/blink.dir/C_/Users/taehy/Desktop/Code/LearnC/FreeRTOS/freertos-pico/FreeRTOS-Kernel/portable/MemMang/heap_4.c.obj
                0x10004d6c                pvPortMalloc
 .text.vPortFree
                0x10004ed8       0x90 CMakeFiles/blink.dir/C_/Users/taehy/Desktop/Code/LearnC/FreeRTOS/freertos-pico/FreeRTOS-Kernel/portable/MemMang/heap_4.c.obj
                0x10004ed8                vPortFree
 .text.strlen   0x10004f68       0x5c c:/progra~2/gnuarm~1/102021~1.10/bin/../lib/gcc/arm-none-eabi/10.3.1/../../../../arm-none-eabi/lib/thumb/v6-m/nofp\libc.a(lib_a-strlen-stub.o)
                0x10004f68                strlen
 *(.fini)
 .fini          0x10004fc4        0x4 c:/progra~2/gnuarm~1/102021~1.10/bin/../lib/gcc/arm-none-eabi/10.3.1/thumb/v6-m/nofp/crti.o
                0x10004fc4                _fini
 .fini.__stub   0x10004fc8       0x40 linker stubs
 *crtbegin.o(.ctors)
 *crtbegin?.o(.ctors)
 *(EXCLUDE_FILE(*crtend.o *crtend?.o) .ctors)
 *(SORT_BY_NAME(.ctors.*))
 *(.ctors)
 *crtbegin.o(.dtors)
 *crtbegin?.o(.dtors)
 *(EXCLUDE_FILE(*crtend.o *crtend?.o) .dtors)
 *(SORT_BY_NAME(.dtors.*))
 *(.dtors)
 *(.eh_frame*)
 .eh_frame      0x10005008        0x0 c:/progra~2/gnuarm~1/102021~1.10/bin/../lib/gcc/arm-none-eabi/10.3.1/thumb/v6-m/nofp/crtbegin.o
                0x10005008                . = ALIGN (0x4)

.glue_7         0x10005008        0x0
 .glue_7        0x10005008        0x0 linker stubs

.glue_7t        0x10005008        0x0
 .glue_7t       0x10005008        0x0 linker stubs

.vfp11_veneer   0x10005008        0x0
 .vfp11_veneer  0x10005008        0x0 linker stubs

.v4_bx          0x10005008        0x0
 .v4_bx         0x10005008        0x0 linker stubs

.iplt           0x10005008        0x0
 .iplt          0x10005008        0x0 c:/progra~2/gnuarm~1/102021~1.10/bin/../lib/gcc/arm-none-eabi/10.3.1/thumb/v6-m/nofp/crtbegin.o

.rodata         0x10005008      0x130
 *(EXCLUDE_FILE(*libm.a: *libc.a:*lib_a-mem*.o *libgcc.a:) .rodata*)
 .rodata.main.str1.4
                0x10005008       0x1d CMakeFiles/blink.dir/main.c.obj
 *fill*         0x10005025        0x3 
 .rodata.spin_lock_claim.str1.4
                0x10005028       0x1f CMakeFiles/blink.dir/C_/Users/taehy/Desktop/RaspberryPi/pico-sdk/src/rp2_common/hardware_sync/sync.c.obj
 *fill*         0x10005047        0x1 
 .rodata.hardware_alarm_claim.str1.4
                0x10005048       0x22 CMakeFiles/blink.dir/C_/Users/taehy/Desktop/RaspberryPi/pico-sdk/src/rp2_common/hardware_timer/timer.c.obj
 *fill*         0x1000506a        0x2 
 .rodata.panic.str1.4
                0x1000506c       0x12 CMakeFiles/blink.dir/C_/Users/taehy/Desktop/RaspberryPi/pico-sdk/src/rp2_common/pico_runtime/runtime.c.obj
 *fill*         0x1000507e        0x2 
 .rodata.panic_unsupported.str1.4
                0x10005080        0xe CMakeFiles/blink.dir/C_/Users/taehy/Desktop/RaspberryPi/pico-sdk/src/rp2_common/pico_runtime/runtime.c.obj
 *fill*         0x1000508e        0x2 
 .rodata.hard_assertion_failure.str1.4
                0x10005090        0xc CMakeFiles/blink.dir/C_/Users/taehy/Desktop/RaspberryPi/pico-sdk/src/rp2_common/pico_runtime/runtime.c.obj
 .rodata.str1.4
                0x1000509c       0x3c CMakeFiles/blink.dir/C_/Users/taehy/Desktop/RaspberryPi/pico-sdk/src/rp2_common/pico_standard_link/binary_info.c.obj
 .rodata.__bi_44
                0x100050d8        0xc CMakeFiles/blink.dir/C_/Users/taehy/Desktop/RaspberryPi/pico-sdk/src/rp2_common/pico_standard_link/binary_info.c.obj
 .rodata.__bi_75
                0x100050e4        0xc CMakeFiles/blink.dir/C_/Users/taehy/Desktop/RaspberryPi/pico-sdk/src/rp2_common/pico_standard_link/binary_info.c.obj
 .rodata.__bi_81
                0x100050f0        0xc CMakeFiles/blink.dir/C_/Users/taehy/Desktop/RaspberryPi/pico-sdk/src/rp2_common/pico_standard_link/binary_info.c.obj
 .rodata.crlf_str.0
                0x100050fc        0x2 CMakeFiles/blink.dir/C_/Users/taehy/Desktop/RaspberryPi/pico-sdk/src/rp2_common/pico_stdio/stdio.c.obj
 *fill*         0x100050fe        0x2 
 .rodata.prvTimerTask
                0x10005100       0x28 CMakeFiles/blink.dir/C_/Users/taehy/Desktop/Code/LearnC/FreeRTOS/freertos-pico/FreeRTOS-Kernel/timers.c.obj
 .rodata.xTimerCreateTimerTask.str1.4
                0x10005128       0x10 CMakeFiles/blink.dir/C_/Users/taehy/Desktop/Code/LearnC/FreeRTOS/freertos-pico/FreeRTOS-Kernel/timers.c.obj
                0x10005138                . = ALIGN (0x4)
 *(SORT_BY_ALIGNMENT(SORT_BY_NAME(.flashdata*)))
                0x10005138                . = ALIGN (0x4)

.rel.dyn        0x10005138        0x0
 .rel.iplt      0x10005138        0x0 c:/progra~2/gnuarm~1/102021~1.10/bin/../lib/gcc/arm-none-eabi/10.3.1/thumb/v6-m/nofp/crtbegin.o

.ARM.extab
 *(.ARM.extab* .gnu.linkonce.armextab.*)
                0x10005138                __exidx_start = .

.ARM.exidx
 *(.ARM.exidx* .gnu.linkonce.armexidx.*)
                0x10005138                __exidx_end = .
                0x10005138                . = ALIGN (0x4)
                0x10005138                __binary_info_start = .

.binary_info    0x10005138       0x1c
 *(.binary_info.keep.*)
 .binary_info.keep.__bi_ptr22
                0x10005138        0x4 CMakeFiles/blink.dir/C_/Users/taehy/Desktop/RaspberryPi/pico-sdk/src/rp2_common/pico_standard_link/binary_info.c.obj
 .binary_info.keep.__bi_ptr30
                0x1000513c        0x4 CMakeFiles/blink.dir/C_/Users/taehy/Desktop/RaspberryPi/pico-sdk/src/rp2_common/pico_standard_link/binary_info.c.obj
 .binary_info.keep.__bi_ptr38
                0x10005140        0x4 CMakeFiles/blink.dir/C_/Users/taehy/Desktop/RaspberryPi/pico-sdk/src/rp2_common/pico_standard_link/binary_info.c.obj
 .binary_info.keep.__bi_ptr44
                0x10005144        0x4 CMakeFiles/blink.dir/C_/Users/taehy/Desktop/RaspberryPi/pico-sdk/src/rp2_common/pico_standard_link/binary_info.c.obj
 .binary_info.keep.__bi_ptr50
                0x10005148        0x4 CMakeFiles/blink.dir/C_/Users/taehy/Desktop/RaspberryPi/pico-sdk/src/rp2_common/pico_standard_link/binary_info.c.obj
 .binary_info.keep.__bi_ptr75
                0x1000514c        0x4 CMakeFiles/blink.dir/C_/Users/taehy/Desktop/RaspberryPi/pico-sdk/src/rp2_common/pico_standard_link/binary_info.c.obj
 .binary_info.keep.__bi_ptr81
                0x10005150        0x4 CMakeFiles/blink.dir/C_/Users/taehy/Desktop/RaspberryPi/pico-sdk/src/rp2_common/pico_standard_link/binary_info.c.obj
 *(.binary_info.*)
                0x10005154                __binary_info_end = .
                0x10005154                . = ALIGN (0x4)
                0x10005154                __etext = .

.ram_vector_table
                0x20000000       0xc0
 *(.ram_vector_table)
 .ram_vector_table
                0x20000000       0xc0 CMakeFiles/blink.dir/C_/Users/taehy/Desktop/RaspberryPi/pico-sdk/src/rp2_common/pico_runtime/runtime.c.obj
                0x20000000                ram_vector_table

.data           0x200000c0      0x1a0 load address 0x10005154
                0x200000c0                __data_start__ = .
 *(vtable)
 *(.time_critical*)
 .time_critical.mutex_enter_blocking
                0x200000c0       0x3c CMakeFiles/blink.dir/C_/Users/taehy/Desktop/RaspberryPi/pico-sdk/src/common/pico_sync/mutex.c.obj
                0x200000c0                mutex_enter_blocking
 .time_critical.mutex_try_enter
                0x200000fc       0x44 CMakeFiles/blink.dir/C_/Users/taehy/Desktop/RaspberryPi/pico-sdk/src/common/pico_sync/mutex.c.obj
                0x200000fc                mutex_try_enter
 .time_critical.mutex_exit
                0x20000140       0x20 CMakeFiles/blink.dir/C_/Users/taehy/Desktop/RaspberryPi/pico-sdk/src/common/pico_sync/mutex.c.obj
                0x20000140                mutex_exit
 *(.text*)
 .text          0x20000160        0x4 c:/progra~2/gnuarm~1/102021~1.10/bin/../lib/gcc/arm-none-eabi/10.3.1/thumb/v6-m/nofp\libgcc.a(_dvmd_tls.o)
                0x20000160                __aeabi_idiv0
                0x20000160                __aeabi_ldiv0
 *fill*         0x20000164        0x4 
 .text.__stub   0x20000168       0x30 linker stubs
                0x20000198                . = ALIGN (0x4)
 *(.rodata*)
                0x20000198                . = ALIGN (0x4)
 *(.data*)
 .data.striped_spin_lock_num
                0x20000198        0x1 CMakeFiles/blink.dir/C_/Users/taehy/Desktop/RaspberryPi/pico-sdk/src/rp2_common/hardware_sync/sync.c.obj
 *fill*         0x20000199        0x3 
 .data.default_alarm_pool
                0x2000019c       0x18 CMakeFiles/blink.dir/C_/Users/taehy/Desktop/RaspberryPi/pico-sdk/src/common/pico_time/time.c.obj
 .data.default_alarm_pool_heap
                0x200001b4       0x10 CMakeFiles/blink.dir/C_/Users/taehy/Desktop/RaspberryPi/pico-sdk/src/common/pico_time/time.c.obj
 .data          0x200001c4       0x48 CMakeFiles/blink.dir/C_/Users/taehy/Desktop/RaspberryPi/pico-sdk/src/rp2_common/hardware_irq/irq_handler_chain.S.obj
                0x200001c4                irq_handler_chain_slots
                0x200001f4                irq_handler_chain_first_slot
                0x200001fe                irq_handler_chain_remove_tail
 *fill*         0x2000020c        0x4 
 .data.aeabi_bits_funcs
                0x20000210       0x10 CMakeFiles/blink.dir/C_/Users/taehy/Desktop/RaspberryPi/pico-sdk/src/rp2_common/pico_bit_ops/bit_ops_aeabi.S.obj
                0x20000210                aeabi_bits_funcs
                0x20000220                aeabi_bits_funcs_end
 .data.aeabi_mem_funcs
                0x20000220       0x10 CMakeFiles/blink.dir/C_/Users/taehy/Desktop/RaspberryPi/pico-sdk/src/rp2_common/pico_mem_ops/mem_ops_aeabi.S.obj
                0x20000220                aeabi_mem_funcs
                0x20000230                aeabi_mem_funcs_end
 .data.ucPrimaryCoreNum
                0x20000230        0x1 CMakeFiles/blink.dir/C_/Users/taehy/Desktop/Code/LearnC/FreeRTOS/freertos-pico/FreeRTOS-Kernel/portable/ThirdParty/GCC/RP2040/port.c.obj
 *fill*         0x20000231        0x3 
 .data.uxTopUsedPriority
                0x20000234        0x4 CMakeFiles/blink.dir/C_/Users/taehy/Desktop/Code/LearnC/FreeRTOS/freertos-pico/FreeRTOS-Kernel/tasks.c.obj
                0x20000234                uxTopUsedPriority
                0x20000238                . = ALIGN (0x4)
 *(.after_data.*)
                0x20000238                . = ALIGN (0x4)
                0x20000238                PROVIDE (__mutex_array_start = .)
 *(SORT_BY_NAME(.mutex_array.*))
 *(.mutex_array)
 .mutex_array   0x20000238        0x8 CMakeFiles/blink.dir/C_/Users/taehy/Desktop/RaspberryPi/pico-sdk/src/rp2_common/pico_malloc/pico_malloc.c.obj
 .mutex_array   0x20000240        0x8 CMakeFiles/blink.dir/C_/Users/taehy/Desktop/RaspberryPi/pico-sdk/src/rp2_common/pico_stdio/stdio.c.obj
                0x20000248                PROVIDE (__mutex_array_end = .)
                0x20000248                . = ALIGN (0x4)
                0x20000248                PROVIDE (__preinit_array_start = .)
 *(SORT_BY_NAME(.preinit_array.*))
 .preinit_array.00001
                0x20000248        0x4 CMakeFiles/blink.dir/C_/Users/taehy/Desktop/RaspberryPi/pico-sdk/src/rp2_common/pico_mem_ops/mem_ops_aeabi.S.obj
 .preinit_array.00010
                0x2000024c        0x4 CMakeFiles/blink.dir/C_/Users/taehy/Desktop/RaspberryPi/pico-sdk/src/rp2_common/pico_bit_ops/bit_ops_aeabi.S.obj
 .preinit_array.00020
                0x20000250        0x4 CMakeFiles/blink.dir/C_/Users/taehy/Desktop/RaspberryPi/pico-sdk/src/rp2_common/pico_double/double_aeabi.S.obj
 .preinit_array.00020
                0x20000254        0x4 CMakeFiles/blink.dir/C_/Users/taehy/Desktop/RaspberryPi/pico-sdk/src/rp2_common/pico_float/float_aeabi.S.obj
 *(.preinit_array)
                0x20000258                PROVIDE (__preinit_array_end = .)
                0x20000258                . = ALIGN (0x4)
                0x20000258                PROVIDE (__init_array_start = .)
 *(SORT_BY_NAME(.init_array.*))
 *(.init_array)
 .init_array    0x20000258        0x4 c:/progra~2/gnuarm~1/102021~1.10/bin/../lib/gcc/arm-none-eabi/10.3.1/thumb/v6-m/nofp/crtbegin.o
 .init_array    0x2000025c        0x4 CMakeFiles/blink.dir/C_/Users/taehy/Desktop/Code/LearnC/FreeRTOS/freertos-pico/FreeRTOS-Kernel/portable/ThirdParty/GCC/RP2040/port.c.obj
                0x20000260                PROVIDE (__init_array_end = .)
                0x20000260                . = ALIGN (0x4)
                [!provide]                PROVIDE (__fini_array_start = .)
 *(SORT_BY_NAME(.fini_array.*))
 *(.fini_array)
                [!provide]                PROVIDE (__fini_array_end = .)
 *(.jcr)
                0x20000260                . = ALIGN (0x4)
                0x20000260                __data_end__ = .

.igot.plt       0x20000260        0x0 load address 0x100052f4
 .igot.plt      0x20000260        0x0 c:/progra~2/gnuarm~1/102021~1.10/bin/../lib/gcc/arm-none-eabi/10.3.1/thumb/v6-m/nofp/crtbegin.o

.uninitialized_data
                0x20000260        0x0 load address 0x100052f4
                0x20000260                . = ALIGN (0x4)
 *(.uninitialized_data*)

.scratch_x      0x20040000        0x0 load address 0x100052f4
                0x20040000                __scratch_x_start__ = .
 *(.scratch_x.*)
                0x20040000                . = ALIGN (0x4)
                0x20040000                __scratch_x_end__ = .
                0x100052f4                __scratch_x_source__ = LOADADDR (.scratch_x)

.scratch_y      0x20041000        0x0 load address 0x100052f4
                0x20041000                __scratch_y_start__ = .
 *(.scratch_y.*)
                0x20041000                . = ALIGN (0x4)
                0x20041000                __scratch_y_end__ = .
                0x100052f4                __scratch_y_source__ = LOADADDR (.scratch_y)

.bss            0x20000260    0x207b4
                0x20000260                . = ALIGN (0x4)
                0x20000260                __bss_start__ = .
 *(SORT_BY_ALIGNMENT(SORT_BY_NAME(.bss*)))
 .bss.default_alarm_pool_entries
                0x20000260      0x100 CMakeFiles/blink.dir/C_/Users/taehy/Desktop/RaspberryPi/pico-sdk/src/common/pico_time/time.c.obj
 .bss.sd_table  0x20000360      0x100 CMakeFiles/blink.dir/C_/Users/taehy/Desktop/RaspberryPi/pico-sdk/src/rp2_common/pico_double/double_init_rom.c.obj
                0x20000360                sd_table
 .bss.sf_table  0x20000460      0x100 CMakeFiles/blink.dir/C_/Users/taehy/Desktop/RaspberryPi/pico-sdk/src/rp2_common/pico_float/float_init_rom.c.obj
                0x20000460                sf_table
 .bss.xQueueRegistry
                0x20000560       0x40 CMakeFiles/blink.dir/C_/Users/taehy/Desktop/Code/LearnC/FreeRTOS/freertos-pico/FreeRTOS-Kernel/queue.c.obj
                0x20000560                xQueueRegistry
 .bss           0x200005a0       0x1c c:/progra~2/gnuarm~1/102021~1.10/bin/../lib/gcc/arm-none-eabi/10.3.1/thumb/v6-m/nofp/crtbegin.o
 .bss.alarm_callbacks
                0x200005bc       0x10 CMakeFiles/blink.dir/C_/Users/taehy/Desktop/RaspberryPi/pico-sdk/src/rp2_common/hardware_timer/timer.c.obj
 .bss.claimed   0x200005cc        0x4 CMakeFiles/blink.dir/C_/Users/taehy/Desktop/RaspberryPi/pico-sdk/src/rp2_common/hardware_sync/sync.c.obj
 .bss.configured_freq
                0x200005d0       0x28 CMakeFiles/blink.dir/C_/Users/taehy/Desktop/RaspberryPi/pico-sdk/src/rp2_common/hardware_clocks/clocks.c.obj
 .bss.default_alarm_pool_entry_ids_high
                0x200005f8       0x10 CMakeFiles/blink.dir/C_/Users/taehy/Desktop/RaspberryPi/pico-sdk/src/common/pico_time/time.c.obj
 .bss.default_alarm_pool_heap_nodes
                0x20000608       0x30 CMakeFiles/blink.dir/C_/Users/taehy/Desktop/RaspberryPi/pico-sdk/src/common/pico_time/time.c.obj
 .bss.drivers   0x20000638        0x4 CMakeFiles/blink.dir/C_/Users/taehy/Desktop/RaspberryPi/pico-sdk/src/rp2_common/pico_stdio/stdio.c.obj
 .bss.filter    0x2000063c        0x4 CMakeFiles/blink.dir/C_/Users/taehy/Desktop/RaspberryPi/pico-sdk/src/rp2_common/pico_stdio/stdio.c.obj
 .bss.lazy_vsnprintf
                0x20000640        0x4 CMakeFiles/blink.dir/C_/Users/taehy/Desktop/RaspberryPi/pico-sdk/src/rp2_common/pico_printf/printf.c.obj
 .bss.pools     0x20000644       0x10 CMakeFiles/blink.dir/C_/Users/taehy/Desktop/RaspberryPi/pico-sdk/src/common/pico_time/time.c.obj
 .bss.pxCurrentTCBs
                0x20000654        0x8 CMakeFiles/blink.dir/C_/Users/taehy/Desktop/Code/LearnC/FreeRTOS/freertos-pico/FreeRTOS-Kernel/tasks.c.obj
                0x20000654                pxCurrentTCBs
 .bss.pxCurrentTimerList
                0x2000065c        0x4 CMakeFiles/blink.dir/C_/Users/taehy/Desktop/Code/LearnC/FreeRTOS/freertos-pico/FreeRTOS-Kernel/timers.c.obj
 .bss.pxDelayedTaskList
                0x20000660        0x4 CMakeFiles/blink.dir/C_/Users/taehy/Desktop/Code/LearnC/FreeRTOS/freertos-pico/FreeRTOS-Kernel/tasks.c.obj
 .bss.pxEnd     0x20000664        0x4 CMakeFiles/blink.dir/C_/Users/taehy/Desktop/Code/LearnC/FreeRTOS/freertos-pico/FreeRTOS-Kernel/portable/MemMang/heap_4.c.obj
 .bss.pxOverflowDelayedTaskList
                0x20000668        0x4 CMakeFiles/blink.dir/C_/Users/taehy/Desktop/Code/LearnC/FreeRTOS/freertos-pico/FreeRTOS-Kernel/tasks.c.obj
 .bss.pxOverflowTimerList
                0x2000066c        0x4 CMakeFiles/blink.dir/C_/Users/taehy/Desktop/Code/LearnC/FreeRTOS/freertos-pico/FreeRTOS-Kernel/timers.c.obj
 .bss.pxReadyTasksLists
                0x20000670      0x280 CMakeFiles/blink.dir/C_/Users/taehy/Desktop/Code/LearnC/FreeRTOS/freertos-pico/FreeRTOS-Kernel/tasks.c.obj
 .bss.pxYieldSpinLock
                0x200008f0        0x8 CMakeFiles/blink.dir/C_/Users/taehy/Desktop/Code/LearnC/FreeRTOS/freertos-pico/FreeRTOS-Kernel/portable/ThirdParty/GCC/RP2040/port.c.obj
 .bss.sf_clz_func
                0x200008f8        0x4 CMakeFiles/blink.dir/C_/Users/taehy/Desktop/RaspberryPi/pico-sdk/src/rp2_common/pico_double/double_init_rom.c.obj
                0x200008f8                sf_clz_func
 .bss.sleep_notifier
                0x200008fc        0x4 CMakeFiles/blink.dir/C_/Users/taehy/Desktop/RaspberryPi/pico-sdk/src/common/pico_time/time.c.obj
 .bss.target_hi
                0x20000900       0x10 CMakeFiles/blink.dir/C_/Users/taehy/Desktop/RaspberryPi/pico-sdk/src/rp2_common/hardware_timer/timer.c.obj
 .bss.ucHeap    0x20000910    0x20000 CMakeFiles/blink.dir/C_/Users/taehy/Desktop/Code/LearnC/FreeRTOS/freertos-pico/FreeRTOS-Kernel/portable/MemMang/heap_4.c.obj
 .bss.ucOwnedByCore.1
                0x20020910        0x2 CMakeFiles/blink.dir/C_/Users/taehy/Desktop/Code/LearnC/FreeRTOS/freertos-pico/FreeRTOS-Kernel/tasks.c.obj
 *fill*         0x20020912        0x2 
 .bss.ucRecursionCountByLock.0
                0x20020914        0x2 CMakeFiles/blink.dir/C_/Users/taehy/Desktop/Code/LearnC/FreeRTOS/freertos-pico/FreeRTOS-Kernel/tasks.c.obj
 *fill*         0x20020916        0x2 
 .bss.ulYieldSpinLockSaveValue
                0x20020918        0x8 CMakeFiles/blink.dir/C_/Users/taehy/Desktop/Code/LearnC/FreeRTOS/freertos-pico/FreeRTOS-Kernel/portable/ThirdParty/GCC/RP2040/port.c.obj
 .bss.uxCurrentNumberOfTasks
                0x20020920        0x4 CMakeFiles/blink.dir/C_/Users/taehy/Desktop/Code/LearnC/FreeRTOS/freertos-pico/FreeRTOS-Kernel/tasks.c.obj
 .bss.uxDeletedTasksWaitingCleanUp
                0x20020924        0x4 CMakeFiles/blink.dir/C_/Users/taehy/Desktop/Code/LearnC/FreeRTOS/freertos-pico/FreeRTOS-Kernel/tasks.c.obj
 .bss.uxSchedulerSuspended
                0x20020928        0x4 CMakeFiles/blink.dir/C_/Users/taehy/Desktop/Code/LearnC/FreeRTOS/freertos-pico/FreeRTOS-Kernel/tasks.c.obj
 .bss.uxTaskNumber
                0x2002092c        0x4 CMakeFiles/blink.dir/C_/Users/taehy/Desktop/Code/LearnC/FreeRTOS/freertos-pico/FreeRTOS-Kernel/tasks.c.obj
 .bss.uxTopReadyPriority
                0x20020930        0x4 CMakeFiles/blink.dir/C_/Users/taehy/Desktop/Code/LearnC/FreeRTOS/freertos-pico/FreeRTOS-Kernel/tasks.c.obj
 .bss.xActiveTimerList1
                0x20020934       0x14 CMakeFiles/blink.dir/C_/Users/taehy/Desktop/Code/LearnC/FreeRTOS/freertos-pico/FreeRTOS-Kernel/timers.c.obj
 .bss.xActiveTimerList2
                0x20020948       0x14 CMakeFiles/blink.dir/C_/Users/taehy/Desktop/Code/LearnC/FreeRTOS/freertos-pico/FreeRTOS-Kernel/timers.c.obj
 .bss.xBlockAllocatedBit
                0x2002095c        0x4 CMakeFiles/blink.dir/C_/Users/taehy/Desktop/Code/LearnC/FreeRTOS/freertos-pico/FreeRTOS-Kernel/portable/MemMang/heap_4.c.obj
 .bss.xDelayedTaskList1
                0x20020960       0x14 CMakeFiles/blink.dir/C_/Users/taehy/Desktop/Code/LearnC/FreeRTOS/freertos-pico/FreeRTOS-Kernel/tasks.c.obj
 .bss.xDelayedTaskList2
                0x20020974       0x14 CMakeFiles/blink.dir/C_/Users/taehy/Desktop/Code/LearnC/FreeRTOS/freertos-pico/FreeRTOS-Kernel/tasks.c.obj
 .bss.xEventGroup
                0x20020988        0x4 CMakeFiles/blink.dir/C_/Users/taehy/Desktop/Code/LearnC/FreeRTOS/freertos-pico/FreeRTOS-Kernel/portable/ThirdParty/GCC/RP2040/port.c.obj
 .bss.xFreeBytesRemaining
                0x2002098c        0x4 CMakeFiles/blink.dir/C_/Users/taehy/Desktop/Code/LearnC/FreeRTOS/freertos-pico/FreeRTOS-Kernel/portable/MemMang/heap_4.c.obj
 .bss.xIdleTaskHandle
                0x20020990        0x8 CMakeFiles/blink.dir/C_/Users/taehy/Desktop/Code/LearnC/FreeRTOS/freertos-pico/FreeRTOS-Kernel/tasks.c.obj
 .bss.xLastTime.0
                0x20020998        0x4 CMakeFiles/blink.dir/C_/Users/taehy/Desktop/Code/LearnC/FreeRTOS/freertos-pico/FreeRTOS-Kernel/timers.c.obj
 .bss.xMinimumEverFreeBytesRemaining
                0x2002099c        0x4 CMakeFiles/blink.dir/C_/Users/taehy/Desktop/Code/LearnC/FreeRTOS/freertos-pico/FreeRTOS-Kernel/portable/MemMang/heap_4.c.obj
 .bss.xNextTaskUnblockTime
                0x200209a0        0x4 CMakeFiles/blink.dir/C_/Users/taehy/Desktop/Code/LearnC/FreeRTOS/freertos-pico/FreeRTOS-Kernel/tasks.c.obj
 .bss.xNumOfOverflows
                0x200209a4        0x4 CMakeFiles/blink.dir/C_/Users/taehy/Desktop/Code/LearnC/FreeRTOS/freertos-pico/FreeRTOS-Kernel/tasks.c.obj
 .bss.xNumberOfSuccessfulAllocations
                0x200209a8        0x4 CMakeFiles/blink.dir/C_/Users/taehy/Desktop/Code/LearnC/FreeRTOS/freertos-pico/FreeRTOS-Kernel/portable/MemMang/heap_4.c.obj
 .bss.xNumberOfSuccessfulFrees
                0x200209ac        0x4 CMakeFiles/blink.dir/C_/Users/taehy/Desktop/Code/LearnC/FreeRTOS/freertos-pico/FreeRTOS-Kernel/portable/MemMang/heap_4.c.obj
 .bss.xPendedTicks
                0x200209b0        0x4 CMakeFiles/blink.dir/C_/Users/taehy/Desktop/Code/LearnC/FreeRTOS/freertos-pico/FreeRTOS-Kernel/tasks.c.obj
 .bss.xPendingReadyList
                0x200209b4       0x14 CMakeFiles/blink.dir/C_/Users/taehy/Desktop/Code/LearnC/FreeRTOS/freertos-pico/FreeRTOS-Kernel/tasks.c.obj
 .bss.xSchedulerRunning
                0x200209c8        0x4 CMakeFiles/blink.dir/C_/Users/taehy/Desktop/Code/LearnC/FreeRTOS/freertos-pico/FreeRTOS-Kernel/tasks.c.obj
 .bss.xStart    0x200209cc        0x8 CMakeFiles/blink.dir/C_/Users/taehy/Desktop/Code/LearnC/FreeRTOS/freertos-pico/FreeRTOS-Kernel/portable/MemMang/heap_4.c.obj
 .bss.xSuspendedTaskList
                0x200209d4       0x14 CMakeFiles/blink.dir/C_/Users/taehy/Desktop/Code/LearnC/FreeRTOS/freertos-pico/FreeRTOS-Kernel/tasks.c.obj
 .bss.xTasksWaitingTermination
                0x200209e8       0x14 CMakeFiles/blink.dir/C_/Users/taehy/Desktop/Code/LearnC/FreeRTOS/freertos-pico/FreeRTOS-Kernel/tasks.c.obj
 .bss.xTickCount
                0x200209fc        0x4 CMakeFiles/blink.dir/C_/Users/taehy/Desktop/Code/LearnC/FreeRTOS/freertos-pico/FreeRTOS-Kernel/tasks.c.obj
 .bss.xTimerQueue
                0x20020a00        0x4 CMakeFiles/blink.dir/C_/Users/taehy/Desktop/Code/LearnC/FreeRTOS/freertos-pico/FreeRTOS-Kernel/timers.c.obj
 .bss.xTimerTaskHandle
                0x20020a04        0x4 CMakeFiles/blink.dir/C_/Users/taehy/Desktop/Code/LearnC/FreeRTOS/freertos-pico/FreeRTOS-Kernel/timers.c.obj
 .bss.xYieldPendings
                0x20020a08        0x8 CMakeFiles/blink.dir/C_/Users/taehy/Desktop/Code/LearnC/FreeRTOS/freertos-pico/FreeRTOS-Kernel/tasks.c.obj
 .bss.claimed   0x20020a10        0x1 CMakeFiles/blink.dir/C_/Users/taehy/Desktop/RaspberryPi/pico-sdk/src/rp2_common/hardware_timer/timer.c.obj
 .bss.irq_hander_chain_free_slot_head
                0x20020a11        0x1 CMakeFiles/blink.dir/C_/Users/taehy/Desktop/RaspberryPi/pico-sdk/src/rp2_common/hardware_irq/irq.c.obj
 .bss.timer_callbacks_pending
                0x20020a12        0x1 CMakeFiles/blink.dir/C_/Users/taehy/Desktop/RaspberryPi/pico-sdk/src/rp2_common/hardware_timer/timer.c.obj
 *(COMMON)
                0x20020a14                . = ALIGN (0x4)
 *fill*         0x20020a13        0x1 
                0x20020a14                __bss_end__ = .

.heap           0x20020a14      0x800
                0x20020a14                __end__ = .
                0x20020a14                end = __end__
 *(.heap*)
 .heap          0x20020a14      0x800 CMakeFiles/blink.dir/C_/Users/taehy/Desktop/RaspberryPi/pico-sdk/src/rp2_common/pico_standard_link/crt0.S.obj
                0x20021214                __HeapLimit = .

.stack1_dummy   0x20040000      0x800
 *(.stack1*)
 .stack1        0x20040000      0x800 CMakeFiles/blink.dir/C_/Users/taehy/Desktop/RaspberryPi/pico-sdk/src/rp2_common/pico_multicore/multicore.c.obj

.stack_dummy    0x20041000      0x800
 *(.stack*)
 .stack         0x20041000      0x800 CMakeFiles/blink.dir/C_/Users/taehy/Desktop/RaspberryPi/pico-sdk/src/rp2_common/pico_standard_link/crt0.S.obj

.flash_end      0x100052f4        0x0
                0x100052f4                __flash_binary_end = .
                0x20040000                __StackLimit = (ORIGIN (RAM) + LENGTH (RAM))
                0x20041000                __StackOneTop = (ORIGIN (SCRATCH_X) + LENGTH (SCRATCH_X))
                0x20042000                __StackTop = (ORIGIN (SCRATCH_Y) + LENGTH (SCRATCH_Y))
                0x20040800                __StackOneBottom = (__StackOneTop - SIZEOF (.stack1_dummy))
                0x20041800                __StackBottom = (__StackTop - SIZEOF (.stack_dummy))
                0x20042000                PROVIDE (__stack = __StackTop)
                0x00000001                ASSERT ((__StackLimit >= __HeapLimit), region RAM overflowed)
                0x00000001                ASSERT (((__binary_info_header_end - __logical_binary_start) <= 0x100), Binary info must be in first 256 bytes of the binary)
LOAD CMakeFiles/blink.dir/main.c.obj
LOAD CMakeFiles/blink.dir/C_/Users/taehy/Desktop/RaspberryPi/pico-sdk/src/rp2_common/pico_stdlib/stdlib.c.obj
LOAD CMakeFiles/blink.dir/C_/Users/taehy/Desktop/RaspberryPi/pico-sdk/src/rp2_common/hardware_gpio/gpio.c.obj
LOAD CMakeFiles/blink.dir/C_/Users/taehy/Desktop/RaspberryPi/pico-sdk/src/rp2_common/hardware_claim/claim.c.obj
LOAD CMakeFiles/blink.dir/C_/Users/taehy/Desktop/RaspberryPi/pico-sdk/src/rp2_common/pico_platform/platform.c.obj
LOAD CMakeFiles/blink.dir/C_/Users/taehy/Desktop/RaspberryPi/pico-sdk/src/rp2_common/hardware_sync/sync.c.obj
LOAD CMakeFiles/blink.dir/C_/Users/taehy/Desktop/RaspberryPi/pico-sdk/src/rp2_common/hardware_uart/uart.c.obj
LOAD CMakeFiles/blink.dir/C_/Users/taehy/Desktop/RaspberryPi/pico-sdk/src/rp2_common/hardware_divider/divider.S.obj
LOAD CMakeFiles/blink.dir/C_/Users/taehy/Desktop/RaspberryPi/pico-sdk/src/common/pico_time/time.c.obj
LOAD CMakeFiles/blink.dir/C_/Users/taehy/Desktop/RaspberryPi/pico-sdk/src/common/pico_time/timeout_helper.c.obj
LOAD CMakeFiles/blink.dir/C_/Users/taehy/Desktop/RaspberryPi/pico-sdk/src/rp2_common/hardware_timer/timer.c.obj
LOAD CMakeFiles/blink.dir/C_/Users/taehy/Desktop/RaspberryPi/pico-sdk/src/common/pico_sync/sem.c.obj
LOAD CMakeFiles/blink.dir/C_/Users/taehy/Desktop/RaspberryPi/pico-sdk/src/common/pico_sync/lock_core.c.obj
LOAD CMakeFiles/blink.dir/C_/Users/taehy/Desktop/RaspberryPi/pico-sdk/src/common/pico_sync/mutex.c.obj
LOAD CMakeFiles/blink.dir/C_/Users/taehy/Desktop/RaspberryPi/pico-sdk/src/common/pico_sync/critical_section.c.obj
LOAD CMakeFiles/blink.dir/C_/Users/taehy/Desktop/RaspberryPi/pico-sdk/src/common/pico_util/datetime.c.obj
LOAD CMakeFiles/blink.dir/C_/Users/taehy/Desktop/RaspberryPi/pico-sdk/src/common/pico_util/pheap.c.obj
LOAD CMakeFiles/blink.dir/C_/Users/taehy/Desktop/RaspberryPi/pico-sdk/src/common/pico_util/queue.c.obj
LOAD CMakeFiles/blink.dir/C_/Users/taehy/Desktop/RaspberryPi/pico-sdk/src/rp2_common/pico_runtime/runtime.c.obj
LOAD CMakeFiles/blink.dir/C_/Users/taehy/Desktop/RaspberryPi/pico-sdk/src/rp2_common/hardware_clocks/clocks.c.obj
LOAD CMakeFiles/blink.dir/C_/Users/taehy/Desktop/RaspberryPi/pico-sdk/src/rp2_common/hardware_irq/irq.c.obj
LOAD CMakeFiles/blink.dir/C_/Users/taehy/Desktop/RaspberryPi/pico-sdk/src/rp2_common/hardware_irq/irq_handler_chain.S.obj
LOAD CMakeFiles/blink.dir/C_/Users/taehy/Desktop/RaspberryPi/pico-sdk/src/rp2_common/hardware_pll/pll.c.obj
LOAD CMakeFiles/blink.dir/C_/Users/taehy/Desktop/RaspberryPi/pico-sdk/src/rp2_common/hardware_vreg/vreg.c.obj
LOAD CMakeFiles/blink.dir/C_/Users/taehy/Desktop/RaspberryPi/pico-sdk/src/rp2_common/hardware_watchdog/watchdog.c.obj
LOAD CMakeFiles/blink.dir/C_/Users/taehy/Desktop/RaspberryPi/pico-sdk/src/rp2_common/hardware_xosc/xosc.c.obj
LOAD CMakeFiles/blink.dir/C_/Users/taehy/Desktop/RaspberryPi/pico-sdk/src/rp2_common/pico_printf/printf.c.obj
LOAD CMakeFiles/blink.dir/C_/Users/taehy/Desktop/RaspberryPi/pico-sdk/src/rp2_common/pico_bit_ops/bit_ops_aeabi.S.obj
LOAD CMakeFiles/blink.dir/C_/Users/taehy/Desktop/RaspberryPi/pico-sdk/src/rp2_common/pico_bootrom/bootrom.c.obj
LOAD CMakeFiles/blink.dir/C_/Users/taehy/Desktop/RaspberryPi/pico-sdk/src/rp2_common/pico_divider/divider.S.obj
LOAD CMakeFiles/blink.dir/C_/Users/taehy/Desktop/RaspberryPi/pico-sdk/src/rp2_common/pico_double/double_aeabi.S.obj
LOAD CMakeFiles/blink.dir/C_/Users/taehy/Desktop/RaspberryPi/pico-sdk/src/rp2_common/pico_double/double_init_rom.c.obj
LOAD CMakeFiles/blink.dir/C_/Users/taehy/Desktop/RaspberryPi/pico-sdk/src/rp2_common/pico_double/double_math.c.obj
LOAD CMakeFiles/blink.dir/C_/Users/taehy/Desktop/RaspberryPi/pico-sdk/src/rp2_common/pico_double/double_v1_rom_shim.S.obj
LOAD CMakeFiles/blink.dir/C_/Users/taehy/Desktop/RaspberryPi/pico-sdk/src/rp2_common/pico_int64_ops/pico_int64_ops_aeabi.S.obj
LOAD CMakeFiles/blink.dir/C_/Users/taehy/Desktop/RaspberryPi/pico-sdk/src/rp2_common/pico_float/float_aeabi.S.obj
LOAD CMakeFiles/blink.dir/C_/Users/taehy/Desktop/RaspberryPi/pico-sdk/src/rp2_common/pico_float/float_init_rom.c.obj
LOAD CMakeFiles/blink.dir/C_/Users/taehy/Desktop/RaspberryPi/pico-sdk/src/rp2_common/pico_float/float_math.c.obj
LOAD CMakeFiles/blink.dir/C_/Users/taehy/Desktop/RaspberryPi/pico-sdk/src/rp2_common/pico_float/float_v1_rom_shim.S.obj
LOAD CMakeFiles/blink.dir/C_/Users/taehy/Desktop/RaspberryPi/pico-sdk/src/rp2_common/pico_malloc/pico_malloc.c.obj
LOAD CMakeFiles/blink.dir/C_/Users/taehy/Desktop/RaspberryPi/pico-sdk/src/rp2_common/pico_mem_ops/mem_ops_aeabi.S.obj
LOAD CMakeFiles/blink.dir/C_/Users/taehy/Desktop/RaspberryPi/pico-sdk/src/rp2_common/pico_standard_link/crt0.S.obj
LOAD CMakeFiles/blink.dir/C_/Users/taehy/Desktop/RaspberryPi/pico-sdk/src/rp2_common/pico_standard_link/new_delete.cpp.obj
LOAD CMakeFiles/blink.dir/C_/Users/taehy/Desktop/RaspberryPi/pico-sdk/src/rp2_common/pico_standard_link/binary_info.c.obj
LOAD CMakeFiles/blink.dir/C_/Users/taehy/Desktop/RaspberryPi/pico-sdk/src/rp2_common/pico_stdio/stdio.c.obj
LOAD CMakeFiles/blink.dir/C_/Users/taehy/Desktop/RaspberryPi/pico-sdk/src/rp2_common/pico_stdio_uart/stdio_uart.c.obj
LOAD CMakeFiles/blink.dir/C_/Users/taehy/Desktop/Code/LearnC/FreeRTOS/freertos-pico/FreeRTOS-Kernel/portable/ThirdParty/GCC/RP2040/port.c.obj
LOAD CMakeFiles/blink.dir/C_/Users/taehy/Desktop/Code/LearnC/FreeRTOS/freertos-pico/FreeRTOS-Kernel/croutine.c.obj
LOAD CMakeFiles/blink.dir/C_/Users/taehy/Desktop/Code/LearnC/FreeRTOS/freertos-pico/FreeRTOS-Kernel/event_groups.c.obj
LOAD CMakeFiles/blink.dir/C_/Users/taehy/Desktop/Code/LearnC/FreeRTOS/freertos-pico/FreeRTOS-Kernel/list.c.obj
LOAD CMakeFiles/blink.dir/C_/Users/taehy/Desktop/Code/LearnC/FreeRTOS/freertos-pico/FreeRTOS-Kernel/queue.c.obj
LOAD CMakeFiles/blink.dir/C_/Users/taehy/Desktop/Code/LearnC/FreeRTOS/freertos-pico/FreeRTOS-Kernel/stream_buffer.c.obj
LOAD CMakeFiles/blink.dir/C_/Users/taehy/Desktop/Code/LearnC/FreeRTOS/freertos-pico/FreeRTOS-Kernel/tasks.c.obj
LOAD CMakeFiles/blink.dir/C_/Users/taehy/Desktop/Code/LearnC/FreeRTOS/freertos-pico/FreeRTOS-Kernel/timers.c.obj
LOAD CMakeFiles/blink.dir/C_/Users/taehy/Desktop/RaspberryPi/pico-sdk/src/rp2_common/hardware_exception/exception.c.obj
LOAD CMakeFiles/blink.dir/C_/Users/taehy/Desktop/RaspberryPi/pico-sdk/src/rp2_common/pico_multicore/multicore.c.obj
LOAD CMakeFiles/blink.dir/C_/Users/taehy/Desktop/Code/LearnC/FreeRTOS/freertos-pico/FreeRTOS-Kernel/portable/MemMang/heap_4.c.obj
LOAD C:\Users\taehy\AppData\Local\Temp\ccu4qp8J.o
LOAD c:/progra~2/gnuarm~1/102021~1.10/bin/../lib/gcc/arm-none-eabi/10.3.1/../../../../arm-none-eabi/lib/thumb/v6-m/nofp\libstdc++.a
LOAD c:/progra~2/gnuarm~1/102021~1.10/bin/../lib/gcc/arm-none-eabi/10.3.1/../../../../arm-none-eabi/lib/thumb/v6-m/nofp\libm.a
START GROUP
LOAD c:/progra~2/gnuarm~1/102021~1.10/bin/../lib/gcc/arm-none-eabi/10.3.1/thumb/v6-m/nofp\libgcc.a
LOAD c:/progra~2/gnuarm~1/102021~1.10/bin/../lib/gcc/arm-none-eabi/10.3.1/../../../../arm-none-eabi/lib/thumb/v6-m/nofp\libc.a
END GROUP
START GROUP
LOAD c:/progra~2/gnuarm~1/102021~1.10/bin/../lib/gcc/arm-none-eabi/10.3.1/thumb/v6-m/nofp\libgcc.a
LOAD c:/progra~2/gnuarm~1/102021~1.10/bin/../lib/gcc/arm-none-eabi/10.3.1/../../../../arm-none-eabi/lib/thumb/v6-m/nofp\libc.a
LOAD c:/progra~2/gnuarm~1/102021~1.10/bin/../lib/gcc/arm-none-eabi/10.3.1/../../../../arm-none-eabi/lib/thumb/v6-m/nofp\libnosys.a
END GROUP
LOAD c:/progra~2/gnuarm~1/102021~1.10/bin/../lib/gcc/arm-none-eabi/10.3.1/thumb/v6-m/nofp/crtend.o
LOAD c:/progra~2/gnuarm~1/102021~1.10/bin/../lib/gcc/arm-none-eabi/10.3.1/thumb/v6-m/nofp/crtn.o
OUTPUT(blink.elf elf32-littlearm)
LOAD linker stubs

.ARM.attributes
                0x00000000       0x28
 .ARM.attributes
                0x00000000       0x1e c:/progra~2/gnuarm~1/102021~1.10/bin/../lib/gcc/arm-none-eabi/10.3.1/thumb/v6-m/nofp/crti.o
 .ARM.attributes
                0x0000001e       0x2c c:/progra~2/gnuarm~1/102021~1.10/bin/../lib/gcc/arm-none-eabi/10.3.1/thumb/v6-m/nofp/crtbegin.o
 .ARM.attributes
                0x0000004a       0x2c CMakeFiles/blink.dir/main.c.obj
 .ARM.attributes
                0x00000076       0x2c CMakeFiles/blink.dir/C_/Users/taehy/Desktop/RaspberryPi/pico-sdk/src/rp2_common/hardware_gpio/gpio.c.obj
 .ARM.attributes
                0x000000a2       0x2c CMakeFiles/blink.dir/C_/Users/taehy/Desktop/RaspberryPi/pico-sdk/src/rp2_common/hardware_claim/claim.c.obj
 .ARM.attributes
                0x000000ce       0x2c CMakeFiles/blink.dir/C_/Users/taehy/Desktop/RaspberryPi/pico-sdk/src/rp2_common/pico_platform/platform.c.obj
 .ARM.attributes
                0x000000fa       0x2c CMakeFiles/blink.dir/C_/Users/taehy/Desktop/RaspberryPi/pico-sdk/src/rp2_common/hardware_sync/sync.c.obj
 .ARM.attributes
                0x00000126       0x2c CMakeFiles/blink.dir/C_/Users/taehy/Desktop/RaspberryPi/pico-sdk/src/common/pico_time/time.c.obj
 .ARM.attributes
                0x00000152       0x2c CMakeFiles/blink.dir/C_/Users/taehy/Desktop/RaspberryPi/pico-sdk/src/rp2_common/hardware_timer/timer.c.obj
 .ARM.attributes
                0x0000017e       0x2c CMakeFiles/blink.dir/C_/Users/taehy/Desktop/RaspberryPi/pico-sdk/src/common/pico_sync/lock_core.c.obj
 .ARM.attributes
                0x000001aa       0x2c CMakeFiles/blink.dir/C_/Users/taehy/Desktop/RaspberryPi/pico-sdk/src/common/pico_sync/mutex.c.obj
 .ARM.attributes
                0x000001d6       0x2c CMakeFiles/blink.dir/C_/Users/taehy/Desktop/RaspberryPi/pico-sdk/src/common/pico_util/pheap.c.obj
 .ARM.attributes
                0x00000202       0x2c CMakeFiles/blink.dir/C_/Users/taehy/Desktop/RaspberryPi/pico-sdk/src/rp2_common/pico_runtime/runtime.c.obj
 .ARM.attributes
                0x0000022e       0x2c CMakeFiles/blink.dir/C_/Users/taehy/Desktop/RaspberryPi/pico-sdk/src/rp2_common/hardware_clocks/clocks.c.obj
 .ARM.attributes
                0x0000025a       0x2c CMakeFiles/blink.dir/C_/Users/taehy/Desktop/RaspberryPi/pico-sdk/src/rp2_common/hardware_irq/irq.c.obj
 .ARM.attributes
                0x00000286       0x22 CMakeFiles/blink.dir/C_/Users/taehy/Desktop/RaspberryPi/pico-sdk/src/rp2_common/hardware_irq/irq_handler_chain.S.obj
 .ARM.attributes
                0x000002a8       0x2c CMakeFiles/blink.dir/C_/Users/taehy/Desktop/RaspberryPi/pico-sdk/src/rp2_common/hardware_pll/pll.c.obj
 .ARM.attributes
                0x000002d4       0x2c CMakeFiles/blink.dir/C_/Users/taehy/Desktop/RaspberryPi/pico-sdk/src/rp2_common/hardware_watchdog/watchdog.c.obj
 .ARM.attributes
                0x00000300       0x2c CMakeFiles/blink.dir/C_/Users/taehy/Desktop/RaspberryPi/pico-sdk/src/rp2_common/hardware_xosc/xosc.c.obj
 .ARM.attributes
                0x0000032c       0x2c CMakeFiles/blink.dir/C_/Users/taehy/Desktop/RaspberryPi/pico-sdk/src/rp2_common/pico_printf/printf.c.obj
 .ARM.attributes
                0x00000358       0x22 CMakeFiles/blink.dir/C_/Users/taehy/Desktop/RaspberryPi/pico-sdk/src/rp2_common/pico_bit_ops/bit_ops_aeabi.S.obj
 .ARM.attributes
                0x0000037a       0x2c CMakeFiles/blink.dir/C_/Users/taehy/Desktop/RaspberryPi/pico-sdk/src/rp2_common/pico_bootrom/bootrom.c.obj
 .ARM.attributes
                0x000003a6       0x22 CMakeFiles/blink.dir/C_/Users/taehy/Desktop/RaspberryPi/pico-sdk/src/rp2_common/pico_divider/divider.S.obj
 .ARM.attributes
                0x000003c8       0x22 CMakeFiles/blink.dir/C_/Users/taehy/Desktop/RaspberryPi/pico-sdk/src/rp2_common/pico_double/double_aeabi.S.obj
 .ARM.attributes
                0x000003ea       0x2c CMakeFiles/blink.dir/C_/Users/taehy/Desktop/RaspberryPi/pico-sdk/src/rp2_common/pico_double/double_init_rom.c.obj
 .ARM.attributes
                0x00000416       0x22 CMakeFiles/blink.dir/C_/Users/taehy/Desktop/RaspberryPi/pico-sdk/src/rp2_common/pico_double/double_v1_rom_shim.S.obj
 .ARM.attributes
                0x00000438       0x22 CMakeFiles/blink.dir/C_/Users/taehy/Desktop/RaspberryPi/pico-sdk/src/rp2_common/pico_float/float_aeabi.S.obj
 .ARM.attributes
                0x0000045a       0x2c CMakeFiles/blink.dir/C_/Users/taehy/Desktop/RaspberryPi/pico-sdk/src/rp2_common/pico_float/float_init_rom.c.obj
 .ARM.attributes
                0x00000486       0x22 CMakeFiles/blink.dir/C_/Users/taehy/Desktop/RaspberryPi/pico-sdk/src/rp2_common/pico_float/float_v1_rom_shim.S.obj
 .ARM.attributes
                0x000004a8       0x2c CMakeFiles/blink.dir/C_/Users/taehy/Desktop/RaspberryPi/pico-sdk/src/rp2_common/pico_malloc/pico_malloc.c.obj
 .ARM.attributes
                0x000004d4       0x22 CMakeFiles/blink.dir/C_/Users/taehy/Desktop/RaspberryPi/pico-sdk/src/rp2_common/pico_mem_ops/mem_ops_aeabi.S.obj
 .ARM.attributes
                0x000004f6       0x22 CMakeFiles/blink.dir/C_/Users/taehy/Desktop/RaspberryPi/pico-sdk/src/rp2_common/pico_standard_link/crt0.S.obj
 .ARM.attributes
                0x00000518       0x2c CMakeFiles/blink.dir/C_/Users/taehy/Desktop/RaspberryPi/pico-sdk/src/rp2_common/pico_standard_link/binary_info.c.obj
 .ARM.attributes
                0x00000544       0x2c CMakeFiles/blink.dir/C_/Users/taehy/Desktop/RaspberryPi/pico-sdk/src/rp2_common/pico_stdio/stdio.c.obj
 .ARM.attributes
                0x00000570       0x2c CMakeFiles/blink.dir/C_/Users/taehy/Desktop/Code/LearnC/FreeRTOS/freertos-pico/FreeRTOS-Kernel/portable/ThirdParty/GCC/RP2040/port.c.obj
 .ARM.attributes
                0x0000059c       0x2c CMakeFiles/blink.dir/C_/Users/taehy/Desktop/Code/LearnC/FreeRTOS/freertos-pico/FreeRTOS-Kernel/event_groups.c.obj
 .ARM.attributes
                0x000005c8       0x2c CMakeFiles/blink.dir/C_/Users/taehy/Desktop/Code/LearnC/FreeRTOS/freertos-pico/FreeRTOS-Kernel/list.c.obj
 .ARM.attributes
                0x000005f4       0x2c CMakeFiles/blink.dir/C_/Users/taehy/Desktop/Code/LearnC/FreeRTOS/freertos-pico/FreeRTOS-Kernel/queue.c.obj
 .ARM.attributes
                0x00000620       0x2c CMakeFiles/blink.dir/C_/Users/taehy/Desktop/Code/LearnC/FreeRTOS/freertos-pico/FreeRTOS-Kernel/tasks.c.obj
 .ARM.attributes
                0x0000064c       0x2c CMakeFiles/blink.dir/C_/Users/taehy/Desktop/Code/LearnC/FreeRTOS/freertos-pico/FreeRTOS-Kernel/timers.c.obj
 .ARM.attributes
                0x00000678       0x2c CMakeFiles/blink.dir/C_/Users/taehy/Desktop/RaspberryPi/pico-sdk/src/rp2_common/hardware_exception/exception.c.obj
 .ARM.attributes
                0x000006a4       0x2c CMakeFiles/blink.dir/C_/Users/taehy/Desktop/RaspberryPi/pico-sdk/src/rp2_common/pico_multicore/multicore.c.obj
 .ARM.attributes
                0x000006d0       0x2c CMakeFiles/blink.dir/C_/Users/taehy/Desktop/Code/LearnC/FreeRTOS/freertos-pico/FreeRTOS-Kernel/portable/MemMang/heap_4.c.obj
 .ARM.attributes
                0x000006fc       0x22 C:\Users\taehy\AppData\Local\Temp\ccu4qp8J.o
 .ARM.attributes
                0x0000071e       0x1e c:/progra~2/gnuarm~1/102021~1.10/bin/../lib/gcc/arm-none-eabi/10.3.1/thumb/v6-m/nofp\libgcc.a(_dvmd_tls.o)
 .ARM.attributes
                0x0000073c       0x2c c:/progra~2/gnuarm~1/102021~1.10/bin/../lib/gcc/arm-none-eabi/10.3.1/../../../../arm-none-eabi/lib/thumb/v6-m/nofp\libc.a(lib_a-strlen-stub.o)

.comment        0x00000000       0x49
 .comment       0x00000000       0x49 CMakeFiles/blink.dir/main.c.obj
                                 0x4a (size before relaxing)
 .comment       0x00000049       0x4a CMakeFiles/blink.dir/C_/Users/taehy/Desktop/RaspberryPi/pico-sdk/src/rp2_common/hardware_gpio/gpio.c.obj
 .comment       0x00000049       0x4a CMakeFiles/blink.dir/C_/Users/taehy/Desktop/RaspberryPi/pico-sdk/src/rp2_common/hardware_claim/claim.c.obj
 .comment       0x00000049       0x4a CMakeFiles/blink.dir/C_/Users/taehy/Desktop/RaspberryPi/pico-sdk/src/rp2_common/pico_platform/platform.c.obj
 .comment       0x00000049       0x4a CMakeFiles/blink.dir/C_/Users/taehy/Desktop/RaspberryPi/pico-sdk/src/rp2_common/hardware_sync/sync.c.obj
 .comment       0x00000049       0x4a CMakeFiles/blink.dir/C_/Users/taehy/Desktop/RaspberryPi/pico-sdk/src/common/pico_time/time.c.obj
 .comment       0x00000049       0x4a CMakeFiles/blink.dir/C_/Users/taehy/Desktop/RaspberryPi/pico-sdk/src/rp2_common/hardware_timer/timer.c.obj
 .comment       0x00000049       0x4a CMakeFiles/blink.dir/C_/Users/taehy/Desktop/RaspberryPi/pico-sdk/src/common/pico_sync/lock_core.c.obj
 .comment       0x00000049       0x4a CMakeFiles/blink.dir/C_/Users/taehy/Desktop/RaspberryPi/pico-sdk/src/common/pico_sync/mutex.c.obj
 .comment       0x00000049       0x4a CMakeFiles/blink.dir/C_/Users/taehy/Desktop/RaspberryPi/pico-sdk/src/common/pico_util/pheap.c.obj
 .comment       0x00000049       0x4a CMakeFiles/blink.dir/C_/Users/taehy/Desktop/RaspberryPi/pico-sdk/src/rp2_common/pico_runtime/runtime.c.obj
 .comment       0x00000049       0x4a CMakeFiles/blink.dir/C_/Users/taehy/Desktop/RaspberryPi/pico-sdk/src/rp2_common/hardware_clocks/clocks.c.obj
 .comment       0x00000049       0x4a CMakeFiles/blink.dir/C_/Users/taehy/Desktop/RaspberryPi/pico-sdk/src/rp2_common/hardware_irq/irq.c.obj
 .comment       0x00000049       0x4a CMakeFiles/blink.dir/C_/Users/taehy/Desktop/RaspberryPi/pico-sdk/src/rp2_common/hardware_pll/pll.c.obj
 .comment       0x00000049       0x4a CMakeFiles/blink.dir/C_/Users/taehy/Desktop/RaspberryPi/pico-sdk/src/rp2_common/hardware_watchdog/watchdog.c.obj
 .comment       0x00000049       0x4a CMakeFiles/blink.dir/C_/Users/taehy/Desktop/RaspberryPi/pico-sdk/src/rp2_common/hardware_xosc/xosc.c.obj
 .comment       0x00000049       0x4a CMakeFiles/blink.dir/C_/Users/taehy/Desktop/RaspberryPi/pico-sdk/src/rp2_common/pico_printf/printf.c.obj
 .comment       0x00000049       0x4a CMakeFiles/blink.dir/C_/Users/taehy/Desktop/RaspberryPi/pico-sdk/src/rp2_common/pico_bootrom/bootrom.c.obj
 .comment       0x00000049       0x4a CMakeFiles/blink.dir/C_/Users/taehy/Desktop/RaspberryPi/pico-sdk/src/rp2_common/pico_double/double_init_rom.c.obj
 .comment       0x00000049       0x4a CMakeFiles/blink.dir/C_/Users/taehy/Desktop/RaspberryPi/pico-sdk/src/rp2_common/pico_float/float_init_rom.c.obj
 .comment       0x00000049       0x4a CMakeFiles/blink.dir/C_/Users/taehy/Desktop/RaspberryPi/pico-sdk/src/rp2_common/pico_malloc/pico_malloc.c.obj
 .comment       0x00000049       0x4a CMakeFiles/blink.dir/C_/Users/taehy/Desktop/RaspberryPi/pico-sdk/src/rp2_common/pico_standard_link/binary_info.c.obj
 .comment       0x00000049       0x4a CMakeFiles/blink.dir/C_/Users/taehy/Desktop/RaspberryPi/pico-sdk/src/rp2_common/pico_stdio/stdio.c.obj
 .comment       0x00000049       0x4a CMakeFiles/blink.dir/C_/Users/taehy/Desktop/Code/LearnC/FreeRTOS/freertos-pico/FreeRTOS-Kernel/portable/ThirdParty/GCC/RP2040/port.c.obj
 .comment       0x00000049       0x4a CMakeFiles/blink.dir/C_/Users/taehy/Desktop/Code/LearnC/FreeRTOS/freertos-pico/FreeRTOS-Kernel/event_groups.c.obj
 .comment       0x00000049       0x4a CMakeFiles/blink.dir/C_/Users/taehy/Desktop/Code/LearnC/FreeRTOS/freertos-pico/FreeRTOS-Kernel/list.c.obj
 .comment       0x00000049       0x4a CMakeFiles/blink.dir/C_/Users/taehy/Desktop/Code/LearnC/FreeRTOS/freertos-pico/FreeRTOS-Kernel/queue.c.obj
 .comment       0x00000049       0x4a CMakeFiles/blink.dir/C_/Users/taehy/Desktop/Code/LearnC/FreeRTOS/freertos-pico/FreeRTOS-Kernel/tasks.c.obj
 .comment       0x00000049       0x4a CMakeFiles/blink.dir/C_/Users/taehy/Desktop/Code/LearnC/FreeRTOS/freertos-pico/FreeRTOS-Kernel/timers.c.obj
 .comment       0x00000049       0x4a CMakeFiles/blink.dir/C_/Users/taehy/Desktop/RaspberryPi/pico-sdk/src/rp2_common/hardware_exception/exception.c.obj
 .comment       0x00000049       0x4a CMakeFiles/blink.dir/C_/Users/taehy/Desktop/RaspberryPi/pico-sdk/src/rp2_common/pico_multicore/multicore.c.obj
 .comment       0x00000049       0x4a CMakeFiles/blink.dir/C_/Users/taehy/Desktop/Code/LearnC/FreeRTOS/freertos-pico/FreeRTOS-Kernel/portable/MemMang/heap_4.c.obj

.debug_frame    0x00000000       0x28
 .debug_frame   0x00000000       0x28 c:/progra~2/gnuarm~1/102021~1.10/bin/../lib/gcc/arm-none-eabi/10.3.1/../../../../arm-none-eabi/lib/thumb/v6-m/nofp\libc.a(lib_a-strlen-stub.o)
